Archive member included to satisfy reference by file (symbol)

/Applications/ArmGNUToolchain/14.3.rel1/arm-none-eabi/bin/../lib/gcc/arm-none-eabi/14.3.1/../../../../arm-none-eabi/lib/thumb/v6-m/nofp/libm.a(libm_a-sf_fmin.o)
                              CMakeFiles/week10_integration.dir/main.c.o (fminf)
/Applications/ArmGNUToolchain/14.3.rel1/arm-none-eabi/bin/../lib/gcc/arm-none-eabi/14.3.1/../../../../arm-none-eabi/lib/thumb/v6-m/nofp/libm.a(libm_a-sf_fpclassify.o)
                              /Applications/ArmGNUToolchain/14.3.rel1/arm-none-eabi/bin/../lib/gcc/arm-none-eabi/14.3.1/../../../../arm-none-eabi/lib/thumb/v6-m/nofp/libm.a(libm_a-sf_fmin.o) (__fpclassifyf)
/Applications/ArmGNUToolchain/14.3.rel1/arm-none-eabi/bin/../lib/gcc/arm-none-eabi/14.3.1/thumb/v6-m/nofp/libgcc.a(_dvmd_tls.o)
                              CMakeFiles/week10_integration.dir/Users/metta/pico-sdk/src/rp2_common/pico_divider/divider_hardware.S.o (__aeabi_idiv0)
/Applications/ArmGNUToolchain/14.3.rel1/arm-none-eabi/bin/../lib/gcc/arm-none-eabi/14.3.1/../../../../arm-none-eabi/lib/thumb/v6-m/nofp/libg.a(libc_a-atoi.o)
                              CMakeFiles/week10_integration.dir/Users/metta/pico-sdk/lib/lwip/src/core/netif.c.o (atoi)
/Applications/ArmGNUToolchain/14.3.rel1/arm-none-eabi/bin/../lib/gcc/arm-none-eabi/14.3.1/../../../../arm-none-eabi/lib/thumb/v6-m/nofp/libg.a(libc_a-calloc.o)
                              CMakeFiles/week10_integration.dir/Users/metta/pico-sdk/src/rp2_common/pico_malloc/malloc.c.o (calloc)
/Applications/ArmGNUToolchain/14.3.rel1/arm-none-eabi/bin/../lib/gcc/arm-none-eabi/14.3.1/../../../../arm-none-eabi/lib/thumb/v6-m/nofp/libg.a(libc_a-callocr.o)
                              /Applications/ArmGNUToolchain/14.3.rel1/arm-none-eabi/bin/../lib/gcc/arm-none-eabi/14.3.1/../../../../arm-none-eabi/lib/thumb/v6-m/nofp/libg.a(libc_a-calloc.o) (_calloc_r)
/Applications/ArmGNUToolchain/14.3.rel1/arm-none-eabi/bin/../lib/gcc/arm-none-eabi/14.3.1/../../../../arm-none-eabi/lib/thumb/v6-m/nofp/libg.a(libc_a-malloc.o)
                              CMakeFiles/week10_integration.dir/Users/metta/pico-sdk/src/rp2_common/pico_malloc/malloc.c.o (malloc)
/Applications/ArmGNUToolchain/14.3.rel1/arm-none-eabi/bin/../lib/gcc/arm-none-eabi/14.3.1/../../../../arm-none-eabi/lib/thumb/v6-m/nofp/libg.a(libc_a-mallocr.o)
                              /Applications/ArmGNUToolchain/14.3.rel1/arm-none-eabi/bin/../lib/gcc/arm-none-eabi/14.3.1/../../../../arm-none-eabi/lib/thumb/v6-m/nofp/libg.a(libc_a-callocr.o) (_malloc_r)
/Applications/ArmGNUToolchain/14.3.rel1/arm-none-eabi/bin/../lib/gcc/arm-none-eabi/14.3.1/../../../../arm-none-eabi/lib/thumb/v6-m/nofp/libg.a(libc_a-mlock.o)
                              /Applications/ArmGNUToolchain/14.3.rel1/arm-none-eabi/bin/../lib/gcc/arm-none-eabi/14.3.1/../../../../arm-none-eabi/lib/thumb/v6-m/nofp/libg.a(libc_a-mallocr.o) (__malloc_lock)
/Applications/ArmGNUToolchain/14.3.rel1/arm-none-eabi/bin/../lib/gcc/arm-none-eabi/14.3.1/../../../../arm-none-eabi/lib/thumb/v6-m/nofp/libg.a(libc_a-realloc.o)
                              CMakeFiles/week10_integration.dir/Users/metta/pico-sdk/src/rp2_common/pico_malloc/malloc.c.o (realloc)
/Applications/ArmGNUToolchain/14.3.rel1/arm-none-eabi/bin/../lib/gcc/arm-none-eabi/14.3.1/../../../../arm-none-eabi/lib/thumb/v6-m/nofp/libg.a(libc_a-reallocr.o)
                              /Applications/ArmGNUToolchain/14.3.rel1/arm-none-eabi/bin/../lib/gcc/arm-none-eabi/14.3.1/../../../../arm-none-eabi/lib/thumb/v6-m/nofp/libg.a(libc_a-realloc.o) (_realloc_r)
/Applications/ArmGNUToolchain/14.3.rel1/arm-none-eabi/bin/../lib/gcc/arm-none-eabi/14.3.1/../../../../arm-none-eabi/lib/thumb/v6-m/nofp/libg.a(libc_a-strtol.o)
                              /Applications/ArmGNUToolchain/14.3.rel1/arm-none-eabi/bin/../lib/gcc/arm-none-eabi/14.3.1/../../../../arm-none-eabi/lib/thumb/v6-m/nofp/libg.a(libc_a-atoi.o) (_strtol_r)
/Applications/ArmGNUToolchain/14.3.rel1/arm-none-eabi/bin/../lib/gcc/arm-none-eabi/14.3.1/../../../../arm-none-eabi/lib/thumb/v6-m/nofp/libg.a(libc_a-memcmp.o)
                              CMakeFiles/week10_integration.dir/Users/metta/pico-sdk/src/rp2_common/pico_atomic/atomic.c.o (memcmp)
/Applications/ArmGNUToolchain/14.3.rel1/arm-none-eabi/bin/../lib/gcc/arm-none-eabi/14.3.1/../../../../arm-none-eabi/lib/thumb/v6-m/nofp/libg.a(libc_a-memmove.o)
                              CMakeFiles/week10_integration.dir/Users/metta/pico-sdk/lib/lwip/src/core/def.c.o (memmove)
/Applications/ArmGNUToolchain/14.3.rel1/arm-none-eabi/bin/../lib/gcc/arm-none-eabi/14.3.1/../../../../arm-none-eabi/lib/thumb/v6-m/nofp/libg.a(libc_a-strncmp.o)
                              CMakeFiles/week10_integration.dir/Users/metta/pico-sdk/lib/lwip/src/core/def.c.o (strncmp)
/Applications/ArmGNUToolchain/14.3.rel1/arm-none-eabi/bin/../lib/gcc/arm-none-eabi/14.3.1/../../../../arm-none-eabi/lib/thumb/v6-m/nofp/libg.a(libc_a-lcltime_r.o)
[...]
Memory Configuration

Name             Origin             Length             Attributes
FLASH            0x10000000         0x00200000         xr
RAM              0x20000000         0x00040000         xrw
SCRATCH_X        0x20040000         0x00001000         xrw
SCRATCH_Y        0x20041000         0x00001000         xrw
*default*        0x00000000         0xffffffff

Linker script and memory map

LOAD /Applications/ArmGNUToolchain/14.3.rel1/arm-none-eabi/bin/../lib/gcc/arm-none-eabi/14.3.1/thumb/v6-m/nofp/crti.o
LOAD /Applications/ArmGNUToolchain/14.3.rel1/arm-none-eabi/bin/../lib/gcc/arm-none-eabi/14.3.1/thumb/v6-m/nofp/crtbegin.o
LOAD /Applications/ArmGNUToolchain/14.3.rel1/arm-none-eabi/bin/../lib/gcc/arm-none-eabi/14.3.1/../../../../arm-none-eabi/lib/thumb/v6-m/nofp/crt0.o

.flash_begin    0x10000000        0x0
                0x10000000                        __flash_binary_start = .

.boot2          0x10000000      0x100
                0x10000000                        __boot2_start__ = .
 *(.boot2)
 .boot2         0x10000000      0x100 pico-sdk/src/rp2040/boot_stage2/CMakeFiles/bs2_default_library.dir/bs2_default_padded_checksummed.S.o
                0x10000100                        __boot2_end__ = .
                0x00000001                        ASSERT (((__boot2_end__ - __boot2_start__) == 0x100), ERROR: Pico second stage bootloader must be 256 bytes in size)

.text           0x10000100    0x1ad8c
                0x10000100                        __logical_binary_start = .
 *(.vectors)
 .vectors       0x10000100       0xd4 CMakeFiles/week10_integration.dir/Users/metta/pico-sdk/src/rp2_common/pico_crt0/crt0.S.o
                0x10000100                __VECTOR_TABLE
                0x10000100                __vectors
                0x100001c0                isr_irq13
                0x100001c0                isr_irq27
                0x100001c0                isr_irq31
                0x100001c0                isr_irq5
                0x100001c0                isr_irq11
                0x100001c0                isr_irq23
                0x100001c0                isr_irq18
                0x100001c0                isr_irq9
                0x100001c0                __unhandled_user_irq
                0x100001c0                isr_irq25
                0x100001c0                isr_irq4
                0x100001c0                isr_irq16
                0x100001c0                isr_irq29
                0x100001c0                isr_irq26
                0x100001c0                isr_irq3
                0x100001c0                isr_irq12
                0x100001c0                isr_irq30
                0x100001c0                isr_irq28
                0x100001c0                isr_irq19
                0x100001c0                isr_irq0
                0x100001c0                isr_irq6
                0x100001c0                isr_irq22
                0x100001c0                isr_irq17
                0x100001c0                isr_irq14
                0x100001c0                __vectors_end
                0x100001c0                __default_isrs_start
                0x100001c0                isr_irq2
                0x100001c0                isr_irq10
                0x100001c0                isr_irq8
                0x100001c0                isr_irq24
                0x100001c0                isr_irq1
                0x100001c0                isr_irq7
                0x100001c0                isr_irq21
                0x100001c0                isr_irq20
                0x100001c0                isr_irq15
                0x100001c6                unhandled_user_irq_num_in_r0
                0x100001c8                isr_invalid
                0x100001ca                isr_nmi
                0x100001cc                isr_hardfault
                0x100001ce                isr_svcall
                0x100001d0                isr_pendsv
                0x100001d2                isr_systick
                0x100001d4                __default_isrs_end
 *(.binary_info_header)
 .binary_info_header
                0x100001d4       0x14 CMakeFiles/week10_integration.dir/Users/metta/pico-sdk/src/rp2_common/pico_crt0/crt0.S.o
                0x100001e8                        __binary_info_header_end = .
 *(.embedded_block)
                0x100001e8                        __embedded_block_end = .
 *(.reset)
 .reset         0x100001e8       0x9c CMakeFiles/week10_integration.dir/Users/metta/pico-sdk/src/rp2_common/pico_crt0/crt0.S.o
                0x100001e8                _entry_point
 *(.init)
 .init          0x10000284        0x4 /Applications/ArmGNUToolchain/14.3.rel1/arm-none-eabi/bin/../lib/gcc/arm-none-eabi/14.3.1/thumb/v6-m/nofp/crti.o
                0x10000284                _init
 *(EXCLUDE_FILE(*libm.a: *libc.a:*lib_a-mem*.o *libgcc.a:) .text*)
 .text.register_tm_clones
                0x10000288       0x28 /Applications/ArmGNUToolchain/14.3.rel1/arm-none-eabi/bin/../lib/gcc/arm-none-eabi/14.3.1/thumb/v6-m/nofp/crtbegin.o
 .text.frame_dummy
                0x100002b0       0x24 /Applications/ArmGNUToolchain/14.3.rel1/arm-none-eabi/bin/../lib/gcc/arm-none-eabi/14.3.1/thumb/v6-m/nofp/crtbegin.o
 .text.barcode_capture_reset
                0x100002d4       0x34 CMakeFiles/week10_integration.dir/main.c.o
 .text.match_pattern
                0x10000308       0x3c CMakeFiles/week10_integration.dir/main.c.o
 .text.startup.main
                0x10000344      0xd28 CMakeFiles/week10_integration.dir/main.c.o
                0x10000344                main
 .text.encoder_irq
                0x1000106c       0x84 CMakeFiles/week10_integration.dir/encoder.c.o
 .text.encoder_init_pair
                0x100010f0       0xa0 CMakeFiles/week10_integration.dir/encoder.c.o
                0x100010f0                encoder_init_pair
 .text.encoder_get_count
                0x10001190        0xc CMakeFiles/week10_integration.dir/encoder.c.o
                0x10001190                encoder_get_count
 .text.encoder_get_period_us
                0x1000119c        0xc CMakeFiles/week10_integration.dir/encoder.c.o
                0x1000119c                encoder_get_period_us
 .text.encoder_get_data
                0x100011a8      0x10c CMakeFiles/week10_integration.dir/encoder.c.o
                0x100011a8                encoder_get_data
 .text.irsens_init
                0x100012b4       0x4c CMakeFiles/week10_integration.dir/line.c.o
                0x100012b4                irsens_init
 .text.irsens_read_analog
                0x10001300       0x48 CMakeFiles/week10_integration.dir/line.c.o
                0x10001300                irsens_read_analog
 .text.pwm_init_pin
                0x10001348       0x9c CMakeFiles/week10_integration.dir/motor.c.o
 .text.motor_init
                0x100013e4      0x110 CMakeFiles/week10_integration.dir/motor.c.o
                0x100013e4                motor_init
 .text.motor_set_speed
                0x100014f4      0x428 CMakeFiles/week10_integration.dir/motor.c.o
                0x100014f4                motor_set_speed
 .text.motor_stop
                0x1000191c       0xf0 CMakeFiles/week10_integration.dir/motor.c.o
                0x1000191c                motor_stop
 .text.imu_init
                0x10001a0c       0xbc CMakeFiles/week10_integration.dir/imu.c.o
                0x10001a0c                imu_init
 .text.read_accel
                0x10001ac8       0x98 CMakeFiles/week10_integration.dir/imu.c.o
                0x10001ac8                read_accel
 .text.imu_get_all_data
                0x10001b60      0x30c CMakeFiles/week10_integration.dir/imu.c.o
                0x10001b60                imu_get_all_data
 .text.mqtt_connection_cb
                0x10001e6c       0x2c CMakeFiles/week10_integration.dir/mqtt_pico.c.o
 .text.mqtt_publish_message.part.0
                0x10001e98       0xa8 CMakeFiles/week10_integration.dir/mqtt_pico.c.o
 .text.mqtt_loop_poll
                0x10001f40        0xc CMakeFiles/week10_integration.dir/mqtt_pico.c.o
                0x10001f40                mqtt_loop_poll
 .text.mqtt_is_connected
                0x10001f4c       0x20 CMakeFiles/week10_integration.dir/mqtt_pico.c.o
                0x10001f4c                mqtt_is_connected
 .text.mqtt_publish_message
                0x10001f6c       0x50 CMakeFiles/week10_integration.dir/mqtt_pico.c.o
                0x10001f6c                mqtt_publish_message
 .text.mqtt_publish_imu
                0x10001fbc       0xf4 CMakeFiles/week10_integration.dir/mqtt_pico.c.o
                0x10001fbc                mqtt_publish_imu
 .text.mqtt_publish_speed
                0x100020b0       0x84 CMakeFiles/week10_integration.dir/mqtt_pico.c.o
                0x100020b0                mqtt_publish_speed
 .text.mqtt_publish_distance
                0x10002134       0x84 CMakeFiles/week10_integration.dir/mqtt_pico.c.o
                0x10002134                mqtt_publish_distance
 .text.mqtt_publish_barcode_edge
                0x100021b8       0x78 CMakeFiles/week10_integration.dir/mqtt_pico.c.o
                0x100021b8                mqtt_publish_barcode_edge
 .text.mqtt_publish_barcode_duty
                0x10002230       0xa0 CMakeFiles/week10_integration.dir/mqtt_pico.c.o
                0x10002230                mqtt_publish_barcode_duty
 .text.mqtt_publish_barcode_snapshot
                0x100022d0       0xa8 CMakeFiles/week10_integration.dir/mqtt_pico.c.o
                0x100022d0                mqtt_publish_barcode_snapshot
 .text.mqtt_client_start
                0x10002378       0xb4 CMakeFiles/week10_integration.dir/mqtt_pico.c.o
                0x10002378                mqtt_client_start
 .text.gpio_default_irq_handler
                0x1000242c      0x2c8 CMakeFiles/week10_integration.dir/Users/metta/pico-sdk/src/rp2_common/hardware_gpio/gpio.c.o
 .text.gpio_set_function
                0x100026f4       0x34 CMakeFiles/week10_integration.dir/Users/metta/pico-sdk/src/rp2_common/hardware_gpio/gpio.c.o
                0x100026f4                gpio_set_function
 .text.gpio_set_pulls
                0x10002728       0x28 CMakeFiles/week10_integration.dir/Users/metta/pico-sdk/src/rp2_common/hardware_gpio/gpio.c.o
                0x10002728                gpio_set_pulls
 .text.gpio_set_input_hysteresis_enabled
                0x10002750       0x28 CMakeFiles/week10_integration.dir/Users/metta/pico-sdk/src/rp2_common/hardware_gpio/gpio.c.o
                0x10002750                gpio_set_input_hysteresis_enabled
 .text.gpio_set_irq_enabled
                0x10002778       0x58 CMakeFiles/week10_integration.dir/Users/metta/pico-sdk/src/rp2_common/hardware_gpio/gpio.c.o
                0x10002778                gpio_set_irq_enabled
 .text.gpio_set_irq_enabled_with_callback
                0x100027d0       0xd0 CMakeFiles/week10_integration.dir/Users/metta/pico-sdk/src/rp2_common/hardware_gpio/gpio.c.o
                0x100027d0                gpio_set_irq_enabled_with_callback
 .text.gpio_add_raw_irq_handler_with_order_priority_masked
                0x100028a0       0x44 CMakeFiles/week10_integration.dir/Users/metta/pico-sdk/src/rp2_common/hardware_gpio/gpio.c.o
                0x100028a0                gpio_add_raw_irq_handler_with_order_priority_masked
 .text.gpio_remove_raw_irq_handler_masked
                0x100028e4       0x20 CMakeFiles/week10_integration.dir/Users/metta/pico-sdk/src/rp2_common/hardware_gpio/gpio.c.o
                0x100028e4                gpio_remove_raw_irq_handler_masked
 .text.gpio_set_input_enabled
                0x10002904       0x28 CMakeFiles/week10_integration.dir/Users/metta/pico-sdk/src/rp2_common/hardware_gpio/gpio.c.o
                0x10002904                gpio_set_input_enabled
 .text.gpio_init
                0x1000292c       0x40 CMakeFiles/week10_integration.dir/Users/metta/pico-sdk/src/rp2_common/hardware_gpio/gpio.c.o
                0x1000292c                gpio_init
 .text.rp2040_chip_version
                0x1000296c        0xc CMakeFiles/week10_integration.dir/Users/metta/pico-sdk/src/rp2040/pico_platform/platform.c.o
                0x1000296c                rp2040_chip_version
 .text.panic    0x10002978       0x30 CMakeFiles/week10_integration.dir/Users/metta/pico-sdk/src/rp2_common/pico_platform_panic/panic.c.o
                0x10002978                panic
 .text.hw_claim_lock
                0x100029a8       0x18 CMakeFiles/week10_integration.dir/Users/metta/pico-sdk/src/common/hardware_claim/claim.c.o
                0x100029a8                hw_claim_lock
 .text.hw_claim_unlock
                0x100029c0       0x14 CMakeFiles/week10_integration.dir/Users/metta/pico-sdk/src/common/hardware_claim/claim.c.o
                0x100029c0                hw_claim_unlock
 .text.hw_claim_or_assert
                0x100029d4       0x44 CMakeFiles/week10_integration.dir/Users/metta/pico-sdk/src/common/hardware_claim/claim.c.o
                0x100029d4                hw_claim_or_assert
 .text.hw_claim_unused_from_range
                0x10002a18       0x88 CMakeFiles/week10_integration.dir/Users/metta/pico-sdk/src/common/hardware_claim/claim.c.o
                0x10002a18                hw_claim_unused_from_range
 .text.hw_claim_clear
                0x10002aa0       0x38 CMakeFiles/week10_integration.dir/Users/metta/pico-sdk/src/common/hardware_claim/claim.c.o
                0x10002aa0                hw_claim_clear
 .text.next_striped_spin_lock_num
                0x10002ad8       0x18 CMakeFiles/week10_integration.dir/Users/metta/pico-sdk/src/rp2_common/hardware_sync/sync.c.o
                0x10002ad8                next_striped_spin_lock_num
 .text.spin_lock_claim_unused
                0x10002af0       0x24 CMakeFiles/week10_integration.dir/Users/metta/pico-sdk/src/rp2_common/hardware_sync/sync.c.o
                0x10002af0                spin_lock_claim_unused
 .text.spin_locks_reset
                0x10002b14       0x1c CMakeFiles/week10_integration.dir/Users/metta/pico-sdk/src/rp2_common/hardware_sync_spin_lock/sync_spin_lock.c.o
                0x10002b14                spin_locks_reset
 .text.runtime_init_per_core_irq_priorities
                0x10002b30       0x24 CMakeFiles/week10_integration.dir/Users/metta/pico-sdk/src/rp2_common/hardware_irq/irq.c.o
                0x10002b30                runtime_init_per_core_irq_priorities
 .text.irq_set_enabled
                0x10002b54       0x24 CMakeFiles/week10_integration.dir/Users/metta/pico-sdk/src/rp2_common/hardware_irq/irq.c.o
                0x10002b54                irq_set_enabled
 .text.irq_is_enabled
                0x10002b78       0x18 CMakeFiles/week10_integration.dir/Users/metta/pico-sdk/src/rp2_common/hardware_irq/irq.c.o
                0x10002b78                irq_is_enabled
 .text.irq_set_pending
                0x10002b90       0x10 CMakeFiles/week10_integration.dir/Users/metta/pico-sdk/src/rp2_common/hardware_irq/irq.c.o
                0x10002b90                irq_set_pending
 .text.irq_has_shared_handler
                0x10002ba0       0x24 CMakeFiles/week10_integration.dir/Users/metta/pico-sdk/src/rp2_common/hardware_irq/irq.c.o
                0x10002ba0                irq_has_shared_handler
 .text.irq_set_exclusive_handler
                0x10002bc4       0x54 CMakeFiles/week10_integration.dir/Users/metta/pico-sdk/src/rp2_common/hardware_irq/irq.c.o
                0x10002bc4                irq_set_exclusive_handler
 .text.irq_add_shared_handler
                0x10002c18      0x1f4 CMakeFiles/week10_integration.dir/Users/metta/pico-sdk/src/rp2_common/hardware_irq/irq.c.o
                0x10002c18                irq_add_shared_handler
 .text.irq_remove_handler
                0x10002e0c      0x1d4 CMakeFiles/week10_integration.dir/Users/metta/pico-sdk/src/rp2_common/hardware_irq/irq.c.o
                0x10002e0c                irq_remove_handler
 .text.irq_set_priority
                0x10002fe0       0x28 CMakeFiles/week10_integration.dir/Users/metta/pico-sdk/src/rp2_common/hardware_irq/irq.c.o
                0x10002fe0                irq_set_priority
 .text.irq_add_tail_to_free_list
                0x10003008       0xb4 CMakeFiles/week10_integration.dir/Users/metta/pico-sdk/src/rp2_common/hardware_irq/irq.c.o
                0x10003008                irq_add_tail_to_free_list
 .text.user_irq_unclaim
                0x100030bc       0x14 CMakeFiles/week10_integration.dir/Users/metta/pico-sdk/src/rp2_common/hardware_irq/irq.c.o
                0x100030bc                user_irq_unclaim
 .text.user_irq_claim_unused
                0x100030d0       0x2c CMakeFiles/week10_integration.dir/Users/metta/pico-sdk/src/rp2_common/hardware_irq/irq.c.o
                0x100030d0                user_irq_claim_unused
 .text.sem_init
                0x100030fc       0x20 CMakeFiles/week10_integration.dir/Users/metta/pico-sdk/src/common/pico_sync/sem.c.o
                0x100030fc                sem_init
 .text.lock_init
                0x1000311c       0x10 CMakeFiles/week10_integration.dir/Users/metta/pico-sdk/src/common/pico_sync/lock_core.c.o
                0x1000311c                lock_init
 .text.runtime_init_mutex
                0x1000312c       0x50 CMakeFiles/week10_integration.dir/Users/metta/pico-sdk/src/common/pico_sync/mutex.c.o
                0x1000312c                runtime_init_mutex
 .text.mutex_init
                0x1000317c       0x1c CMakeFiles/week10_integration.dir/Users/metta/pico-sdk/src/common/pico_sync/mutex.c.o
                0x1000317c                mutex_init
 .text.recursive_mutex_init
                0x10003198       0x1c CMakeFiles/week10_integration.dir/Users/metta/pico-sdk/src/common/pico_sync/mutex.c.o
                0x10003198                recursive_mutex_init
 .text.critical_section_init
                0x100031b4       0x1c CMakeFiles/week10_integration.dir/Users/metta/pico-sdk/src/common/pico_sync/critical_section.c.o
                0x100031b4                critical_section_init
 .text.critical_section_init_with_lock_num
                0x100031d0       0x14 CMakeFiles/week10_integration.dir/Users/metta/pico-sdk/src/common/pico_sync/critical_section.c.o
                0x100031d0                critical_section_init_with_lock_num
 .text.sleep_until_callback
                0x100031e4       0x30 CMakeFiles/week10_integration.dir/Users/metta/pico-sdk/src/common/pico_time/time.c.o
 .text.alarm_pool_irq_handler
                0x10003214      0x2f8 CMakeFiles/week10_integration.dir/Users/metta/pico-sdk/src/common/pico_time/time.c.o
 .text.runtime_init_default_alarm_pool
                0x1000350c       0xdc CMakeFiles/week10_integration.dir/Users/metta/pico-sdk/src/common/pico_time/time.c.o
                0x1000350c                runtime_init_default_alarm_pool
 .text.alarm_pool_get_default
                0x100035e8        0x8 CMakeFiles/week10_integration.dir/Users/metta/pico-sdk/src/common/pico_time/time.c.o
                0x100035e8                alarm_pool_get_default
 .text.alarm_pool_add_alarm_at
                0x100035f0       0xd0 CMakeFiles/week10_integration.dir/Users/metta/pico-sdk/src/common/pico_time/time.c.o
                0x100035f0                alarm_pool_add_alarm_at
 .text.alarm_pool_add_alarm_at_force_in_context
                0x100036c0       0xb0 CMakeFiles/week10_integration.dir/Users/metta/pico-sdk/src/common/pico_time/time.c.o
                0x100036c0                alarm_pool_add_alarm_at_force_in_context
 .text.alarm_pool_cancel_alarm
                0x10003770       0x74 CMakeFiles/week10_integration.dir/Users/metta/pico-sdk/src/common/pico_time/time.c.o
                0x10003770                alarm_pool_cancel_alarm
 .text.alarm_pool_core_num
                0x100037e4        0x4 CMakeFiles/week10_integration.dir/Users/metta/pico-sdk/src/common/pico_time/time.c.o
                0x100037e4                alarm_pool_core_num
 .text.sleep_until
                0x100037e8       0xd0 CMakeFiles/week10_integration.dir/Users/metta/pico-sdk/src/common/pico_time/time.c.o
                0x100037e8                sleep_until
 .text.sleep_ms
                0x100038b8       0xfc CMakeFiles/week10_integration.dir/Users/metta/pico-sdk/src/common/pico_time/time.c.o
                0x100038b8                sleep_ms
 .text.best_effort_wfe_or_timeout
                0x100039b4      0x10c CMakeFiles/week10_integration.dir/Users/metta/pico-sdk/src/common/pico_time/time.c.o
                0x100039b4                best_effort_wfe_or_timeout
 .text.timer_hardware_alarm_claim
                0x10003ac0       0x14 CMakeFiles/week10_integration.dir/Users/metta/pico-sdk/src/rp2_common/hardware_timer/timer.c.o
                0x10003ac0                timer_hardware_alarm_claim
 .text.timer_time_us_64
                0x10003ad4       0x10 CMakeFiles/week10_integration.dir/Users/metta/pico-sdk/src/rp2_common/hardware_timer/timer.c.o
                0x10003ad4                timer_time_us_64
 .text.time_us_64
                0x10003ae4       0x14 CMakeFiles/week10_integration.dir/Users/metta/pico-sdk/src/rp2_common/hardware_timer/timer.c.o
                0x10003ae4                time_us_64
 .text.busy_wait_until
                0x10003af8       0x20 CMakeFiles/week10_integration.dir/Users/metta/pico-sdk/src/rp2_common/hardware_timer/timer.c.o
                0x10003af8                busy_wait_until
 .text.clock_configure_int_divider
                0x10003b18       0xf4 CMakeFiles/week10_integration.dir/Users/metta/pico-sdk/src/rp2_common/hardware_clocks/clocks.c.o
                0x10003b18                clock_configure_int_divider
 .text.clock_configure_undivided
                0x10003c0c       0xe8 CMakeFiles/week10_integration.dir/Users/metta/pico-sdk/src/rp2_common/hardware_clocks/clocks.c.o
                0x10003c0c                clock_configure_undivided
 .text.clock_get_hz
                0x10003cf4        0xc CMakeFiles/week10_integration.dir/Users/metta/pico-sdk/src/rp2_common/hardware_clocks/clocks.c.o
                0x10003cf4                clock_get_hz
 .text.pll_init
                0x10003d00       0xa4 CMakeFiles/week10_integration.dir/Users/metta/pico-sdk/src/rp2_common/hardware_pll/pll.c.o
                0x10003d00                pll_init
 .text.watchdog_reboot
                0x10003da4       0x9c CMakeFiles/week10_integration.dir/Users/metta/pico-sdk/src/rp2_common/hardware_watchdog/watchdog.c.o
                0x10003da4                watchdog_reboot
 .text.tick_start
                0x10003e40       0x10 CMakeFiles/week10_integration.dir/Users/metta/pico-sdk/src/rp2_common/hardware_ticks/ticks.c.o
                0x10003e40                tick_start
 .text.rom_func_lookup
                0x10003e50       0x10 CMakeFiles/week10_integration.dir/Users/metta/pico-sdk/src/rp2_common/pico_bootrom/bootrom.c.o
                0x10003e50                rom_func_lookup
 .text.rom_data_lookup
                0x10003e60       0x10 CMakeFiles/week10_integration.dir/Users/metta/pico-sdk/src/rp2_common/pico_bootrom/bootrom.c.o
                0x10003e60                rom_data_lookup
 .text.rom_funcs_lookup
                0x10003e70       0x44 CMakeFiles/week10_integration.dir/Users/metta/pico-sdk/src/rp2_common/pico_bootrom/bootrom.c.o
                0x10003e70                rom_funcs_lookup
 .text.rom_reset_usb_boot_extra
                0x10003eb4       0x24 CMakeFiles/week10_integration.dir/Users/metta/pico-sdk/src/rp2_common/pico_bootrom/bootrom.c.o
                0x10003eb4                rom_reset_usb_boot_extra
 .text.xosc_init
                0x10003ed8       0x28 CMakeFiles/week10_integration.dir/Users/metta/pico-sdk/src/rp2_common/hardware_xosc/xosc.c.o
                0x10003ed8                xosc_init
 .text.first_per_core_initializer
                0x10003f00        0x4 CMakeFiles/week10_integration.dir/Users/metta/pico-sdk/src/rp2_common/pico_runtime/runtime.c.o
 .text.hard_assertion_failure
                0x10003f04        0xc CMakeFiles/week10_integration.dir/Users/metta/pico-sdk/src/rp2_common/pico_runtime/runtime.c.o
                0x10003f04                hard_assertion_failure
 .text.runtime_run_initializers
                0x10003f10       0x28 CMakeFiles/week10_integration.dir/Users/metta/pico-sdk/src/rp2_common/pico_runtime/runtime.c.o
                0x10003f10                runtime_run_initializers
 .text.runtime_init_early_resets
                0x10003f38       0x2c CMakeFiles/week10_integration.dir/Users/metta/pico-sdk/src/rp2_common/pico_runtime_init/runtime_init.c.o
                0x10003f38                runtime_init_early_resets
 .text.runtime_init_usb_power_down
                0x10003f64       0x1c CMakeFiles/week10_integration.dir/Users/metta/pico-sdk/src/rp2_common/pico_runtime_init/runtime_init.c.o
                0x10003f64                runtime_init_usb_power_down
 .text.runtime_init_post_clock_resets
                0x10003f80       0x20 CMakeFiles/week10_integration.dir/Users/metta/pico-sdk/src/rp2_common/pico_runtime_init/runtime_init.c.o
                0x10003f80                runtime_init_post_clock_resets
 .text.runtime_init_rp2040_gpio_ie_disable
                0x10003fa0       0x14 CMakeFiles/week10_integration.dir/Users/metta/pico-sdk/src/rp2_common/pico_runtime_init/runtime_init.c.o
                0x10003fa0                runtime_init_rp2040_gpio_ie_disable
 .text.runtime_init_spin_locks_reset
                0x10003fb4        0x8 CMakeFiles/week10_integration.dir/Users/metta/pico-sdk/src/rp2_common/pico_runtime_init/runtime_init.c.o
                0x10003fb4                runtime_init_spin_locks_reset
 .text.runtime_init_install_ram_vector_table
                0x10003fbc       0xb4 CMakeFiles/week10_integration.dir/Users/metta/pico-sdk/src/rp2_common/pico_runtime_init/runtime_init.c.o
                0x10003fbc                runtime_init_install_ram_vector_table
 .text.runtime_init_clocks
                0x10004070       0xd8 CMakeFiles/week10_integration.dir/Users/metta/pico-sdk/src/rp2_common/pico_runtime_init/runtime_init_clocks.c.o
                0x10004070                runtime_init_clocks
 .text          0x10004148       0x10 CMakeFiles/week10_integration.dir/Users/metta/pico-sdk/src/rp2_common/pico_bit_ops/bit_ops_aeabi.S.o
 .text.ctzsi    0x10004158        0xc CMakeFiles/week10_integration.dir/Users/metta/pico-sdk/src/rp2_common/pico_bit_ops/bit_ops_aeabi.S.o
                0x10004158                __wrap___ctzsi2
 .text.__wrap___aeabi_idiv
                0x10004164       0x50 CMakeFiles/week10_integration.dir/Users/metta/pico-sdk/src/rp2_common/pico_divider/divider_hardware.S.o
                0x10004164                __wrap___aeabi_idivmod
                0x10004164                divmod_s32s32
                0x10004164                div_s32s32
                0x10004164                __wrap___aeabi_idiv
                0x1000416c                divmod_s32s32_unsafe
                0x10004198                divmod_s32s32_savestate
 .text.__wrap___aeabi_uidiv
                0x100041b4       0x4c CMakeFiles/week10_integration.dir/Users/metta/pico-sdk/src/rp2_common/pico_divider/divider_hardware.S.o
                0x100041b4                __wrap___aeabi_uidiv
                0x100041b4                __wrap___aeabi_uidivmod
                0x100041b4                div_u32u32
                0x100041b4                divmod_u32u32
                0x100041bc                divmod_u32u32_unsafe
                0x100041e4                divmod_u32u32_savestate
 .text.__wrap___aeabi_ldiv
                0x10004200      0x424 CMakeFiles/week10_integration.dir/Users/metta/pico-sdk/src/rp2_common/pico_divider/divider_hardware.S.o
                0x10004200                __wrap___aeabi_ldivmod
                0x10004200                div_s64s64
                0x10004200                divmod_s64s64
                0x10004230                divmod_u64u64
                0x10004230                div_u64u64
                0x10004230                __wrap___aeabi_uldivmod
                0x10004240                divmod_u64u64_savestate
                0x10004260                divmod_s64s64_unsafe
                0x100042e8                divmod_u64u64_unsafe
 .text.__wrap___aeabi_darithmetic
                0x10004624       0x60 CMakeFiles/week10_integration.dir/Users/metta/pico-sdk/src/rp2_common/pico_double/double_aeabi_rp2040.S.o
                0x10004624                __wrap___aeabi_drsub
                0x1000462a                __wrap___aeabi_dsub
                0x10004634                __wrap___aeabi_dadd
                0x1000463e                __wrap___aeabi_ddiv
                0x10004672                __wrap___aeabi_dmul
 .text.__wrap___aeabi_cdcmple
                0x10004684       0x6c CMakeFiles/week10_integration.dir/Users/metta/pico-sdk/src/rp2_common/pico_double/double_aeabi_rp2040.S.o
                0x10004684                __wrap___aeabi_cdrcmple
                0x10004694                __wrap___aeabi_cdcmple
                0x10004694                __wrap___aeabi_cdcmpeq
 .text.__wrap___aeabi_dcmplt
                0x100046f0        0xc CMakeFiles/week10_integration.dir/Users/metta/pico-sdk/src/rp2_common/pico_double/double_aeabi_rp2040.S.o
                0x100046f0                __wrap___aeabi_dcmplt
 .text.__wrap___aeabi_dcmple
                0x100046fc       0x10 CMakeFiles/week10_integration.dir/Users/metta/pico-sdk/src/rp2_common/pico_double/double_aeabi_rp2040.S.o
                0x100046fc                __wrap___aeabi_dcmple
 .text.__wrap___aeabi_dcmpge
                0x1000470c       0x10 CMakeFiles/week10_integration.dir/Users/metta/pico-sdk/src/rp2_common/pico_double/double_aeabi_rp2040.S.o
                0x1000470c                __wrap___aeabi_dcmpge
 .text.__wrap___aeabi_dcmpgt
                0x1000471c        0xa CMakeFiles/week10_integration.dir/Users/metta/pico-sdk/src/rp2_common/pico_double/double_aeabi_rp2040.S.o
                0x1000471c                __wrap___aeabi_dcmpgt
 .text.__wrap___aeabi_dcmpun
                0x10004726       0x18 CMakeFiles/week10_integration.dir/Users/metta/pico-sdk/src/rp2_common/pico_double/double_aeabi_rp2040.S.o
                0x10004726                __wrap___aeabi_dcmpun
 *fill*         0x1000473e        0x2 
 .text.__wrap___aeabi_i2d
                0x10004740       0x38 CMakeFiles/week10_integration.dir/Users/metta/pico-sdk/src/rp2_common/pico_double/double_aeabi_rp2040.S.o
                0x10004740                __wrap___aeabi_ui2d
                0x10004740                uint2double
                0x10004748                __wrap___aeabi_i2d
                0x10004748                int2double
 .text.__wrap___aeabi_d2iz
                0x10004778       0x48 CMakeFiles/week10_integration.dir/Users/metta/pico-sdk/src/rp2_common/pico_double/double_aeabi_rp2040.S.o
                0x10004778                __wrap___aeabi_d2iz
                0x10004778                double2int_z
 .text.__wrap___aeabi_d2uiz
                0x100047c0       0x10 CMakeFiles/week10_integration.dir/Users/metta/pico-sdk/src/rp2_common/pico_double/double_aeabi_rp2040.S.o
                0x100047c0                double2uint_z
                0x100047c0                double2uint
                0x100047c0                __wrap___aeabi_d2uiz
 .text.__wrap___aeabi_d2f
                0x100047d0       0x10 CMakeFiles/week10_integration.dir/Users/metta/pico-sdk/src/rp2_common/pico_double/double_aeabi_rp2040.S.o
                0x100047d0                __wrap___aeabi_d2f
 .text.missing_double_func_shim
                0x100047e0        0xc CMakeFiles/week10_integration.dir/Users/metta/pico-sdk/src/rp2_common/pico_double/double_init_rom_rp2040.c.o
 .text.__aeabi_double_init
                0x100047ec       0xa0 CMakeFiles/week10_integration.dir/Users/metta/pico-sdk/src/rp2_common/pico_double/double_init_rom_rp2040.c.o
                0x100047ec                __aeabi_double_init
 .text.double_table_shim_on_use_helper
                0x1000488c       0x2c CMakeFiles/week10_integration.dir/Users/metta/pico-sdk/src/rp2_common/pico_double/double_v1_rom_shim_rp2040.S.o
                0x1000488c                double_table_shim_on_use_helper
 .text.__aeabi_lmul
                0x100048b8       0x32 CMakeFiles/week10_integration.dir/Users/metta/pico-sdk/src/rp2_common/pico_int64_ops/pico_int64_ops_aeabi.S.o
                0x100048b8                __wrap___aeabi_lmul
 *fill*         0x100048ea        0x2 
 .text.__wrap___aeabi_farithmetic
                0x100048ec       0x48 CMakeFiles/week10_integration.dir/Users/metta/pico-sdk/src/rp2_common/pico_float/float_aeabi_rp2040.S.o
                0x100048ec                __wrap___aeabi_frsub
                0x100048f2                __wrap___aeabi_fsub
                0x100048f8                __wrap___aeabi_fadd
                0x100048fe                __wrap___aeabi_fdiv
                0x10004926                __wrap___aeabi_fmul
 .text.__wrap___aeabi_cfcmple
                0x10004934       0x50 CMakeFiles/week10_integration.dir/Users/metta/pico-sdk/src/rp2_common/pico_float/float_aeabi_rp2040.S.o
                0x10004934                __wrap___aeabi_cfrcmple
                0x10004940                __wrap___aeabi_cfcmpeq
                0x10004940                __wrap___aeabi_cfcmple
 .text.__wrap___aeabi_fcmplt
                0x10004984        0xc CMakeFiles/week10_integration.dir/Users/metta/pico-sdk/src/rp2_common/pico_float/float_aeabi_rp2040.S.o
                0x10004984                __wrap___aeabi_fcmplt
 .text.__wrap___aeabi_fcmple
                0x10004990       0x10 CMakeFiles/week10_integration.dir/Users/metta/pico-sdk/src/rp2_common/pico_float/float_aeabi_rp2040.S.o
                0x10004990                __wrap___aeabi_fcmple
 .text.__wrap___aeabi_fcmpge
                0x100049a0       0x10 CMakeFiles/week10_integration.dir/Users/metta/pico-sdk/src/rp2_common/pico_float/float_aeabi_rp2040.S.o
                0x100049a0                __wrap___aeabi_fcmpge
 .text.__wrap___aeabi_fcmpgt
                0x100049b0        0xa CMakeFiles/week10_integration.dir/Users/metta/pico-sdk/src/rp2_common/pico_float/float_aeabi_rp2040.S.o
                0x100049b0                __wrap___aeabi_fcmpgt
 .text.__wrap___aeabi_ui2f
                0x100049ba        0xa CMakeFiles/week10_integration.dir/Users/metta/pico-sdk/src/rp2_common/pico_float/float_aeabi_rp2040.S.o
                0x100049ba                uint2float
                0x100049ba                __wrap___aeabi_ui2f
 .text.__wrap___aeabi_i2f
                0x100049c4       0x44 CMakeFiles/week10_integration.dir/Users/metta/pico-sdk/src/rp2_common/pico_float/float_aeabi_rp2040.S.o
                0x100049c4                int2float
                0x100049c4                __wrap___aeabi_i2f
 .text.__wrap___aeabi_f2iz
                0x10004a08       0x4e CMakeFiles/week10_integration.dir/Users/metta/pico-sdk/src/rp2_common/pico_float/float_aeabi_rp2040.S.o
                0x10004a08                __wrap___aeabi_f2iz
                0x10004a08                float2int_z
 *fill*         0x10004a56        0x2 
 .text.float2int
                0x10004a58        0xc CMakeFiles/week10_integration.dir/Users/metta/pico-sdk/src/rp2_common/pico_float/float_aeabi_rp2040.S.o
                0x10004a58                float2int
 .text.__wrap___aeabi_f2uiz
                0x10004a64        0xc CMakeFiles/week10_integration.dir/Users/metta/pico-sdk/src/rp2_common/pico_float/float_aeabi_rp2040.S.o
                0x10004a64                float2uint
                0x10004a64                float2uint_z
                0x10004a64                __wrap___aeabi_f2uiz
 .text.fix2float
                0x10004a70        0xc CMakeFiles/week10_integration.dir/Users/metta/pico-sdk/src/rp2_common/pico_float/float_aeabi_rp2040.S.o
                0x10004a70                fix2float
 .text.__wrap___aeabi_ul2f
                0x10004a7c       0x18 CMakeFiles/week10_integration.dir/Users/metta/pico-sdk/src/rp2_common/pico_float/float_aeabi_rp2040.S.o
                0x10004a80                __wrap___aeabi_ul2f
                0x10004a80                uint642float
 .text.__wrap___aeabi_f2d
                0x10004a94        0xc CMakeFiles/week10_integration.dir/Users/metta/pico-sdk/src/rp2_common/pico_float/float_aeabi_rp2040.S.o
                0x10004a94                __wrap___aeabi_f2d
 .text.__wrap_sqrtf
                0x10004aa0        0xc CMakeFiles/week10_integration.dir/Users/metta/pico-sdk/src/rp2_common/pico_float/float_aeabi_rp2040.S.o
                0x10004aa0                __wrap_sqrtf
 .text.__wrap_atan2f
                0x10004aac        0xc CMakeFiles/week10_integration.dir/Users/metta/pico-sdk/src/rp2_common/pico_float/float_aeabi_rp2040.S.o
                0x10004aac                __wrap_atan2f
 .text.missing_float_func_shim
                0x10004ab8        0xc CMakeFiles/week10_integration.dir/Users/metta/pico-sdk/src/rp2_common/pico_float/float_init_rom_rp2040.c.o
 .text.__aeabi_float_init
                0x10004ac4       0x5c CMakeFiles/week10_integration.dir/Users/metta/pico-sdk/src/rp2_common/pico_float/float_init_rom_rp2040.c.o
                0x10004ac4                __aeabi_float_init
 .text.__wrap_fmodf
                0x10004b20       0xbc CMakeFiles/week10_integration.dir/Users/metta/pico-sdk/src/rp2_common/pico_float/float_math.c.o
                0x10004b20                __wrap_fmodf
 .text          0x10004bdc       0x10 CMakeFiles/week10_integration.dir/Users/metta/pico-sdk/src/rp2_common/pico_mem_ops/mem_ops_aeabi.S.o
                0x10004bdc                __aeabi_mem_init
 .text.memset   0x10004bec        0xc CMakeFiles/week10_integration.dir/Users/metta/pico-sdk/src/rp2_common/pico_mem_ops/mem_ops_aeabi.S.o
                0x10004bec                __wrap_memset
 .text.memcpy   0x10004bf8        0xc CMakeFiles/week10_integration.dir/Users/metta/pico-sdk/src/rp2_common/pico_mem_ops/mem_ops_aeabi.S.o
                0x10004bf8                __wrap___aeabi_memcpy
                0x10004bf8                __wrap_memcpy
 .text._out_buffer
                0x10004c04        0x8 CMakeFiles/week10_integration.dir/Users/metta/pico-sdk/src/rp2_common/pico_printf/printf.c.o
 .text._out_null
                0x10004c0c        0x4 CMakeFiles/week10_integration.dir/Users/metta/pico-sdk/src/rp2_common/pico_printf/printf.c.o
 .text._out_rev
                0x10004c10       0xac CMakeFiles/week10_integration.dir/Users/metta/pico-sdk/src/rp2_common/pico_printf/printf.c.o
 .text._ntoa_format
                0x10004cbc      0x1cc CMakeFiles/week10_integration.dir/Users/metta/pico-sdk/src/rp2_common/pico_printf/printf.c.o
 .text._out_char
                0x10004e88       0x10 CMakeFiles/week10_integration.dir/Users/metta/pico-sdk/src/rp2_common/pico_printf/printf.c.o
 .text._out_fct
                0x10004e98       0x10 CMakeFiles/week10_integration.dir/Users/metta/pico-sdk/src/rp2_common/pico_printf/printf.c.o
 .text._ftoa    0x10004ea8      0x4a8 CMakeFiles/week10_integration.dir/Users/metta/pico-sdk/src/rp2_common/pico_printf/printf.c.o
 .text._etoa    0x10005350      0x57c CMakeFiles/week10_integration.dir/Users/metta/pico-sdk/src/rp2_common/pico_printf/printf.c.o
 .text._vsnprintf
                0x100058cc      0xbe0 CMakeFiles/week10_integration.dir/Users/metta/pico-sdk/src/rp2_common/pico_printf/printf.c.o
 .text.__wrap_snprintf
                0x100064ac       0x28 CMakeFiles/week10_integration.dir/Users/metta/pico-sdk/src/rp2_common/pico_printf/printf.c.o
                0x100064ac                __wrap_snprintf
 .text.vfctprintf
                0x100064d4       0x24 CMakeFiles/week10_integration.dir/Users/metta/pico-sdk/src/rp2_common/pico_printf/printf.c.o
                0x100064d4                vfctprintf
 .text.weak_raw_vprintf
                0x100064f8       0x30 CMakeFiles/week10_integration.dir/Users/metta/pico-sdk/src/rp2_common/pico_printf/printf.c.o
                0x100064f8                weak_raw_vprintf
 .text._exit    0x10006528        0x4 CMakeFiles/week10_integration.dir/Users/metta/pico-sdk/src/rp2_common/pico_clib_interface/newlib_interface.c.o
                0x10006528                _exit
 .text.exit     0x1000652c        0x8 CMakeFiles/week10_integration.dir/Users/metta/pico-sdk/src/rp2_common/pico_clib_interface/newlib_interface.c.o
                0x1000652c                exit
 .text.runtime_init
                0x10006534       0x2c CMakeFiles/week10_integration.dir/Users/metta/pico-sdk/src/rp2_common/pico_clib_interface/newlib_interface.c.o
                0x10006534                runtime_init
 .text.stdio_out_chars_no_crlf
                0x10006560       0x10 CMakeFiles/week10_integration.dir/Users/metta/pico-sdk/src/rp2_common/pico_stdio/stdio.c.o
 .text.stdio_out_chars_crlf
                0x10006570       0xb0 CMakeFiles/week10_integration.dir/Users/metta/pico-sdk/src/rp2_common/pico_stdio/stdio.c.o
 .text.stdio_buffered_printer
                0x10006620       0x64 CMakeFiles/week10_integration.dir/Users/metta/pico-sdk/src/rp2_common/pico_stdio/stdio.c.o
 .text.stdio_put_string
                0x10006684       0xfc CMakeFiles/week10_integration.dir/Users/metta/pico-sdk/src/rp2_common/pico_stdio/stdio.c.o
                0x10006684                stdio_put_string
 .text.stdio_set_driver_enabled
                0x10006780       0x30 CMakeFiles/week10_integration.dir/Users/metta/pico-sdk/src/rp2_common/pico_stdio/stdio.c.o
                0x10006780                stdio_set_driver_enabled
 .text.stdio_init_all
                0x100067b0        0x8 CMakeFiles/week10_integration.dir/Users/metta/pico-sdk/src/rp2_common/pico_stdio/stdio.c.o
                0x100067b0                stdio_init_all
 .text.__wrap_putchar
                0x100067b8       0x94 CMakeFiles/week10_integration.dir/Users/metta/pico-sdk/src/rp2_common/pico_stdio/stdio.c.o
                0x100067b8                stdio_putchar
                0x100067b8                __wrap_putchar
 .text.__wrap_puts
                0x1000684c       0x3c CMakeFiles/week10_integration.dir/Users/metta/pico-sdk/src/rp2_common/pico_stdio/stdio.c.o
                0x1000684c                __wrap_puts
                0x1000684c                stdio_puts
 .text.__wrap_vprintf
                0x10006888       0xcc CMakeFiles/week10_integration.dir/Users/metta/pico-sdk/src/rp2_common/pico_stdio/stdio.c.o
                0x10006888                __wrap_vprintf
                0x10006888                stdio_vprintf
 .text.__wrap_printf
                0x10006954       0x18 CMakeFiles/week10_integration.dir/Users/metta/pico-sdk/src/rp2_common/pico_stdio/stdio.c.o
                0x10006954                stdio_printf
                0x10006954                __wrap_printf
 .text.resetd_init
                0x1000696c        0x4 CMakeFiles/week10_integration.dir/Users/metta/pico-sdk/src/rp2_common/pico_stdio_usb/reset_interface.c.o
 .text.resetd_reset
                0x10006970        0xc CMakeFiles/week10_integration.dir/Users/metta/pico-sdk/src/rp2_common/pico_stdio_usb/reset_interface.c.o
 .text.resetd_open
                0x1000697c       0x28 CMakeFiles/week10_integration.dir/Users/metta/pico-sdk/src/rp2_common/pico_stdio_usb/reset_interface.c.o
 .text.resetd_xfer_cb
                0x100069a4        0x4 CMakeFiles/week10_integration.dir/Users/metta/pico-sdk/src/rp2_common/pico_stdio_usb/reset_interface.c.o
 .text.resetd_control_xfer_cb
                0x100069a8       0x54 CMakeFiles/week10_integration.dir/Users/metta/pico-sdk/src/rp2_common/pico_stdio_usb/reset_interface.c.o
 .text.tud_descriptor_bos_cb
                0x100069fc        0x8 CMakeFiles/week10_integration.dir/Users/metta/pico-sdk/src/rp2_common/pico_stdio_usb/reset_interface.c.o
                0x100069fc                tud_descriptor_bos_cb
 .text.tud_vendor_control_xfer_cb
                0x10006a04       0x34 CMakeFiles/week10_integration.dir/Users/metta/pico-sdk/src/rp2_common/pico_stdio_usb/reset_interface.c.o
                0x10006a04                tud_vendor_control_xfer_cb
 .text.usbd_app_driver_get_cb
                0x10006a38        0xc CMakeFiles/week10_integration.dir/Users/metta/pico-sdk/src/rp2_common/pico_stdio_usb/reset_interface.c.o
                0x10006a38                usbd_app_driver_get_cb
 .text.tud_cdc_line_coding_cb
                0x10006a44       0x2c CMakeFiles/week10_integration.dir/Users/metta/pico-sdk/src/rp2_common/pico_stdio_usb/reset_interface.c.o
                0x10006a44                tud_cdc_line_coding_cb
 .text.stdio_usb_set_chars_available_callback
                0x10006a70       0x14 CMakeFiles/week10_integration.dir/Users/metta/pico-sdk/src/rp2_common/pico_stdio_usb/stdio_usb.c.o
                0x10006a70                stdio_usb_set_chars_available_callback
 .text.usb_irq  0x10006a84       0x10 CMakeFiles/week10_integration.dir/Users/metta/pico-sdk/src/rp2_common/pico_stdio_usb/stdio_usb.c.o
 .text.timer_task
                0x10006a94       0x64 CMakeFiles/week10_integration.dir/Users/metta/pico-sdk/src/rp2_common/pico_stdio_usb/stdio_usb.c.o
 .text.stdio_usb_in_chars
                0x10006af8       0x8c CMakeFiles/week10_integration.dir/Users/metta/pico-sdk/src/rp2_common/pico_stdio_usb/stdio_usb.c.o
                0x10006af8                stdio_usb_in_chars
 .text.stdio_usb_out_flush
                0x10006b84       0x4c CMakeFiles/week10_integration.dir/Users/metta/pico-sdk/src/rp2_common/pico_stdio_usb/stdio_usb.c.o
 .text.stdio_usb_out_chars
                0x10006bd0      0x100 CMakeFiles/week10_integration.dir/Users/metta/pico-sdk/src/rp2_common/pico_stdio_usb/stdio_usb.c.o
 .text.low_priority_worker_irq
                0x10006cd0       0xc8 CMakeFiles/week10_integration.dir/Users/metta/pico-sdk/src/rp2_common/pico_stdio_usb/stdio_usb.c.o
 .text.stdio_usb_init
                0x10006d98       0xe8 CMakeFiles/week10_integration.dir/Users/metta/pico-sdk/src/rp2_common/pico_stdio_usb/stdio_usb.c.o
                0x10006d98                stdio_usb_init
 .text.tud_descriptor_device_cb
                0x10006e80        0x8 CMakeFiles/week10_integration.dir/Users/metta/pico-sdk/src/rp2_common/pico_stdio_usb/stdio_usb_descriptors.c.o
                0x10006e80                tud_descriptor_device_cb
 .text.tud_descriptor_configuration_cb
                0x10006e88        0x8 CMakeFiles/week10_integration.dir/Users/metta/pico-sdk/src/rp2_common/pico_stdio_usb/stdio_usb_descriptors.c.o
                0x10006e88                tud_descriptor_configuration_cb
 .text.tud_descriptor_string_cb
                0x10006e90       0x78 CMakeFiles/week10_integration.dir/Users/metta/pico-sdk/src/rp2_common/pico_stdio_usb/stdio_usb_descriptors.c.o
                0x10006e90                tud_descriptor_string_cb
 .text.startup._retrieve_unique_id_on_boot
                0x10006f08       0x10 CMakeFiles/week10_integration.dir/Users/metta/pico-sdk/src/rp2_common/pico_unique_id/unique_id.c.o
 .text.pico_get_unique_board_id
                0x10006f18       0x10 CMakeFiles/week10_integration.dir/Users/metta/pico-sdk/src/rp2_common/pico_unique_id/unique_id.c.o
                0x10006f18                pico_get_unique_board_id
 .text.pico_get_unique_board_id_string
                0x10006f28      0x1a8 CMakeFiles/week10_integration.dir/Users/metta/pico-sdk/src/rp2_common/pico_unique_id/unique_id.c.o
                0x10006f28                pico_get_unique_board_id_string
 .text.flash_get_unique_id
                0x100070d0       0x3c CMakeFiles/week10_integration.dir/Users/metta/pico-sdk/src/rp2_common/hardware_flash/flash.c.o
                0x100070d0                flash_get_unique_id
 .text.dcd_init
                0x1000710c       0x90 CMakeFiles/week10_integration.dir/Users/metta/pico-sdk/lib/tinyusb/src/portable/raspberrypi/rp2040/dcd_rp2040.c.o
                0x1000710c                dcd_init
 .text.dcd_int_enable
                0x1000719c        0xc CMakeFiles/week10_integration.dir/Users/metta/pico-sdk/lib/tinyusb/src/portable/raspberrypi/rp2040/dcd_rp2040.c.o
                0x1000719c                dcd_int_enable
 .text.dcd_set_address
                0x100071a8       0x14 CMakeFiles/week10_integration.dir/Users/metta/pico-sdk/lib/tinyusb/src/portable/raspberrypi/rp2040/dcd_rp2040.c.o
                0x100071a8                dcd_set_address
 .text.dcd_sof_enable
                0x100071bc       0x1c CMakeFiles/week10_integration.dir/Users/metta/pico-sdk/lib/tinyusb/src/portable/raspberrypi/rp2040/dcd_rp2040.c.o
                0x100071bc                dcd_sof_enable
 .text.dcd_edpt0_status_complete
                0x100071d8       0x1c CMakeFiles/week10_integration.dir/Users/metta/pico-sdk/lib/tinyusb/src/portable/raspberrypi/rp2040/dcd_rp2040.c.o
                0x100071d8                dcd_edpt0_status_complete
 .text.dcd_edpt_open
                0x100071f4      0x114 CMakeFiles/week10_integration.dir/Users/metta/pico-sdk/lib/tinyusb/src/portable/raspberrypi/rp2040/dcd_rp2040.c.o
                0x100071f4                dcd_edpt_open
 .text.dcd_edpt_close_all
                0x10007308        0x8 CMakeFiles/week10_integration.dir/Users/metta/pico-sdk/lib/tinyusb/src/portable/raspberrypi/rp2040/dcd_rp2040.c.o
                0x10007308                dcd_edpt_close_all
 .text.dcd_edpt_xfer
                0x10007310       0x24 CMakeFiles/week10_integration.dir/Users/metta/pico-sdk/lib/tinyusb/src/portable/raspberrypi/rp2040/dcd_rp2040.c.o
                0x10007310                dcd_edpt_xfer
 .text.dcd_edpt_stall
                0x10007334       0x3c CMakeFiles/week10_integration.dir/Users/metta/pico-sdk/lib/tinyusb/src/portable/raspberrypi/rp2040/dcd_rp2040.c.o
                0x10007334                dcd_edpt_stall
 .text.dcd_edpt_clear_stall
                0x10007370       0x30 CMakeFiles/week10_integration.dir/Users/metta/pico-sdk/lib/tinyusb/src/portable/raspberrypi/rp2040/dcd_rp2040.c.o
                0x10007370                dcd_edpt_clear_stall
 .text.rp2040_usb_init
                0x100073a0       0x40 CMakeFiles/week10_integration.dir/Users/metta/pico-sdk/lib/tinyusb/src/portable/raspberrypi/rp2040/rp2040_usb.c.o
                0x100073a0                rp2040_usb_init
 .text.hw_endpoint_xfer_start
                0x100073e0       0x40 CMakeFiles/week10_integration.dir/Users/metta/pico-sdk/lib/tinyusb/src/portable/raspberrypi/rp2040/rp2040_usb.c.o
                0x100073e0                hw_endpoint_xfer_start
 .text.tud_event_hook_cb
                0x10007420        0x4 CMakeFiles/week10_integration.dir/Users/metta/pico-sdk/lib/tinyusb/src/device/usbd.c.o
                0x10007420                tud_event_hook_cb
 .text.tud_sof_cb
                0x10007424        0x4 CMakeFiles/week10_integration.dir/Users/metta/pico-sdk/lib/tinyusb/src/device/usbd.c.o
                0x10007424                tud_sof_cb
 .text.tud_descriptor_device_qualifier_cb
                0x10007428        0x4 CMakeFiles/week10_integration.dir/Users/metta/pico-sdk/lib/tinyusb/src/device/usbd.c.o
                0x10007428                tud_descriptor_device_qualifier_cb
 .text.tud_descriptor_other_speed_configuration_cb
                0x1000742c        0x4 CMakeFiles/week10_integration.dir/Users/metta/pico-sdk/lib/tinyusb/src/device/usbd.c.o
                0x1000742c                tud_descriptor_other_speed_configuration_cb
 .text.tud_mount_cb
                0x10007430        0x4 CMakeFiles/week10_integration.dir/Users/metta/pico-sdk/lib/tinyusb/src/device/usbd.c.o
                0x10007430                tud_mount_cb
 .text.tud_umount_cb
                0x10007434        0x4 CMakeFiles/week10_integration.dir/Users/metta/pico-sdk/lib/tinyusb/src/device/usbd.c.o
                0x10007434                tud_umount_cb
 .text.tud_suspend_cb
                0x10007438        0x4 CMakeFiles/week10_integration.dir/Users/metta/pico-sdk/lib/tinyusb/src/device/usbd.c.o
                0x10007438                tud_suspend_cb
 .text.tud_resume_cb
                0x1000743c        0x4 CMakeFiles/week10_integration.dir/Users/metta/pico-sdk/lib/tinyusb/src/device/usbd.c.o
                0x1000743c                tud_resume_cb
 .text.tud_mounted
                0x10007440       0x10 CMakeFiles/week10_integration.dir/Users/metta/pico-sdk/lib/tinyusb/src/device/usbd.c.o
                0x10007440                tud_mounted
 .text.tud_suspended
                0x10007450       0x10 CMakeFiles/week10_integration.dir/Users/metta/pico-sdk/lib/tinyusb/src/device/usbd.c.o
                0x10007450                tud_suspended
 .text.tud_rhport_init
                0x10007460       0xf4 CMakeFiles/week10_integration.dir/Users/metta/pico-sdk/lib/tinyusb/src/device/usbd.c.o
                0x10007460                tud_rhport_init
 .text.tud_task_ext
                0x10007554      0x800 CMakeFiles/week10_integration.dir/Users/metta/pico-sdk/lib/tinyusb/src/device/usbd.c.o
                0x10007554                tud_task_ext
 .text.usbd_open_edpt_pair
                0x10007d54       0x9c CMakeFiles/week10_integration.dir/Users/metta/pico-sdk/lib/tinyusb/src/device/usbd.c.o
                0x10007d54                usbd_open_edpt_pair
 .text.usbd_edpt_open
                0x10007df0       0x34 CMakeFiles/week10_integration.dir/Users/metta/pico-sdk/lib/tinyusb/src/device/usbd.c.o
                0x10007df0                usbd_edpt_open
 .text.usbd_edpt_claim
                0x10007e24       0x28 CMakeFiles/week10_integration.dir/Users/metta/pico-sdk/lib/tinyusb/src/device/usbd.c.o
                0x10007e24                usbd_edpt_claim
 .text.usbd_edpt_release
                0x10007e4c       0x28 CMakeFiles/week10_integration.dir/Users/metta/pico-sdk/lib/tinyusb/src/device/usbd.c.o
                0x10007e4c                usbd_edpt_release
 .text.usbd_edpt_xfer
                0x10007e74       0x4c CMakeFiles/week10_integration.dir/Users/metta/pico-sdk/lib/tinyusb/src/device/usbd.c.o
                0x10007e74                usbd_edpt_xfer
 .text.tud_control_status
                0x10007ec0       0x2c CMakeFiles/week10_integration.dir/Users/metta/pico-sdk/lib/tinyusb/src/device/usbd_control.c.o
                0x10007ec0                tud_control_status
 .text.tud_control_xfer
                0x10007eec       0xa8 CMakeFiles/week10_integration.dir/Users/metta/pico-sdk/lib/tinyusb/src/device/usbd_control.c.o
                0x10007eec                tud_control_xfer
 .text.usbd_control_reset
                0x10007f94       0x14 CMakeFiles/week10_integration.dir/Users/metta/pico-sdk/lib/tinyusb/src/device/usbd_control.c.o
                0x10007f94                usbd_control_reset
 .text.usbd_control_set_complete_callback
                0x10007fa8        0xc CMakeFiles/week10_integration.dir/Users/metta/pico-sdk/lib/tinyusb/src/device/usbd_control.c.o
                0x10007fa8                usbd_control_set_complete_callback
 .text.usbd_control_set_request
                0x10007fb4       0x1c CMakeFiles/week10_integration.dir/Users/metta/pico-sdk/lib/tinyusb/src/device/usbd_control.c.o
                0x10007fb4                usbd_control_set_request
 .text.usbd_control_xfer_cb
                0x10007fd0       0xec CMakeFiles/week10_integration.dir/Users/metta/pico-sdk/lib/tinyusb/src/device/usbd_control.c.o
                0x10007fd0                usbd_control_xfer_cb
 .text._prep_out_transaction.isra.0
                0x100080bc       0x6c CMakeFiles/week10_integration.dir/Users/metta/pico-sdk/lib/tinyusb/src/class/cdc/cdc_device.c.o
 .text.tud_cdc_n_connected
                0x10008128       0x2c CMakeFiles/week10_integration.dir/Users/metta/pico-sdk/lib/tinyusb/src/class/cdc/cdc_device.c.o
                0x10008128                tud_cdc_n_connected
 .text.tud_cdc_n_available
                0x10008154       0x14 CMakeFiles/week10_integration.dir/Users/metta/pico-sdk/lib/tinyusb/src/class/cdc/cdc_device.c.o
                0x10008154                tud_cdc_n_available
 .text.tud_cdc_n_read
                0x10008168       0x88 CMakeFiles/week10_integration.dir/Users/metta/pico-sdk/lib/tinyusb/src/class/cdc/cdc_device.c.o
                0x10008168                tud_cdc_n_read
 .text.tud_cdc_n_write_flush
                0x100081f0       0x74 CMakeFiles/week10_integration.dir/Users/metta/pico-sdk/lib/tinyusb/src/class/cdc/cdc_device.c.o
                0x100081f0                tud_cdc_n_write_flush
 .text.tud_cdc_n_write
                0x10008264       0x40 CMakeFiles/week10_integration.dir/Users/metta/pico-sdk/lib/tinyusb/src/class/cdc/cdc_device.c.o
                0x10008264                tud_cdc_n_write
 .text.tud_cdc_n_write_available
                0x100082a4       0x14 CMakeFiles/week10_integration.dir/Users/metta/pico-sdk/lib/tinyusb/src/class/cdc/cdc_device.c.o
                0x100082a4                tud_cdc_n_write_available
 .text.cdcd_init
                0x100082b8       0x70 CMakeFiles/week10_integration.dir/Users/metta/pico-sdk/lib/tinyusb/src/class/cdc/cdc_device.c.o
                0x100082b8                cdcd_init
 .text.cdcd_deinit
                0x10008328       0x30 CMakeFiles/week10_integration.dir/Users/metta/pico-sdk/lib/tinyusb/src/class/cdc/cdc_device.c.o
                0x10008328                cdcd_deinit
 .text.cdcd_reset
                0x10008358       0x4c CMakeFiles/week10_integration.dir/Users/metta/pico-sdk/lib/tinyusb/src/class/cdc/cdc_device.c.o
                0x10008358                cdcd_reset
 .text.cdcd_open
                0x100083a4       0xa4 CMakeFiles/week10_integration.dir/Users/metta/pico-sdk/lib/tinyusb/src/class/cdc/cdc_device.c.o
                0x100083a4                cdcd_open
 .text.cdcd_control_xfer_cb
                0x10008448       0xe8 CMakeFiles/week10_integration.dir/Users/metta/pico-sdk/lib/tinyusb/src/class/cdc/cdc_device.c.o
                0x10008448                cdcd_control_xfer_cb
 .text.cdcd_xfer_cb
                0x10008530      0x100 CMakeFiles/week10_integration.dir/Users/metta/pico-sdk/lib/tinyusb/src/class/cdc/cdc_device.c.o
                0x10008530                cdcd_xfer_cb
 .text.vendord_init
                0x10008630       0x5c CMakeFiles/week10_integration.dir/Users/metta/pico-sdk/lib/tinyusb/src/class/vendor/vendor_device.c.o
                0x10008630                vendord_init
 .text.vendord_deinit
                0x1000868c       0x1c CMakeFiles/week10_integration.dir/Users/metta/pico-sdk/lib/tinyusb/src/class/vendor/vendor_device.c.o
                0x1000868c                vendord_deinit
 .text.vendord_reset
                0x100086a8       0x28 CMakeFiles/week10_integration.dir/Users/metta/pico-sdk/lib/tinyusb/src/class/vendor/vendor_device.c.o
                0x100086a8                vendord_reset
 .text.vendord_open
                0x100086d0      0x120 CMakeFiles/week10_integration.dir/Users/metta/pico-sdk/lib/tinyusb/src/class/vendor/vendor_device.c.o
                0x100086d0                vendord_open
 .text.vendord_xfer_cb
                0x100087f0       0x9c CMakeFiles/week10_integration.dir/Users/metta/pico-sdk/lib/tinyusb/src/class/vendor/vendor_device.c.o
                0x100087f0                vendord_xfer_cb
 .text.tusb_rhport_init
                0x1000888c       0x4c CMakeFiles/week10_integration.dir/Users/metta/pico-sdk/lib/tinyusb/src/tusb.c.o
                0x1000888c                tusb_rhport_init
 .text.tu_edpt_claim
                0x100088d8       0x50 CMakeFiles/week10_integration.dir/Users/metta/pico-sdk/lib/tinyusb/src/tusb.c.o
                0x100088d8                tu_edpt_claim
 .text.tu_edpt_release
                0x10008928       0x38 CMakeFiles/week10_integration.dir/Users/metta/pico-sdk/lib/tinyusb/src/tusb.c.o
                0x10008928                tu_edpt_release
 .text.tu_edpt_validate
                0x10008960       0x7c CMakeFiles/week10_integration.dir/Users/metta/pico-sdk/lib/tinyusb/src/tusb.c.o
                0x10008960                tu_edpt_validate
 .text.tu_edpt_bind_driver
                0x100089dc       0x34 CMakeFiles/week10_integration.dir/Users/metta/pico-sdk/lib/tinyusb/src/tusb.c.o
                0x100089dc                tu_edpt_bind_driver
 .text.tu_edpt_stream_init
                0x10008a10       0x6c CMakeFiles/week10_integration.dir/Users/metta/pico-sdk/lib/tinyusb/src/tusb.c.o
                0x10008a10                tu_edpt_stream_init
 .text.tu_edpt_stream_deinit
                0x10008a7c        0x4 CMakeFiles/week10_integration.dir/Users/metta/pico-sdk/lib/tinyusb/src/tusb.c.o
                0x10008a7c                tu_edpt_stream_deinit
 .text.tu_edpt_stream_write_zlp_if_needed
                0x10008a80       0x68 CMakeFiles/week10_integration.dir/Users/metta/pico-sdk/lib/tinyusb/src/tusb.c.o
                0x10008a80                tu_edpt_stream_write_zlp_if_needed
 .text.tu_edpt_stream_write_xfer
                0x10008ae8       0x68 CMakeFiles/week10_integration.dir/Users/metta/pico-sdk/lib/tinyusb/src/tusb.c.o
                0x10008ae8                tu_edpt_stream_write_xfer
 .text.tu_edpt_stream_read_xfer
                0x10008b50       0xd8 CMakeFiles/week10_integration.dir/Users/metta/pico-sdk/lib/tinyusb/src/tusb.c.o
                0x10008b50                tu_edpt_stream_read_xfer
 .text.tu_fifo_config
                0x10008c28       0x6c CMakeFiles/week10_integration.dir/Users/metta/pico-sdk/lib/tinyusb/src/common/tusb_fifo.c.o
                0x10008c28                tu_fifo_config
 .text.tu_fifo_count
                0x10008c94       0x2c CMakeFiles/week10_integration.dir/Users/metta/pico-sdk/lib/tinyusb/src/common/tusb_fifo.c.o
                0x10008c94                tu_fifo_count
 .text.tu_fifo_empty
                0x10008cc0       0x10 CMakeFiles/week10_integration.dir/Users/metta/pico-sdk/lib/tinyusb/src/common/tusb_fifo.c.o
                0x10008cc0                tu_fifo_empty
 .text.tu_fifo_remaining
                0x10008cd0       0x2c CMakeFiles/week10_integration.dir/Users/metta/pico-sdk/lib/tinyusb/src/common/tusb_fifo.c.o
                0x10008cd0                tu_fifo_remaining
 .text.tu_fifo_read
                0x10008cfc       0x9c CMakeFiles/week10_integration.dir/Users/metta/pico-sdk/lib/tinyusb/src/common/tusb_fifo.c.o
                0x10008cfc                tu_fifo_read
 .text.tu_fifo_read_n
                0x10008d98       0xe8 CMakeFiles/week10_integration.dir/Users/metta/pico-sdk/lib/tinyusb/src/common/tusb_fifo.c.o
                0x10008d98                tu_fifo_read_n
 .text.tu_fifo_write
                0x10008e80       0xa4 CMakeFiles/week10_integration.dir/Users/metta/pico-sdk/lib/tinyusb/src/common/tusb_fifo.c.o
                0x10008e80                tu_fifo_write
 .text.tu_fifo_write_n
                0x10008f24      0x168 CMakeFiles/week10_integration.dir/Users/metta/pico-sdk/lib/tinyusb/src/common/tusb_fifo.c.o
                0x10008f24                tu_fifo_write_n
 .text.tu_fifo_clear
                0x1000908c       0x40 CMakeFiles/week10_integration.dir/Users/metta/pico-sdk/lib/tinyusb/src/common/tusb_fifo.c.o
                0x1000908c                tu_fifo_clear
 .text.tu_fifo_set_overwritable
                0x100090cc       0x48 CMakeFiles/week10_integration.dir/Users/metta/pico-sdk/lib/tinyusb/src/common/tusb_fifo.c.o
                0x100090cc                tu_fifo_set_overwritable
 .text.mqtt_close
                0x10009114       0x80 CMakeFiles/week10_integration.dir/Users/metta/pico-sdk/lib/lwip/src/apps/mqtt/mqtt.c.o
 .text.mqtt_cyclic_timer
                0x10009194      0x13c CMakeFiles/week10_integration.dir/Users/metta/pico-sdk/lib/lwip/src/apps/mqtt/mqtt.c.o
 .text.mqtt_output_send
                0x100092d0       0xf4 CMakeFiles/week10_integration.dir/Users/metta/pico-sdk/lib/lwip/src/apps/mqtt/mqtt.c.o
 .text.mqtt_tcp_sent_cb
                0x100093c4       0x6c CMakeFiles/week10_integration.dir/Users/metta/pico-sdk/lib/lwip/src/apps/mqtt/mqtt.c.o
 .text.pub_ack_rec_rel_response.isra.0
                0x10009430       0xa0 CMakeFiles/week10_integration.dir/Users/metta/pico-sdk/lib/lwip/src/apps/mqtt/mqtt.c.o
 .text.mqtt_message_received
                0x100094d0      0x268 CMakeFiles/week10_integration.dir/Users/metta/pico-sdk/lib/lwip/src/apps/mqtt/mqtt.c.o
 .text.mqtt_tcp_recv_cb
                0x10009738      0x1a8 CMakeFiles/week10_integration.dir/Users/metta/pico-sdk/lib/lwip/src/apps/mqtt/mqtt.c.o
 .text.mqtt_tcp_err_cb
                0x100098e0       0x50 CMakeFiles/week10_integration.dir/Users/metta/pico-sdk/lib/lwip/src/apps/mqtt/mqtt.c.o
 .text.mqtt_tcp_connect_cb
                0x10009930      0x16c CMakeFiles/week10_integration.dir/Users/metta/pico-sdk/lib/lwip/src/apps/mqtt/mqtt.c.o
 .text.mqtt_tcp_poll_cb
                0x10009a9c      0x11c CMakeFiles/week10_integration.dir/Users/metta/pico-sdk/lib/lwip/src/apps/mqtt/mqtt.c.o
 .text.mqtt_publish
                0x10009bb8      0x368 CMakeFiles/week10_integration.dir/Users/metta/pico-sdk/lib/lwip/src/apps/mqtt/mqtt.c.o
                0x10009bb8                mqtt_publish
 .text.mqtt_client_new
                0x10009f20       0x10 CMakeFiles/week10_integration.dir/Users/metta/pico-sdk/lib/lwip/src/apps/mqtt/mqtt.c.o
                0x10009f20                mqtt_client_new
 .text.mqtt_client_connect
                0x10009f30      0x8d8 CMakeFiles/week10_integration.dir/Users/metta/pico-sdk/lib/lwip/src/apps/mqtt/mqtt.c.o
                0x10009f30                mqtt_client_connect
 .text.mqtt_client_is_connected
                0x1000a808       0x1c CMakeFiles/week10_integration.dir/Users/metta/pico-sdk/lib/lwip/src/apps/mqtt/mqtt.c.o
                0x1000a808                mqtt_client_is_connected
 .text.lwip_timeout_reached
                0x1000a824        0x8 CMakeFiles/week10_integration.dir/Users/metta/pico-sdk/src/rp2_common/pico_lwip/lwip_nosys.c.o
 .text.update_next_timeout
                0x1000a82c       0x5c CMakeFiles/week10_integration.dir/Users/metta/pico-sdk/src/rp2_common/pico_lwip/lwip_nosys.c.o
 .text.lwip_nosys_init
                0x1000a888       0x30 CMakeFiles/week10_integration.dir/Users/metta/pico-sdk/src/rp2_common/pico_lwip/lwip_nosys.c.o
                0x1000a888                lwip_nosys_init
 .text.lwip_nosys_deinit
                0x1000a8b8       0x20 CMakeFiles/week10_integration.dir/Users/metta/pico-sdk/src/rp2_common/pico_lwip/lwip_nosys.c.o
                0x1000a8b8                lwip_nosys_deinit
 .text.sys_arch_protect
                0x1000a8d8        0x4 CMakeFiles/week10_integration.dir/Users/metta/pico-sdk/src/rp2_common/pico_lwip/lwip_nosys.c.o
                0x1000a8d8                sys_arch_protect
 .text.sys_arch_unprotect
                0x1000a8dc        0x4 CMakeFiles/week10_integration.dir/Users/metta/pico-sdk/src/rp2_common/pico_lwip/lwip_nosys.c.o
                0x1000a8dc                sys_arch_unprotect
 .text.sys_now  0x1000a8e0       0x20 CMakeFiles/week10_integration.dir/Users/metta/pico-sdk/src/rp2_common/pico_lwip/lwip_nosys.c.o
                0x1000a8e0                sys_now
 .text.async_context_base_add_at_time_worker
                0x1000a900       0x28 CMakeFiles/week10_integration.dir/Users/metta/pico-sdk/src/rp2_common/pico_async_context/async_context_base.c.o
                0x1000a900                async_context_base_add_at_time_worker
 .text.async_context_base_remove_at_time_worker
                0x1000a928       0x24 CMakeFiles/week10_integration.dir/Users/metta/pico-sdk/src/rp2_common/pico_async_context/async_context_base.c.o
                0x1000a928                async_context_base_remove_at_time_worker
 .text.async_context_base_add_when_pending_worker
                0x1000a94c       0x24 CMakeFiles/week10_integration.dir/Users/metta/pico-sdk/src/rp2_common/pico_async_context/async_context_base.c.o
                0x1000a94c                async_context_base_add_when_pending_worker
 .text.async_context_base_remove_when_pending_worker
                0x1000a970       0x24 CMakeFiles/week10_integration.dir/Users/metta/pico-sdk/src/rp2_common/pico_async_context/async_context_base.c.o
                0x1000a970                async_context_base_remove_when_pending_worker
 .text.async_context_base_execute_once
                0x1000a994      0x108 CMakeFiles/week10_integration.dir/Users/metta/pico-sdk/src/rp2_common/pico_async_context/async_context_base.c.o
                0x1000a994                async_context_base_execute_once
 .text.splitmix64
                0x1000aa9c       0x58 CMakeFiles/week10_integration.dir/Users/metta/pico-sdk/src/rp2_common/pico_rand/rand.c.o
 .text.xoroshiro128ss
                0x1000aaf4       0x90 CMakeFiles/week10_integration.dir/Users/metta/pico-sdk/src/rp2_common/pico_rand/rand.c.o
 .text.get_rand_64
                0x1000ab84      0x47c CMakeFiles/week10_integration.dir/Users/metta/pico-sdk/src/rp2_common/pico_rand/rand.c.o
                0x1000ab84                get_rand_64
 .text.get_rand_32
                0x1000b000        0x8 CMakeFiles/week10_integration.dir/Users/metta/pico-sdk/src/rp2_common/pico_rand/rand.c.o
                0x1000b000                get_rand_32
 .text.lwip_init
                0x1000b008       0x24 CMakeFiles/week10_integration.dir/Users/metta/pico-sdk/lib/lwip/src/core/init.c.o
                0x1000b008                lwip_init
 .text.lwip_htons
                0x1000b02c        0x8 CMakeFiles/week10_integration.dir/Users/metta/pico-sdk/lib/lwip/src/core/def.c.o
                0x1000b02c                lwip_htons
 .text.lwip_htonl
                0x1000b034        0x4 CMakeFiles/week10_integration.dir/Users/metta/pico-sdk/lib/lwip/src/core/def.c.o
                0x1000b034                lwip_htonl
 .text.dns_call_found
                0x1000b038      0x1bc CMakeFiles/week10_integration.dir/Users/metta/pico-sdk/lib/lwip/src/core/dns.c.o
 .text.dns_send.isra.0
                0x1000b1f4      0x174 CMakeFiles/week10_integration.dir/Users/metta/pico-sdk/lib/lwip/src/core/dns.c.o
 .text.dns_init
                0x1000b368        0x4 CMakeFiles/week10_integration.dir/Users/metta/pico-sdk/lib/lwip/src/core/dns.c.o
                0x1000b368                dns_init
 .text.dns_setserver
                0x1000b36c       0x24 CMakeFiles/week10_integration.dir/Users/metta/pico-sdk/lib/lwip/src/core/dns.c.o
                0x1000b36c                dns_setserver
 .text.dns_tmr  0x1000b390      0x130 CMakeFiles/week10_integration.dir/Users/metta/pico-sdk/lib/lwip/src/core/dns.c.o
                0x1000b390                dns_tmr
 .text.lwip_standard_chksum
                0x1000b4c0       0xf4 CMakeFiles/week10_integration.dir/Users/metta/pico-sdk/lib/lwip/src/core/inet_chksum.c.o
                0x1000b4c0                lwip_standard_chksum
 .text.inet_chksum_pseudo
                0x1000b5b4       0xbc CMakeFiles/week10_integration.dir/Users/metta/pico-sdk/lib/lwip/src/core/inet_chksum.c.o
                0x1000b5b4                inet_chksum_pseudo
 .text.ip_chksum_pseudo
                0x1000b670       0x10 CMakeFiles/week10_integration.dir/Users/metta/pico-sdk/lib/lwip/src/core/inet_chksum.c.o
                0x1000b670                ip_chksum_pseudo
 .text.inet_chksum
                0x1000b680        0xc CMakeFiles/week10_integration.dir/Users/metta/pico-sdk/lib/lwip/src/core/inet_chksum.c.o
                0x1000b680                inet_chksum
 .text.inet_chksum_pbuf
                0x1000b68c       0x78 CMakeFiles/week10_integration.dir/Users/metta/pico-sdk/lib/lwip/src/core/inet_chksum.c.o
                0x1000b68c                inet_chksum_pbuf
 .text.mem_init
                0x1000b704       0x3c CMakeFiles/week10_integration.dir/Users/metta/pico-sdk/lib/lwip/src/core/mem.c.o
                0x1000b704                mem_init
 .text.mem_free
                0x1000b740      0x13c CMakeFiles/week10_integration.dir/Users/metta/pico-sdk/lib/lwip/src/core/mem.c.o
                0x1000b740                mem_free
 .text.mem_trim
                0x1000b87c      0x104 CMakeFiles/week10_integration.dir/Users/metta/pico-sdk/lib/lwip/src/core/mem.c.o
                0x1000b87c                mem_trim
 .text.mem_malloc
                0x1000b980      0x130 CMakeFiles/week10_integration.dir/Users/metta/pico-sdk/lib/lwip/src/core/mem.c.o
                0x1000b980                mem_malloc
 .text.mem_calloc
                0x1000bab0       0x28 CMakeFiles/week10_integration.dir/Users/metta/pico-sdk/lib/lwip/src/core/mem.c.o
                0x1000bab0                mem_calloc
 .text.memp_init
                0x1000bad8       0x6c CMakeFiles/week10_integration.dir/Users/metta/pico-sdk/lib/lwip/src/core/memp.c.o
                0x1000bad8                memp_init
 .text.memp_malloc
                0x1000bb44       0x40 CMakeFiles/week10_integration.dir/Users/metta/pico-sdk/lib/lwip/src/core/memp.c.o
                0x1000bb44                memp_malloc
 .text.memp_free
                0x1000bb84       0x38 CMakeFiles/week10_integration.dir/Users/metta/pico-sdk/lib/lwip/src/core/memp.c.o
                0x1000bb84                memp_free
 .text.netif_null_output_ip4
                0x1000bbbc        0x8 CMakeFiles/week10_integration.dir/Users/metta/pico-sdk/lib/lwip/src/core/netif.c.o
 .text.netif_do_set_ipaddr.isra.0
                0x1000bbc4       0x70 CMakeFiles/week10_integration.dir/Users/metta/pico-sdk/lib/lwip/src/core/netif.c.o
 .text.netif_init
                0x1000bc34        0x4 CMakeFiles/week10_integration.dir/Users/metta/pico-sdk/lib/lwip/src/core/netif.c.o
                0x1000bc34                netif_init
 .text.netif_add
                0x1000bc38      0x174 CMakeFiles/week10_integration.dir/Users/metta/pico-sdk/lib/lwip/src/core/netif.c.o
                0x1000bc38                netif_add
 .text.netif_set_addr
                0x1000bdac       0xb8 CMakeFiles/week10_integration.dir/Users/metta/pico-sdk/lib/lwip/src/core/netif.c.o
                0x1000bdac                netif_set_addr
 .text.netif_remove
                0x1000be64       0x94 CMakeFiles/week10_integration.dir/Users/metta/pico-sdk/lib/lwip/src/core/netif.c.o
                0x1000be64                netif_remove
 .text.netif_set_default
                0x1000bef8        0xc CMakeFiles/week10_integration.dir/Users/metta/pico-sdk/lib/lwip/src/core/netif.c.o
                0x1000bef8                netif_set_default
 .text.netif_set_up
                0x1000bf04       0x40 CMakeFiles/week10_integration.dir/Users/metta/pico-sdk/lib/lwip/src/core/netif.c.o
                0x1000bf04                netif_set_up
 .text.netif_set_link_up
                0x1000bf44       0x44 CMakeFiles/week10_integration.dir/Users/metta/pico-sdk/lib/lwip/src/core/netif.c.o
                0x1000bf44                netif_set_link_up
 .text.netif_set_link_down
                0x1000bf88       0x20 CMakeFiles/week10_integration.dir/Users/metta/pico-sdk/lib/lwip/src/core/netif.c.o
                0x1000bf88                netif_set_link_down
 .text.netif_get_by_index
                0x1000bfa8       0x2c CMakeFiles/week10_integration.dir/Users/metta/pico-sdk/lib/lwip/src/core/netif.c.o
                0x1000bfa8                netif_get_by_index
 .text.pbuf_free.part.0
                0x1000bfd4       0x7c CMakeFiles/week10_integration.dir/Users/metta/pico-sdk/lib/lwip/src/core/pbuf.c.o
 .text.pbuf_free_ooseq
                0x1000c050       0x34 CMakeFiles/week10_integration.dir/Users/metta/pico-sdk/lib/lwip/src/core/pbuf.c.o
                0x1000c050                pbuf_free_ooseq
 .text.pbuf_alloc
                0x1000c084      0x134 CMakeFiles/week10_integration.dir/Users/metta/pico-sdk/lib/lwip/src/core/pbuf.c.o
                0x1000c084                pbuf_alloc
 .text.pbuf_realloc
                0x1000c1b8       0x84 CMakeFiles/week10_integration.dir/Users/metta/pico-sdk/lib/lwip/src/core/pbuf.c.o
                0x1000c1b8                pbuf_realloc
 .text.pbuf_add_header
                0x1000c23c       0x54 CMakeFiles/week10_integration.dir/Users/metta/pico-sdk/lib/lwip/src/core/pbuf.c.o
                0x1000c23c                pbuf_add_header
 .text.pbuf_remove_header
                0x1000c290       0x3c CMakeFiles/week10_integration.dir/Users/metta/pico-sdk/lib/lwip/src/core/pbuf.c.o
                0x1000c290                pbuf_remove_header
 .text.pbuf_header_force
                0x1000c2cc       0x68 CMakeFiles/week10_integration.dir/Users/metta/pico-sdk/lib/lwip/src/core/pbuf.c.o
                0x1000c2cc                pbuf_header_force
 .text.pbuf_free
                0x1000c334       0x18 CMakeFiles/week10_integration.dir/Users/metta/pico-sdk/lib/lwip/src/core/pbuf.c.o
                0x1000c334                pbuf_free
 .text.pbuf_clen
                0x1000c34c       0x14 CMakeFiles/week10_integration.dir/Users/metta/pico-sdk/lib/lwip/src/core/pbuf.c.o
                0x1000c34c                pbuf_clen
 .text.pbuf_ref
                0x1000c360       0x28 CMakeFiles/week10_integration.dir/Users/metta/pico-sdk/lib/lwip/src/core/pbuf.c.o
                0x1000c360                pbuf_ref
 .text.pbuf_cat
                0x1000c388       0x54 CMakeFiles/week10_integration.dir/Users/metta/pico-sdk/lib/lwip/src/core/pbuf.c.o
                0x1000c388                pbuf_cat
 .text.pbuf_chain
                0x1000c3dc       0x70 CMakeFiles/week10_integration.dir/Users/metta/pico-sdk/lib/lwip/src/core/pbuf.c.o
                0x1000c3dc                pbuf_chain
 .text.pbuf_copy_partial_pbuf
                0x1000c44c      0x158 CMakeFiles/week10_integration.dir/Users/metta/pico-sdk/lib/lwip/src/core/pbuf.c.o
                0x1000c44c                pbuf_copy_partial_pbuf
 .text.pbuf_copy
                0x1000c5a4       0x18 CMakeFiles/week10_integration.dir/Users/metta/pico-sdk/lib/lwip/src/core/pbuf.c.o
                0x1000c5a4                pbuf_copy
 .text.pbuf_copy_partial
                0x1000c5bc       0x70 CMakeFiles/week10_integration.dir/Users/metta/pico-sdk/lib/lwip/src/core/pbuf.c.o
                0x1000c5bc                pbuf_copy_partial
 .text.pbuf_get_contiguous
                0x1000c62c       0xb8 CMakeFiles/week10_integration.dir/Users/metta/pico-sdk/lib/lwip/src/core/pbuf.c.o
                0x1000c62c                pbuf_get_contiguous
 .text.pbuf_take
                0x1000c6e4       0x78 CMakeFiles/week10_integration.dir/Users/metta/pico-sdk/lib/lwip/src/core/pbuf.c.o
                0x1000c6e4                pbuf_take
 .text.pbuf_take_at
                0x1000c75c       0xc0 CMakeFiles/week10_integration.dir/Users/metta/pico-sdk/lib/lwip/src/core/pbuf.c.o
                0x1000c75c                pbuf_take_at
 .text.pbuf_clone
                0x1000c81c       0x30 CMakeFiles/week10_integration.dir/Users/metta/pico-sdk/lib/lwip/src/core/pbuf.c.o
                0x1000c81c                pbuf_clone
 .text.pbuf_get_at
                0x1000c84c       0x20 CMakeFiles/week10_integration.dir/Users/metta/pico-sdk/lib/lwip/src/core/pbuf.c.o
                0x1000c84c                pbuf_get_at
 .text.pbuf_put_at
                0x1000c86c       0x1c CMakeFiles/week10_integration.dir/Users/metta/pico-sdk/lib/lwip/src/core/pbuf.c.o
                0x1000c86c                pbuf_put_at
 .text.raw_input
                0x1000c888      0x164 CMakeFiles/week10_integration.dir/Users/metta/pico-sdk/lib/lwip/src/core/raw.c.o
                0x1000c888                raw_input
 .text.raw_netif_ip_addr_changed
                0x1000c9ec       0x40 CMakeFiles/week10_integration.dir/Users/metta/pico-sdk/lib/lwip/src/core/raw.c.o
                0x1000c9ec                raw_netif_ip_addr_changed
 .text.stats_init
                0x1000ca2c        0x4 CMakeFiles/week10_integration.dir/Users/metta/pico-sdk/lib/lwip/src/core/stats.c.o
                0x1000ca2c                stats_init
 .text.tcp_close_shutdown_fin
                0x1000ca30       0x54 CMakeFiles/week10_integration.dir/Users/metta/pico-sdk/lib/lwip/src/core/tcp.c.o
 .text.tcp_pcb_purge.part.0
                0x1000ca84       0xc4 CMakeFiles/week10_integration.dir/Users/metta/pico-sdk/lib/lwip/src/core/tcp.c.o
 .text.tcp_init
                0x1000cb48       0x20 CMakeFiles/week10_integration.dir/Users/metta/pico-sdk/lib/lwip/src/core/tcp.c.o
                0x1000cb48                tcp_init
 .text.tcp_free
                0x1000cb68       0x1c CMakeFiles/week10_integration.dir/Users/metta/pico-sdk/lib/lwip/src/core/tcp.c.o
                0x1000cb68                tcp_free
 .text.tcp_bind
                0x1000cb84       0xf4 CMakeFiles/week10_integration.dir/Users/metta/pico-sdk/lib/lwip/src/core/tcp.c.o
                0x1000cb84                tcp_bind
 .text.tcp_update_rcv_ann_wnd
                0x1000cc78       0x58 CMakeFiles/week10_integration.dir/Users/metta/pico-sdk/lib/lwip/src/core/tcp.c.o
                0x1000cc78                tcp_update_rcv_ann_wnd
 .text.tcp_recved
                0x1000ccd0       0x98 CMakeFiles/week10_integration.dir/Users/metta/pico-sdk/lib/lwip/src/core/tcp.c.o
                0x1000ccd0                tcp_recved
 .text.tcp_connect
                0x1000cd68      0x1bc CMakeFiles/week10_integration.dir/Users/metta/pico-sdk/lib/lwip/src/core/tcp.c.o
                0x1000cd68                tcp_connect
 .text.tcp_slowtmr
                0x1000cf24      0x514 CMakeFiles/week10_integration.dir/Users/metta/pico-sdk/lib/lwip/src/core/tcp.c.o
                0x1000cf24                tcp_slowtmr
 .text.tcp_segs_free
                0x1000d438       0x38 CMakeFiles/week10_integration.dir/Users/metta/pico-sdk/lib/lwip/src/core/tcp.c.o
                0x1000d438                tcp_segs_free
 .text.tcp_seg_free
                0x1000d470       0x1c CMakeFiles/week10_integration.dir/Users/metta/pico-sdk/lib/lwip/src/core/tcp.c.o
                0x1000d470                tcp_seg_free
 .text.tcp_seg_copy
                0x1000d48c       0x2c CMakeFiles/week10_integration.dir/Users/metta/pico-sdk/lib/lwip/src/core/tcp.c.o
                0x1000d48c                tcp_seg_copy
 .text.tcp_arg  0x1000d4b8        0x8 CMakeFiles/week10_integration.dir/Users/metta/pico-sdk/lib/lwip/src/core/tcp.c.o
                0x1000d4b8                tcp_arg
 .text.tcp_recv
                0x1000d4c0       0x1c CMakeFiles/week10_integration.dir/Users/metta/pico-sdk/lib/lwip/src/core/tcp.c.o
                0x1000d4c0                tcp_recv
 .text.tcp_sent
                0x1000d4dc       0x1c CMakeFiles/week10_integration.dir/Users/metta/pico-sdk/lib/lwip/src/core/tcp.c.o
                0x1000d4dc                tcp_sent
 .text.tcp_err  0x1000d4f8       0x1c CMakeFiles/week10_integration.dir/Users/metta/pico-sdk/lib/lwip/src/core/tcp.c.o
                0x1000d4f8                tcp_err
 .text.tcp_poll
                0x1000d514       0x20 CMakeFiles/week10_integration.dir/Users/metta/pico-sdk/lib/lwip/src/core/tcp.c.o
                0x1000d514                tcp_poll
 .text.tcp_pcb_purge
                0x1000d534       0x18 CMakeFiles/week10_integration.dir/Users/metta/pico-sdk/lib/lwip/src/core/tcp.c.o
                0x1000d534                tcp_pcb_purge
 .text.tcp_pcb_remove
                0x1000d54c       0xc8 CMakeFiles/week10_integration.dir/Users/metta/pico-sdk/lib/lwip/src/core/tcp.c.o
                0x1000d54c                tcp_pcb_remove
 .text.tcp_abandon
                0x1000d614      0x1a0 CMakeFiles/week10_integration.dir/Users/metta/pico-sdk/lib/lwip/src/core/tcp.c.o
                0x1000d614                tcp_abandon
 .text.tcp_abort
                0x1000d7b4        0xc CMakeFiles/week10_integration.dir/Users/metta/pico-sdk/lib/lwip/src/core/tcp.c.o
                0x1000d7b4                tcp_abort
 .text.tcp_alloc
                0x1000d7c0      0x1d4 CMakeFiles/week10_integration.dir/Users/metta/pico-sdk/lib/lwip/src/core/tcp.c.o
                0x1000d7c0                tcp_alloc
 .text.tcp_new_ip_type
                0x1000d994        0xc CMakeFiles/week10_integration.dir/Users/metta/pico-sdk/lib/lwip/src/core/tcp.c.o
                0x1000d994                tcp_new_ip_type
 .text.tcp_close_shutdown
                0x1000d9a0      0x188 CMakeFiles/week10_integration.dir/Users/metta/pico-sdk/lib/lwip/src/core/tcp.c.o
 .text.tcp_recv_null
                0x1000db28       0xcc CMakeFiles/week10_integration.dir/Users/metta/pico-sdk/lib/lwip/src/core/tcp.c.o
                0x1000db28                tcp_recv_null
 .text.tcp_process_refused_data
                0x1000dbf4       0x78 CMakeFiles/week10_integration.dir/Users/metta/pico-sdk/lib/lwip/src/core/tcp.c.o
                0x1000dbf4                tcp_process_refused_data
 .text.tcp_fasttmr
                0x1000dc6c       0x98 CMakeFiles/week10_integration.dir/Users/metta/pico-sdk/lib/lwip/src/core/tcp.c.o
                0x1000dc6c                tcp_fasttmr
 .text.tcp_tmr  0x1000dd04       0x20 CMakeFiles/week10_integration.dir/Users/metta/pico-sdk/lib/lwip/src/core/tcp.c.o
                0x1000dd04                tcp_tmr
 .text.tcp_close
                0x1000dd24      0x170 CMakeFiles/week10_integration.dir/Users/metta/pico-sdk/lib/lwip/src/core/tcp.c.o
                0x1000dd24                tcp_close
 .text.tcp_next_iss
                0x1000de94       0x28 CMakeFiles/week10_integration.dir/Users/metta/pico-sdk/lib/lwip/src/core/tcp.c.o
                0x1000de94                tcp_next_iss
 .text.tcp_eff_send_mss_netif
                0x1000debc       0x34 CMakeFiles/week10_integration.dir/Users/metta/pico-sdk/lib/lwip/src/core/tcp.c.o
                0x1000debc                tcp_eff_send_mss_netif
 .text.tcp_netif_ip_addr_changed
                0x1000def0       0x94 CMakeFiles/week10_integration.dir/Users/metta/pico-sdk/lib/lwip/src/core/tcp.c.o
                0x1000def0                tcp_netif_ip_addr_changed
 .text.tcp_free_ooseq
                0x1000df84       0x40 CMakeFiles/week10_integration.dir/Users/metta/pico-sdk/lib/lwip/src/core/tcp.c.o
                0x1000df84                tcp_free_ooseq
 .text.tcp_parseopt
                0x1000dfc4      0x1b0 CMakeFiles/week10_integration.dir/Users/metta/pico-sdk/lib/lwip/src/core/tcp_in.c.o
 .text.tcp_oos_insert_segment
                0x1000e174       0xcc CMakeFiles/week10_integration.dir/Users/metta/pico-sdk/lib/lwip/src/core/tcp_in.c.o
 .text.tcp_free_acked_segments.isra.0
                0x1000e240       0xdc CMakeFiles/week10_integration.dir/Users/metta/pico-sdk/lib/lwip/src/core/tcp_in.c.o
 .text.tcp_receive
                0x1000e31c      0xa34 CMakeFiles/week10_integration.dir/Users/metta/pico-sdk/lib/lwip/src/core/tcp_in.c.o
 .text.tcp_input
                0x1000ed50      0xe3c CMakeFiles/week10_integration.dir/Users/metta/pico-sdk/lib/lwip/src/core/tcp_in.c.o
                0x1000ed50                tcp_input
 .text.tcp_trigger_input_pcb_close
                0x1000fb8c       0x10 CMakeFiles/week10_integration.dir/Users/metta/pico-sdk/lib/lwip/src/core/tcp_in.c.o
                0x1000fb8c                tcp_trigger_input_pcb_close
 .text.tcp_create_segment
                0x1000fb9c       0xe8 CMakeFiles/week10_integration.dir/Users/metta/pico-sdk/lib/lwip/src/core/tcp_out.c.o
 .text.tcp_output_control_segment
                0x1000fc84       0xb4 CMakeFiles/week10_integration.dir/Users/metta/pico-sdk/lib/lwip/src/core/tcp_out.c.o
 .text.tcp_write
                0x1000fd38      0x470 CMakeFiles/week10_integration.dir/Users/metta/pico-sdk/lib/lwip/src/core/tcp_out.c.o
                0x1000fd38                tcp_write
 .text.tcp_split_unsent_seg
                0x100101a8      0x1b4 CMakeFiles/week10_integration.dir/Users/metta/pico-sdk/lib/lwip/src/core/tcp_out.c.o
                0x100101a8                tcp_split_unsent_seg
 .text.tcp_send_fin
                0x1001035c      0x118 CMakeFiles/week10_integration.dir/Users/metta/pico-sdk/lib/lwip/src/core/tcp_out.c.o
                0x1001035c                tcp_send_fin
 .text.tcp_enqueue_flags
                0x10010474      0x12c CMakeFiles/week10_integration.dir/Users/metta/pico-sdk/lib/lwip/src/core/tcp_out.c.o
                0x10010474                tcp_enqueue_flags
 .text.tcp_rexmit_rto_prepare
                0x100105a0       0x9c CMakeFiles/week10_integration.dir/Users/metta/pico-sdk/lib/lwip/src/core/tcp_out.c.o
                0x100105a0                tcp_rexmit_rto_prepare
 .text.tcp_rexmit
                0x1001063c       0x9c CMakeFiles/week10_integration.dir/Users/metta/pico-sdk/lib/lwip/src/core/tcp_out.c.o
                0x1001063c                tcp_rexmit
 .text.tcp_rexmit_fast
                0x100106d8       0x64 CMakeFiles/week10_integration.dir/Users/metta/pico-sdk/lib/lwip/src/core/tcp_out.c.o
                0x100106d8                tcp_rexmit_fast
 .text.tcp_rst  0x1001073c       0xe8 CMakeFiles/week10_integration.dir/Users/metta/pico-sdk/lib/lwip/src/core/tcp_out.c.o
                0x1001073c                tcp_rst
 .text.tcp_rst_netif
                0x10010824      0x130 CMakeFiles/week10_integration.dir/Users/metta/pico-sdk/lib/lwip/src/core/tcp_out.c.o
                0x10010824                tcp_rst_netif
 .text.tcp_send_empty_ack
                0x10010954       0xf0 CMakeFiles/week10_integration.dir/Users/metta/pico-sdk/lib/lwip/src/core/tcp_out.c.o
                0x10010954                tcp_send_empty_ack
 .text.tcp_output
                0x10010a44      0x44c CMakeFiles/week10_integration.dir/Users/metta/pico-sdk/lib/lwip/src/core/tcp_out.c.o
                0x10010a44                tcp_output
 .text.tcp_rexmit_rto_commit
                0x10010e90       0x24 CMakeFiles/week10_integration.dir/Users/metta/pico-sdk/lib/lwip/src/core/tcp_out.c.o
                0x10010e90                tcp_rexmit_rto_commit
 .text.tcp_rexmit_rto
                0x10010eb4       0xa4 CMakeFiles/week10_integration.dir/Users/metta/pico-sdk/lib/lwip/src/core/tcp_out.c.o
                0x10010eb4                tcp_rexmit_rto
 .text.tcp_keepalive
                0x10010f58       0xdc CMakeFiles/week10_integration.dir/Users/metta/pico-sdk/lib/lwip/src/core/tcp_out.c.o
                0x10010f58                tcp_keepalive
 .text.tcp_zero_window_probe
                0x10011034      0x1a8 CMakeFiles/week10_integration.dir/Users/metta/pico-sdk/lib/lwip/src/core/tcp_out.c.o
                0x10011034                tcp_zero_window_probe
 .text.tcpip_tcp_timer
                0x100111dc       0x78 CMakeFiles/week10_integration.dir/Users/metta/pico-sdk/lib/lwip/src/core/timeouts.c.o
 .text.lwip_cyclic_timer
                0x10011254       0x98 CMakeFiles/week10_integration.dir/Users/metta/pico-sdk/lib/lwip/src/core/timeouts.c.o
 .text.tcp_timer_needed
                0x100112ec       0x7c CMakeFiles/week10_integration.dir/Users/metta/pico-sdk/lib/lwip/src/core/timeouts.c.o
                0x100112ec                tcp_timer_needed
 .text.sys_timeouts_init
                0x10011368       0x8c CMakeFiles/week10_integration.dir/Users/metta/pico-sdk/lib/lwip/src/core/timeouts.c.o
                0x10011368                sys_timeouts_init
 .text.sys_timeout
                0x100113f4       0x60 CMakeFiles/week10_integration.dir/Users/metta/pico-sdk/lib/lwip/src/core/timeouts.c.o
                0x100113f4                sys_timeout
 .text.sys_untimeout
                0x10011454       0x40 CMakeFiles/week10_integration.dir/Users/metta/pico-sdk/lib/lwip/src/core/timeouts.c.o
                0x10011454                sys_untimeout
 .text.sys_check_timeouts
                0x10011494       0x68 CMakeFiles/week10_integration.dir/Users/metta/pico-sdk/lib/lwip/src/core/timeouts.c.o
                0x10011494                sys_check_timeouts
 .text.sys_timeouts_sleeptime
                0x100114fc       0x28 CMakeFiles/week10_integration.dir/Users/metta/pico-sdk/lib/lwip/src/core/timeouts.c.o
                0x100114fc                sys_timeouts_sleeptime
 .text.udp_init
                0x10011524       0x20 CMakeFiles/week10_integration.dir/Users/metta/pico-sdk/lib/lwip/src/core/udp.c.o
                0x10011524                udp_init
 .text.udp_input
                0x10011544      0x330 CMakeFiles/week10_integration.dir/Users/metta/pico-sdk/lib/lwip/src/core/udp.c.o
                0x10011544                udp_input
 .text.udp_bind
                0x10011874       0xf0 CMakeFiles/week10_integration.dir/Users/metta/pico-sdk/lib/lwip/src/core/udp.c.o
                0x10011874                udp_bind
 .text.udp_sendto_if_src
                0x10011964      0x130 CMakeFiles/week10_integration.dir/Users/metta/pico-sdk/lib/lwip/src/core/udp.c.o
                0x10011964                udp_sendto_if_src
 .text.udp_sendto_if
                0x10011a94       0x48 CMakeFiles/week10_integration.dir/Users/metta/pico-sdk/lib/lwip/src/core/udp.c.o
                0x10011a94                udp_sendto_if
 .text.udp_sendto
                0x10011adc       0x78 CMakeFiles/week10_integration.dir/Users/metta/pico-sdk/lib/lwip/src/core/udp.c.o
                0x10011adc                udp_sendto
 .text.udp_connect
                0x10011b54       0x5c CMakeFiles/week10_integration.dir/Users/metta/pico-sdk/lib/lwip/src/core/udp.c.o
                0x10011b54                udp_connect
 .text.udp_recv
                0x10011bb0        0xc CMakeFiles/week10_integration.dir/Users/metta/pico-sdk/lib/lwip/src/core/udp.c.o
                0x10011bb0                udp_recv
 .text.udp_remove
                0x10011bbc       0x3c CMakeFiles/week10_integration.dir/Users/metta/pico-sdk/lib/lwip/src/core/udp.c.o
                0x10011bbc                udp_remove
 .text.udp_new  0x10011bf8       0x1c CMakeFiles/week10_integration.dir/Users/metta/pico-sdk/lib/lwip/src/core/udp.c.o
                0x10011bf8                udp_new
 .text.udp_netif_ip_addr_changed
                0x10011c14       0x40 CMakeFiles/week10_integration.dir/Users/metta/pico-sdk/lib/lwip/src/core/udp.c.o
                0x10011c14                udp_netif_ip_addr_changed
 .text.dhcp_create_msg
                0x10011c54      0x160 CMakeFiles/week10_integration.dir/Users/metta/pico-sdk/lib/lwip/src/core/ipv4/dhcp.c.o
 .text.dhcp_inc_pcb_refcount
                0x10011db4       0x6c CMakeFiles/week10_integration.dir/Users/metta/pico-sdk/lib/lwip/src/core/ipv4/dhcp.c.o
 .text.dhcp_bind
                0x10011e20      0x144 CMakeFiles/week10_integration.dir/Users/metta/pico-sdk/lib/lwip/src/core/ipv4/dhcp.c.o
 .text.dhcp_option_hostname.isra.0