Archive member included to satisfy reference by file (symbol)

/Applications/ArmGNUToolchain/14.3.rel1/arm-none-eabi/bin/../lib/gcc/arm-none-eabi/14.3.1/thumb/v6-m/nofp/libgcc.a(_dvmd_tls.o)
                              CMakeFiles/week10_integration.dir/Users/metta/pico-sdk/src/rp2_common/pico_divider/divider_hardware.S.o (__aeabi_idiv0)
/Applications/ArmGNUToolchain/14.3.rel1/arm-none-eabi/bin/../lib/gcc/arm-none-eabi/14.3.1/../../../../arm-none-eabi/lib/thumb/v6-m/nofp/libg.a(libc_a-calloc.o)
                              CMakeFiles/week10_integration.dir/Users/metta/pico-sdk/src/rp2_common/pico_malloc/malloc.c.o (calloc)
/Applications/ArmGNUToolchain/14.3.rel1/arm-none-eabi/bin/../lib/gcc/arm-none-eabi/14.3.1/../../../../arm-none-eabi/lib/thumb/v6-m/nofp/libg.a(libc_a-callocr.o)
                              /Applications/ArmGNUToolchain/14.3.rel1/arm-none-eabi/bin/../lib/gcc/arm-none-eabi/14.3.1/../../../../arm-none-eabi/lib/thumb/v6-m/nofp/libg.a(libc_a-calloc.o) (_calloc_r)
/Applications/ArmGNUToolchain/14.3.rel1/arm-none-eabi/bin/../lib/gcc/arm-none-eabi/14.3.1/../../../../arm-none-eabi/lib/thumb/v6-m/nofp/libg.a(libc_a-malloc.o)
                              CMakeFiles/week10_integration.dir/Users/metta/pico-sdk/src/rp2_common/pico_malloc/malloc.c.o (malloc)
/Applications/ArmGNUToolchain/14.3.rel1/arm-none-eabi/bin/../lib/gcc/arm-none-eabi/14.3.1/../../../../arm-none-eabi/lib/thumb/v6-m/nofp/libg.a(libc_a-mallocr.o)
                              /Applications/ArmGNUToolchain/14.3.rel1/arm-none-eabi/bin/../lib/gcc/arm-none-eabi/14.3.1/../../../../arm-none-eabi/lib/thumb/v6-m/nofp/libg.a(libc_a-callocr.o) (_malloc_r)
/Applications/ArmGNUToolchain/14.3.rel1/arm-none-eabi/bin/../lib/gcc/arm-none-eabi/14.3.1/../../../../arm-none-eabi/lib/thumb/v6-m/nofp/libg.a(libc_a-mlock.o)
                              /Applications/ArmGNUToolchain/14.3.rel1/arm-none-eabi/bin/../lib/gcc/arm-none-eabi/14.3.1/../../../../arm-none-eabi/lib/thumb/v6-m/nofp/libg.a(libc_a-mallocr.o) (__malloc_lock)
/Applications/ArmGNUToolchain/14.3.rel1/arm-none-eabi/bin/../lib/gcc/arm-none-eabi/14.3.1/../../../../arm-none-eabi/lib/thumb/v6-m/nofp/libg.a(libc_a-realloc.o)
                              CMakeFiles/week10_integration.dir/Users/metta/pico-sdk/src/rp2_common/pico_malloc/malloc.c.o (realloc)
/Applications/ArmGNUToolchain/14.3.rel1/arm-none-eabi/bin/../lib/gcc/arm-none-eabi/14.3.1/../../../../arm-none-eabi/lib/thumb/v6-m/nofp/libg.a(libc_a-reallocr.o)
                              /Applications/ArmGNUToolchain/14.3.rel1/arm-none-eabi/bin/../lib/gcc/arm-none-eabi/14.3.1/../../../../arm-none-eabi/lib/thumb/v6-m/nofp/libg.a(libc_a-realloc.o) (_realloc_r)
/Applications/ArmGNUToolchain/14.3.rel1/arm-none-eabi/bin/../lib/gcc/arm-none-eabi/14.3.1/../../../../arm-none-eabi/lib/thumb/v6-m/nofp/libg.a(libc_a-memcmp.o)
                              CMakeFiles/week10_integration.dir/Users/metta/pico-sdk/src/rp2_common/pico_atomic/atomic.c.o (memcmp)
/Applications/ArmGNUToolchain/14.3.rel1/arm-none-eabi/bin/../lib/gcc/arm-none-eabi/14.3.1/../../../../arm-none-eabi/lib/thumb/v6-m/nofp/libg.a(libc_a-memmove.o)
                              /Applications/ArmGNUToolchain/14.3.rel1/arm-none-eabi/bin/../lib/gcc/arm-none-eabi/14.3.1/../../../../arm-none-eabi/lib/thumb/v6-m/nofp/libg.a(libc_a-reallocr.o) (memmove)
/Applications/ArmGNUToolchain/14.3.rel1/arm-none-eabi/bin/../lib/gcc/arm-none-eabi/14.3.1/../../../../arm-none-eabi/lib/thumb/v6-m/nofp/libg.a(libc_a-lcltime_r.o)
                              CMakeFiles/week10_integration.dir/Users/metta/pico-sdk/src/common/pico_util/datetime.c.o (localtime_r)
/Applications/ArmGNUToolchain/14.3.rel1/arm-none-eabi/bin/../lib/gcc/arm-none-eabi/14.3.1/../../../../arm-none-eabi/lib/thumb/v6-m/nofp/libg.a(libc_a-mktime.o)
                              CMakeFiles/week10_integration.dir/Users/metta/pico-sdk/src/common/pico_util/datetime.c.o (mktime)
/Applications/ArmGNUToolchain/14.3.rel1/arm-none-eabi/bin/../lib/gcc/arm-none-eabi/14.3.1/../../../../arm-none-eabi/lib/thumb/v6-m/nofp/libg.a(libc_a-month_lengths.o)
                              /Applications/ArmGNUToolchain/14.3.rel1/arm-none-eabi/bin/../lib/gcc/arm-none-eabi/14.3.1/../../../../arm-none-eabi/lib/thumb/v6-m/nofp/libg.a(libc_a-lcltime_r.o) (__month_lengths)
/Applications/ArmGNUToolchain/14.3.rel1/arm-none-eabi/bin/../lib/gcc/arm-none-eabi/14.3.1/../../../../arm-none-eabi/lib/thumb/v6-m/nofp/libg.a(libc_a-tzcalc_limits.o)
                              /Applications/ArmGNUToolchain/14.3.rel1/arm-none-eabi/bin/../lib/gcc/arm-none-eabi/14.3.1/../../../../arm-none-eabi/lib/thumb/v6-m/nofp/libg.a(libc_a-lcltime_r.o) (__tzcalc_limits)
/Applications/ArmGNUToolchain/14.3.rel1/arm-none-eabi/bin/../lib/gcc/arm-none-eabi/14.3.1/../../../../arm-none-eabi/lib/thumb/v6-m/nofp/libg.a(libc_a-tzlock.o)
[...]
Memory Configuration

Name             Origin             Length             Attributes
FLASH            0x10000000         0x00200000         xr
RAM              0x20000000         0x00040000         xrw
SCRATCH_X        0x20040000         0x00001000         xrw
SCRATCH_Y        0x20041000         0x00001000         xrw
*default*        0x00000000         0xffffffff

Linker script and memory map

LOAD /Applications/ArmGNUToolchain/14.3.rel1/arm-none-eabi/bin/../lib/gcc/arm-none-eabi/14.3.1/thumb/v6-m/nofp/crti.o
LOAD /Applications/ArmGNUToolchain/14.3.rel1/arm-none-eabi/bin/../lib/gcc/arm-none-eabi/14.3.1/thumb/v6-m/nofp/crtbegin.o
LOAD /Applications/ArmGNUToolchain/14.3.rel1/arm-none-eabi/bin/../lib/gcc/arm-none-eabi/14.3.1/../../../../arm-none-eabi/lib/thumb/v6-m/nofp/crt0.o

.flash_begin    0x10000000        0x0
                0x10000000                        __flash_binary_start = .

.boot2          0x10000000      0x100
                0x10000000                        __boot2_start__ = .
 *(.boot2)
 .boot2         0x10000000      0x100 pico-sdk/src/rp2040/boot_stage2/CMakeFiles/bs2_default_library.dir/bs2_default_padded_checksummed.S.o
                0x10000100                        __boot2_end__ = .
                0x00000001                        ASSERT (((__boot2_end__ - __boot2_start__) == 0x100), ERROR: Pico second stage bootloader must be 256 bytes in size)

.text           0x10000100     0x8214
                0x10000100                        __logical_binary_start = .
 *(.vectors)
 .vectors       0x10000100       0xd4 CMakeFiles/week10_integration.dir/Users/metta/pico-sdk/src/rp2_common/pico_crt0/crt0.S.o
                0x10000100                __VECTOR_TABLE
                0x10000100                __vectors
                0x100001c0                isr_irq13
                0x100001c0                isr_irq27
                0x100001c0                isr_irq31
                0x100001c0                isr_irq5
                0x100001c0                isr_irq11
                0x100001c0                isr_irq23
                0x100001c0                isr_irq18
                0x100001c0                isr_irq9
                0x100001c0                __unhandled_user_irq
                0x100001c0                isr_irq25
                0x100001c0                isr_irq4
                0x100001c0                isr_irq16
                0x100001c0                isr_irq29
                0x100001c0                isr_irq26
                0x100001c0                isr_irq3
                0x100001c0                isr_irq12
                0x100001c0                isr_irq30
                0x100001c0                isr_irq28
                0x100001c0                isr_irq19
                0x100001c0                isr_irq0
                0x100001c0                isr_irq6
                0x100001c0                isr_irq22
                0x100001c0                isr_irq17
                0x100001c0                isr_irq14
                0x100001c0                __vectors_end
                0x100001c0                __default_isrs_start
                0x100001c0                isr_irq2
                0x100001c0                isr_irq10
                0x100001c0                isr_irq8
                0x100001c0                isr_irq24
                0x100001c0                isr_irq1
                0x100001c0                isr_irq7
                0x100001c0                isr_irq21
                0x100001c0                isr_irq20
                0x100001c0                isr_irq15
                0x100001c6                unhandled_user_irq_num_in_r0
                0x100001c8                isr_invalid
                0x100001ca                isr_nmi
                0x100001cc                isr_hardfault
                0x100001ce                isr_svcall
                0x100001d0                isr_pendsv
                0x100001d2                isr_systick
                0x100001d4                __default_isrs_end
 *(.binary_info_header)
 .binary_info_header
                0x100001d4       0x14 CMakeFiles/week10_integration.dir/Users/metta/pico-sdk/src/rp2_common/pico_crt0/crt0.S.o
                0x100001e8                        __binary_info_header_end = .
 *(.embedded_block)
                0x100001e8                        __embedded_block_end = .
 *(.reset)
 .reset         0x100001e8       0x9c CMakeFiles/week10_integration.dir/Users/metta/pico-sdk/src/rp2_common/pico_crt0/crt0.S.o
                0x100001e8                _entry_point
 *(.init)
 .init          0x10000284        0x4 /Applications/ArmGNUToolchain/14.3.rel1/arm-none-eabi/bin/../lib/gcc/arm-none-eabi/14.3.1/thumb/v6-m/nofp/crti.o
                0x10000284                _init
 *(EXCLUDE_FILE(*libm.a: *libc.a:*lib_a-mem*.o *libgcc.a:) .text*)
 .text.register_tm_clones
                0x10000288       0x28 /Applications/ArmGNUToolchain/14.3.rel1/arm-none-eabi/bin/../lib/gcc/arm-none-eabi/14.3.1/thumb/v6-m/nofp/crtbegin.o
 .text.frame_dummy
                0x100002b0       0x24 /Applications/ArmGNUToolchain/14.3.rel1/arm-none-eabi/bin/../lib/gcc/arm-none-eabi/14.3.1/thumb/v6-m/nofp/crtbegin.o
 .text.startup.main
                0x100002d4      0x9a0 CMakeFiles/week10_integration.dir/main.c.o
                0x100002d4                main
 .text.encoder_irq
                0x10000c74       0x84 CMakeFiles/week10_integration.dir/encoder.c.o
 .text.encoder_init_pair
                0x10000cf8       0xa0 CMakeFiles/week10_integration.dir/encoder.c.o
                0x10000cf8                encoder_init_pair
 .text.encoder_get_count
                0x10000d98        0xc CMakeFiles/week10_integration.dir/encoder.c.o
                0x10000d98                encoder_get_count
 .text.encoder_get_period_us
                0x10000da4        0xc CMakeFiles/week10_integration.dir/encoder.c.o
                0x10000da4                encoder_get_period_us
 .text.irsens_init
                0x10000db0       0x4c CMakeFiles/week10_integration.dir/line.c.o
                0x10000db0                irsens_init
 .text.irsens_read_analog
                0x10000dfc       0x48 CMakeFiles/week10_integration.dir/line.c.o
                0x10000dfc                irsens_read_analog
 .text.pwm_init_pin
                0x10000e44       0x9c CMakeFiles/week10_integration.dir/motor.c.o
 .text.motor_init
                0x10000ee0      0x110 CMakeFiles/week10_integration.dir/motor.c.o
                0x10000ee0                motor_init
 .text.motor_set_speed
                0x10000ff0      0x428 CMakeFiles/week10_integration.dir/motor.c.o
                0x10000ff0                motor_set_speed
 .text.motor_stop
                0x10001418       0xf0 CMakeFiles/week10_integration.dir/motor.c.o
                0x10001418                motor_stop
 .text.imu_init
                0x10001508       0xbc CMakeFiles/week10_integration.dir/imu.c.o
                0x10001508                imu_init
 .text.gpio_default_irq_handler
                0x100015c4      0x2c8 CMakeFiles/week10_integration.dir/Users/metta/pico-sdk/src/rp2_common/hardware_gpio/gpio.c.o
 .text.gpio_set_function
                0x1000188c       0x34 CMakeFiles/week10_integration.dir/Users/metta/pico-sdk/src/rp2_common/hardware_gpio/gpio.c.o
                0x1000188c                gpio_set_function
 .text.gpio_set_pulls
                0x100018c0       0x28 CMakeFiles/week10_integration.dir/Users/metta/pico-sdk/src/rp2_common/hardware_gpio/gpio.c.o
                0x100018c0                gpio_set_pulls
 .text.gpio_set_irq_enabled_with_callback
                0x100018e8       0xd0 CMakeFiles/week10_integration.dir/Users/metta/pico-sdk/src/rp2_common/hardware_gpio/gpio.c.o
                0x100018e8                gpio_set_irq_enabled_with_callback
 .text.gpio_set_input_enabled
                0x100019b8       0x28 CMakeFiles/week10_integration.dir/Users/metta/pico-sdk/src/rp2_common/hardware_gpio/gpio.c.o
                0x100019b8                gpio_set_input_enabled
 .text.gpio_init
                0x100019e0       0x40 CMakeFiles/week10_integration.dir/Users/metta/pico-sdk/src/rp2_common/hardware_gpio/gpio.c.o
                0x100019e0                gpio_init
 .text.rp2040_chip_version
                0x10001a20        0xc CMakeFiles/week10_integration.dir/Users/metta/pico-sdk/src/rp2040/pico_platform/platform.c.o
                0x10001a20                rp2040_chip_version
 .text.panic    0x10001a2c       0x30 CMakeFiles/week10_integration.dir/Users/metta/pico-sdk/src/rp2_common/pico_platform_panic/panic.c.o
                0x10001a2c                panic
 .text.hw_claim_or_assert
                0x10001a5c       0x44 CMakeFiles/week10_integration.dir/Users/metta/pico-sdk/src/common/hardware_claim/claim.c.o
                0x10001a5c                hw_claim_or_assert
 .text.hw_claim_unused_from_range
                0x10001aa0       0x88 CMakeFiles/week10_integration.dir/Users/metta/pico-sdk/src/common/hardware_claim/claim.c.o
                0x10001aa0                hw_claim_unused_from_range
 .text.next_striped_spin_lock_num
                0x10001b28       0x18 CMakeFiles/week10_integration.dir/Users/metta/pico-sdk/src/rp2_common/hardware_sync/sync.c.o
                0x10001b28                next_striped_spin_lock_num
 .text.spin_lock_claim_unused
                0x10001b40       0x24 CMakeFiles/week10_integration.dir/Users/metta/pico-sdk/src/rp2_common/hardware_sync/sync.c.o
                0x10001b40                spin_lock_claim_unused
 .text.spin_locks_reset
                0x10001b64       0x1c CMakeFiles/week10_integration.dir/Users/metta/pico-sdk/src/rp2_common/hardware_sync_spin_lock/sync_spin_lock.c.o
                0x10001b64                spin_locks_reset
 .text.runtime_init_per_core_irq_priorities
                0x10001b80       0x24 CMakeFiles/week10_integration.dir/Users/metta/pico-sdk/src/rp2_common/hardware_irq/irq.c.o
                0x10001b80                runtime_init_per_core_irq_priorities
 .text.irq_set_enabled
                0x10001ba4       0x24 CMakeFiles/week10_integration.dir/Users/metta/pico-sdk/src/rp2_common/hardware_irq/irq.c.o
                0x10001ba4                irq_set_enabled
 .text.irq_is_enabled
                0x10001bc8       0x18 CMakeFiles/week10_integration.dir/Users/metta/pico-sdk/src/rp2_common/hardware_irq/irq.c.o
                0x10001bc8                irq_is_enabled
 .text.irq_set_pending
                0x10001be0       0x10 CMakeFiles/week10_integration.dir/Users/metta/pico-sdk/src/rp2_common/hardware_irq/irq.c.o
                0x10001be0                irq_set_pending
 .text.irq_has_shared_handler
                0x10001bf0       0x24 CMakeFiles/week10_integration.dir/Users/metta/pico-sdk/src/rp2_common/hardware_irq/irq.c.o
                0x10001bf0                irq_has_shared_handler
 .text.irq_set_exclusive_handler
                0x10001c14       0x54 CMakeFiles/week10_integration.dir/Users/metta/pico-sdk/src/rp2_common/hardware_irq/irq.c.o
                0x10001c14                irq_set_exclusive_handler
 .text.irq_add_shared_handler
                0x10001c68      0x1f4 CMakeFiles/week10_integration.dir/Users/metta/pico-sdk/src/rp2_common/hardware_irq/irq.c.o
                0x10001c68                irq_add_shared_handler
 .text.irq_remove_handler
                0x10001e5c      0x1d4 CMakeFiles/week10_integration.dir/Users/metta/pico-sdk/src/rp2_common/hardware_irq/irq.c.o
                0x10001e5c                irq_remove_handler
 .text.irq_add_tail_to_free_list
                0x10002030       0xb4 CMakeFiles/week10_integration.dir/Users/metta/pico-sdk/src/rp2_common/hardware_irq/irq.c.o
                0x10002030                irq_add_tail_to_free_list
 .text.user_irq_claim_unused
                0x100020e4       0x2c CMakeFiles/week10_integration.dir/Users/metta/pico-sdk/src/rp2_common/hardware_irq/irq.c.o
                0x100020e4                user_irq_claim_unused
 .text.lock_init
                0x10002110       0x10 CMakeFiles/week10_integration.dir/Users/metta/pico-sdk/src/common/pico_sync/lock_core.c.o
                0x10002110                lock_init
 .text.runtime_init_mutex
                0x10002120       0x50 CMakeFiles/week10_integration.dir/Users/metta/pico-sdk/src/common/pico_sync/mutex.c.o
                0x10002120                runtime_init_mutex
 .text.mutex_init
                0x10002170       0x1c CMakeFiles/week10_integration.dir/Users/metta/pico-sdk/src/common/pico_sync/mutex.c.o
                0x10002170                mutex_init
 .text.critical_section_init
                0x1000218c       0x1c CMakeFiles/week10_integration.dir/Users/metta/pico-sdk/src/common/pico_sync/critical_section.c.o
                0x1000218c                critical_section_init
 .text.critical_section_init_with_lock_num
                0x100021a8       0x14 CMakeFiles/week10_integration.dir/Users/metta/pico-sdk/src/common/pico_sync/critical_section.c.o
                0x100021a8                critical_section_init_with_lock_num
 .text.sleep_until_callback
                0x100021bc       0x30 CMakeFiles/week10_integration.dir/Users/metta/pico-sdk/src/common/pico_time/time.c.o
 .text.alarm_pool_irq_handler
                0x100021ec      0x2f8 CMakeFiles/week10_integration.dir/Users/metta/pico-sdk/src/common/pico_time/time.c.o
 .text.runtime_init_default_alarm_pool
                0x100024e4       0xdc CMakeFiles/week10_integration.dir/Users/metta/pico-sdk/src/common/pico_time/time.c.o
                0x100024e4                runtime_init_default_alarm_pool
 .text.alarm_pool_get_default
                0x100025c0        0x8 CMakeFiles/week10_integration.dir/Users/metta/pico-sdk/src/common/pico_time/time.c.o
                0x100025c0                alarm_pool_get_default
 .text.alarm_pool_add_alarm_at
                0x100025c8       0xd0 CMakeFiles/week10_integration.dir/Users/metta/pico-sdk/src/common/pico_time/time.c.o
                0x100025c8                alarm_pool_add_alarm_at
 .text.alarm_pool_add_alarm_at_force_in_context
                0x10002698       0xb0 CMakeFiles/week10_integration.dir/Users/metta/pico-sdk/src/common/pico_time/time.c.o
                0x10002698                alarm_pool_add_alarm_at_force_in_context
 .text.alarm_pool_cancel_alarm
                0x10002748       0x74 CMakeFiles/week10_integration.dir/Users/metta/pico-sdk/src/common/pico_time/time.c.o
                0x10002748                alarm_pool_cancel_alarm
 .text.alarm_pool_core_num
                0x100027bc        0x4 CMakeFiles/week10_integration.dir/Users/metta/pico-sdk/src/common/pico_time/time.c.o
                0x100027bc                alarm_pool_core_num
 .text.sleep_ms
                0x100027c0       0xfc CMakeFiles/week10_integration.dir/Users/metta/pico-sdk/src/common/pico_time/time.c.o
                0x100027c0                sleep_ms
 .text.best_effort_wfe_or_timeout
                0x100028bc      0x10c CMakeFiles/week10_integration.dir/Users/metta/pico-sdk/src/common/pico_time/time.c.o
                0x100028bc                best_effort_wfe_or_timeout
 .text.timer_hardware_alarm_claim
                0x100029c8       0x14 CMakeFiles/week10_integration.dir/Users/metta/pico-sdk/src/rp2_common/hardware_timer/timer.c.o
                0x100029c8                timer_hardware_alarm_claim
 .text.timer_time_us_64
                0x100029dc       0x10 CMakeFiles/week10_integration.dir/Users/metta/pico-sdk/src/rp2_common/hardware_timer/timer.c.o
                0x100029dc                timer_time_us_64
 .text.time_us_64
                0x100029ec       0x14 CMakeFiles/week10_integration.dir/Users/metta/pico-sdk/src/rp2_common/hardware_timer/timer.c.o
                0x100029ec                time_us_64
 .text.busy_wait_until
                0x10002a00       0x20 CMakeFiles/week10_integration.dir/Users/metta/pico-sdk/src/rp2_common/hardware_timer/timer.c.o
                0x10002a00                busy_wait_until
 .text.clock_configure_int_divider
                0x10002a20       0xf4 CMakeFiles/week10_integration.dir/Users/metta/pico-sdk/src/rp2_common/hardware_clocks/clocks.c.o
                0x10002a20                clock_configure_int_divider
 .text.clock_configure_undivided
                0x10002b14       0xe8 CMakeFiles/week10_integration.dir/Users/metta/pico-sdk/src/rp2_common/hardware_clocks/clocks.c.o
                0x10002b14                clock_configure_undivided
 .text.clock_get_hz
                0x10002bfc        0xc CMakeFiles/week10_integration.dir/Users/metta/pico-sdk/src/rp2_common/hardware_clocks/clocks.c.o
                0x10002bfc                clock_get_hz
 .text.pll_init
                0x10002c08       0xa4 CMakeFiles/week10_integration.dir/Users/metta/pico-sdk/src/rp2_common/hardware_pll/pll.c.o
                0x10002c08                pll_init
 .text.watchdog_reboot
                0x10002cac       0x9c CMakeFiles/week10_integration.dir/Users/metta/pico-sdk/src/rp2_common/hardware_watchdog/watchdog.c.o
                0x10002cac                watchdog_reboot
 .text.tick_start
                0x10002d48       0x10 CMakeFiles/week10_integration.dir/Users/metta/pico-sdk/src/rp2_common/hardware_ticks/ticks.c.o
                0x10002d48                tick_start
 .text.rom_func_lookup
                0x10002d58       0x10 CMakeFiles/week10_integration.dir/Users/metta/pico-sdk/src/rp2_common/pico_bootrom/bootrom.c.o
                0x10002d58                rom_func_lookup
 .text.rom_data_lookup
                0x10002d68       0x10 CMakeFiles/week10_integration.dir/Users/metta/pico-sdk/src/rp2_common/pico_bootrom/bootrom.c.o
                0x10002d68                rom_data_lookup
 .text.rom_funcs_lookup
                0x10002d78       0x44 CMakeFiles/week10_integration.dir/Users/metta/pico-sdk/src/rp2_common/pico_bootrom/bootrom.c.o
                0x10002d78                rom_funcs_lookup
 .text.rom_reset_usb_boot_extra
                0x10002dbc       0x24 CMakeFiles/week10_integration.dir/Users/metta/pico-sdk/src/rp2_common/pico_bootrom/bootrom.c.o
                0x10002dbc                rom_reset_usb_boot_extra
 .text.xosc_init
                0x10002de0       0x28 CMakeFiles/week10_integration.dir/Users/metta/pico-sdk/src/rp2_common/hardware_xosc/xosc.c.o
                0x10002de0                xosc_init
 .text.first_per_core_initializer
                0x10002e08        0x4 CMakeFiles/week10_integration.dir/Users/metta/pico-sdk/src/rp2_common/pico_runtime/runtime.c.o
 .text.hard_assertion_failure
                0x10002e0c        0xc CMakeFiles/week10_integration.dir/Users/metta/pico-sdk/src/rp2_common/pico_runtime/runtime.c.o
                0x10002e0c                hard_assertion_failure
 .text.runtime_run_initializers
                0x10002e18       0x28 CMakeFiles/week10_integration.dir/Users/metta/pico-sdk/src/rp2_common/pico_runtime/runtime.c.o
                0x10002e18                runtime_run_initializers
 .text.runtime_init_early_resets
                0x10002e40       0x2c CMakeFiles/week10_integration.dir/Users/metta/pico-sdk/src/rp2_common/pico_runtime_init/runtime_init.c.o
                0x10002e40                runtime_init_early_resets
 .text.runtime_init_usb_power_down
                0x10002e6c       0x1c CMakeFiles/week10_integration.dir/Users/metta/pico-sdk/src/rp2_common/pico_runtime_init/runtime_init.c.o
                0x10002e6c                runtime_init_usb_power_down
 .text.runtime_init_post_clock_resets
                0x10002e88       0x20 CMakeFiles/week10_integration.dir/Users/metta/pico-sdk/src/rp2_common/pico_runtime_init/runtime_init.c.o
                0x10002e88                runtime_init_post_clock_resets
 .text.runtime_init_rp2040_gpio_ie_disable
                0x10002ea8       0x14 CMakeFiles/week10_integration.dir/Users/metta/pico-sdk/src/rp2_common/pico_runtime_init/runtime_init.c.o
                0x10002ea8                runtime_init_rp2040_gpio_ie_disable
 .text.runtime_init_spin_locks_reset
                0x10002ebc        0x8 CMakeFiles/week10_integration.dir/Users/metta/pico-sdk/src/rp2_common/pico_runtime_init/runtime_init.c.o
                0x10002ebc                runtime_init_spin_locks_reset
 .text.runtime_init_install_ram_vector_table
                0x10002ec4       0xb4 CMakeFiles/week10_integration.dir/Users/metta/pico-sdk/src/rp2_common/pico_runtime_init/runtime_init.c.o
                0x10002ec4                runtime_init_install_ram_vector_table
 .text.runtime_init_clocks
                0x10002f78       0xd8 CMakeFiles/week10_integration.dir/Users/metta/pico-sdk/src/rp2_common/pico_runtime_init/runtime_init_clocks.c.o
                0x10002f78                runtime_init_clocks
 .text          0x10003050       0x10 CMakeFiles/week10_integration.dir/Users/metta/pico-sdk/src/rp2_common/pico_bit_ops/bit_ops_aeabi.S.o
 .text.__wrap___aeabi_idiv
                0x10003060       0x50 CMakeFiles/week10_integration.dir/Users/metta/pico-sdk/src/rp2_common/pico_divider/divider_hardware.S.o
                0x10003060                __wrap___aeabi_idivmod
                0x10003060                divmod_s32s32
                0x10003060                div_s32s32
                0x10003060                __wrap___aeabi_idiv
                0x10003068                divmod_s32s32_unsafe
                0x10003094                divmod_s32s32_savestate
 .text.__wrap___aeabi_uidiv
                0x100030b0       0x4c CMakeFiles/week10_integration.dir/Users/metta/pico-sdk/src/rp2_common/pico_divider/divider_hardware.S.o
                0x100030b0                __wrap___aeabi_uidiv
                0x100030b0                __wrap___aeabi_uidivmod
                0x100030b0                div_u32u32
                0x100030b0                divmod_u32u32
                0x100030b8                divmod_u32u32_unsafe
                0x100030e0                divmod_u32u32_savestate
 .text.__wrap___aeabi_ldiv
                0x100030fc      0x424 CMakeFiles/week10_integration.dir/Users/metta/pico-sdk/src/rp2_common/pico_divider/divider_hardware.S.o
                0x100030fc                __wrap___aeabi_ldivmod
                0x100030fc                div_s64s64
                0x100030fc                divmod_s64s64
                0x1000312c                divmod_u64u64
                0x1000312c                div_u64u64
                0x1000312c                __wrap___aeabi_uldivmod
                0x1000313c                divmod_u64u64_savestate
                0x1000315c                divmod_s64s64_unsafe
                0x100031e4                divmod_u64u64_unsafe
 .text.__wrap___aeabi_darithmetic
                0x10003520       0x60 CMakeFiles/week10_integration.dir/Users/metta/pico-sdk/src/rp2_common/pico_double/double_aeabi_rp2040.S.o
                0x10003520                __wrap___aeabi_drsub
                0x10003526                __wrap___aeabi_dsub
                0x10003530                __wrap___aeabi_dadd
                0x1000353a                __wrap___aeabi_ddiv
                0x1000356e                __wrap___aeabi_dmul
 .text.__wrap___aeabi_cdcmple
                0x10003580       0x6c CMakeFiles/week10_integration.dir/Users/metta/pico-sdk/src/rp2_common/pico_double/double_aeabi_rp2040.S.o
                0x10003580                __wrap___aeabi_cdrcmple
                0x10003590                __wrap___aeabi_cdcmple
                0x10003590                __wrap___aeabi_cdcmpeq
 .text.__wrap___aeabi_dcmplt
                0x100035ec        0xc CMakeFiles/week10_integration.dir/Users/metta/pico-sdk/src/rp2_common/pico_double/double_aeabi_rp2040.S.o
                0x100035ec                __wrap___aeabi_dcmplt
 .text.__wrap___aeabi_dcmple
                0x100035f8       0x10 CMakeFiles/week10_integration.dir/Users/metta/pico-sdk/src/rp2_common/pico_double/double_aeabi_rp2040.S.o
                0x100035f8                __wrap___aeabi_dcmple
 .text.__wrap___aeabi_dcmpge
                0x10003608       0x10 CMakeFiles/week10_integration.dir/Users/metta/pico-sdk/src/rp2_common/pico_double/double_aeabi_rp2040.S.o
                0x10003608                __wrap___aeabi_dcmpge
 .text.__wrap___aeabi_dcmpgt
                0x10003618        0xa CMakeFiles/week10_integration.dir/Users/metta/pico-sdk/src/rp2_common/pico_double/double_aeabi_rp2040.S.o
                0x10003618                __wrap___aeabi_dcmpgt
 .text.__wrap___aeabi_dcmpun
                0x10003622       0x18 CMakeFiles/week10_integration.dir/Users/metta/pico-sdk/src/rp2_common/pico_double/double_aeabi_rp2040.S.o
                0x10003622                __wrap___aeabi_dcmpun
 *fill*         0x1000363a        0x2 
 .text.__wrap___aeabi_i2d
                0x1000363c       0x38 CMakeFiles/week10_integration.dir/Users/metta/pico-sdk/src/rp2_common/pico_double/double_aeabi_rp2040.S.o
                0x1000363c                __wrap___aeabi_ui2d
                0x1000363c                uint2double
                0x10003644                __wrap___aeabi_i2d
                0x10003644                int2double
 .text.__wrap___aeabi_d2iz
                0x10003674       0x48 CMakeFiles/week10_integration.dir/Users/metta/pico-sdk/src/rp2_common/pico_double/double_aeabi_rp2040.S.o
                0x10003674                __wrap___aeabi_d2iz
                0x10003674                double2int_z
 .text.__wrap___aeabi_d2uiz
                0x100036bc       0x10 CMakeFiles/week10_integration.dir/Users/metta/pico-sdk/src/rp2_common/pico_double/double_aeabi_rp2040.S.o
                0x100036bc                double2uint_z
                0x100036bc                double2uint
                0x100036bc                __wrap___aeabi_d2uiz
 .text.missing_double_func_shim
                0x100036cc        0xc CMakeFiles/week10_integration.dir/Users/metta/pico-sdk/src/rp2_common/pico_double/double_init_rom_rp2040.c.o
 .text.__aeabi_double_init
                0x100036d8       0xa0 CMakeFiles/week10_integration.dir/Users/metta/pico-sdk/src/rp2_common/pico_double/double_init_rom_rp2040.c.o
                0x100036d8                __aeabi_double_init
 .text.double_table_shim_on_use_helper
                0x10003778       0x2c CMakeFiles/week10_integration.dir/Users/metta/pico-sdk/src/rp2_common/pico_double/double_v1_rom_shim_rp2040.S.o
                0x10003778                double_table_shim_on_use_helper
 .text.__aeabi_lmul
                0x100037a4       0x32 CMakeFiles/week10_integration.dir/Users/metta/pico-sdk/src/rp2_common/pico_int64_ops/pico_int64_ops_aeabi.S.o
                0x100037a4                __wrap___aeabi_lmul
 *fill*         0x100037d6        0x2 
 .text.__wrap___aeabi_farithmetic
                0x100037d8       0x48 CMakeFiles/week10_integration.dir/Users/metta/pico-sdk/src/rp2_common/pico_float/float_aeabi_rp2040.S.o
                0x100037d8                __wrap___aeabi_frsub
                0x100037de                __wrap___aeabi_fsub
                0x100037e4                __wrap___aeabi_fadd
                0x100037ea                __wrap___aeabi_fdiv
                0x10003812                __wrap___aeabi_fmul
 .text.__wrap___aeabi_cfcmple
                0x10003820       0x50 CMakeFiles/week10_integration.dir/Users/metta/pico-sdk/src/rp2_common/pico_float/float_aeabi_rp2040.S.o
                0x10003820                __wrap___aeabi_cfrcmple
                0x1000382c                __wrap___aeabi_cfcmpeq
                0x1000382c                __wrap___aeabi_cfcmple
 .text.__wrap___aeabi_fcmplt
                0x10003870        0xc CMakeFiles/week10_integration.dir/Users/metta/pico-sdk/src/rp2_common/pico_float/float_aeabi_rp2040.S.o
                0x10003870                __wrap___aeabi_fcmplt
 .text.__wrap___aeabi_fcmpge
                0x1000387c       0x10 CMakeFiles/week10_integration.dir/Users/metta/pico-sdk/src/rp2_common/pico_float/float_aeabi_rp2040.S.o
                0x1000387c                __wrap___aeabi_fcmpge
 .text.__wrap___aeabi_fcmpgt
                0x1000388c        0xa CMakeFiles/week10_integration.dir/Users/metta/pico-sdk/src/rp2_common/pico_float/float_aeabi_rp2040.S.o
                0x1000388c                __wrap___aeabi_fcmpgt
 .text.__wrap___aeabi_ui2f
                0x10003896        0xa CMakeFiles/week10_integration.dir/Users/metta/pico-sdk/src/rp2_common/pico_float/float_aeabi_rp2040.S.o
                0x10003896                uint2float
                0x10003896                __wrap___aeabi_ui2f
 .text.__wrap___aeabi_i2f
                0x100038a0       0x44 CMakeFiles/week10_integration.dir/Users/metta/pico-sdk/src/rp2_common/pico_float/float_aeabi_rp2040.S.o
                0x100038a0                int2float
                0x100038a0                __wrap___aeabi_i2f
 .text.__wrap___aeabi_f2iz
                0x100038e4       0x4e CMakeFiles/week10_integration.dir/Users/metta/pico-sdk/src/rp2_common/pico_float/float_aeabi_rp2040.S.o
                0x100038e4                __wrap___aeabi_f2iz
                0x100038e4                float2int_z
 *fill*         0x10003932        0x2 
 .text.float2int
                0x10003934        0xc CMakeFiles/week10_integration.dir/Users/metta/pico-sdk/src/rp2_common/pico_float/float_aeabi_rp2040.S.o
                0x10003934                float2int
 .text.__wrap___aeabi_f2uiz
                0x10003940        0xc CMakeFiles/week10_integration.dir/Users/metta/pico-sdk/src/rp2_common/pico_float/float_aeabi_rp2040.S.o
                0x10003940                float2uint
                0x10003940                float2uint_z
                0x10003940                __wrap___aeabi_f2uiz
 .text.__wrap___aeabi_ul2f
                0x1000394c       0x18 CMakeFiles/week10_integration.dir/Users/metta/pico-sdk/src/rp2_common/pico_float/float_aeabi_rp2040.S.o
                0x10003950                __wrap___aeabi_ul2f
                0x10003950                uint642float
 .text.__wrap___aeabi_f2d
                0x10003964        0xc CMakeFiles/week10_integration.dir/Users/metta/pico-sdk/src/rp2_common/pico_float/float_aeabi_rp2040.S.o
                0x10003964                __wrap___aeabi_f2d
 .text.missing_float_func_shim
                0x10003970        0xc CMakeFiles/week10_integration.dir/Users/metta/pico-sdk/src/rp2_common/pico_float/float_init_rom_rp2040.c.o
 .text.__aeabi_float_init
                0x1000397c       0x5c CMakeFiles/week10_integration.dir/Users/metta/pico-sdk/src/rp2_common/pico_float/float_init_rom_rp2040.c.o
                0x1000397c                __aeabi_float_init
 .text          0x100039d8       0x10 CMakeFiles/week10_integration.dir/Users/metta/pico-sdk/src/rp2_common/pico_mem_ops/mem_ops_aeabi.S.o
                0x100039d8                __aeabi_mem_init
 .text.memset   0x100039e8        0xc CMakeFiles/week10_integration.dir/Users/metta/pico-sdk/src/rp2_common/pico_mem_ops/mem_ops_aeabi.S.o
                0x100039e8                __wrap_memset
 .text.memcpy   0x100039f4        0xc CMakeFiles/week10_integration.dir/Users/metta/pico-sdk/src/rp2_common/pico_mem_ops/mem_ops_aeabi.S.o
                0x100039f4                __wrap___aeabi_memcpy
                0x100039f4                __wrap_memcpy
 .text._out_null
                0x10003a00        0x4 CMakeFiles/week10_integration.dir/Users/metta/pico-sdk/src/rp2_common/pico_printf/printf.c.o
 .text._out_rev
                0x10003a04       0xac CMakeFiles/week10_integration.dir/Users/metta/pico-sdk/src/rp2_common/pico_printf/printf.c.o
 .text._ntoa_format
                0x10003ab0      0x1cc CMakeFiles/week10_integration.dir/Users/metta/pico-sdk/src/rp2_common/pico_printf/printf.c.o
 .text._out_char
                0x10003c7c       0x10 CMakeFiles/week10_integration.dir/Users/metta/pico-sdk/src/rp2_common/pico_printf/printf.c.o
 .text._out_fct
                0x10003c8c       0x10 CMakeFiles/week10_integration.dir/Users/metta/pico-sdk/src/rp2_common/pico_printf/printf.c.o
 .text._ftoa    0x10003c9c      0x4a8 CMakeFiles/week10_integration.dir/Users/metta/pico-sdk/src/rp2_common/pico_printf/printf.c.o
 .text._etoa    0x10004144      0x57c CMakeFiles/week10_integration.dir/Users/metta/pico-sdk/src/rp2_common/pico_printf/printf.c.o
 .text._vsnprintf
                0x100046c0      0xbe0 CMakeFiles/week10_integration.dir/Users/metta/pico-sdk/src/rp2_common/pico_printf/printf.c.o
 .text.vfctprintf
                0x100052a0       0x24 CMakeFiles/week10_integration.dir/Users/metta/pico-sdk/src/rp2_common/pico_printf/printf.c.o
                0x100052a0                vfctprintf
 .text.weak_raw_vprintf
                0x100052c4       0x30 CMakeFiles/week10_integration.dir/Users/metta/pico-sdk/src/rp2_common/pico_printf/printf.c.o
                0x100052c4                weak_raw_vprintf
 .text._exit    0x100052f4        0x4 CMakeFiles/week10_integration.dir/Users/metta/pico-sdk/src/rp2_common/pico_clib_interface/newlib_interface.c.o
                0x100052f4                _exit
 .text.exit     0x100052f8        0x8 CMakeFiles/week10_integration.dir/Users/metta/pico-sdk/src/rp2_common/pico_clib_interface/newlib_interface.c.o
                0x100052f8                exit
 .text.runtime_init
                0x10005300       0x2c CMakeFiles/week10_integration.dir/Users/metta/pico-sdk/src/rp2_common/pico_clib_interface/newlib_interface.c.o
                0x10005300                runtime_init
 .text.stdio_out_chars_no_crlf
                0x1000532c       0x10 CMakeFiles/week10_integration.dir/Users/metta/pico-sdk/src/rp2_common/pico_stdio/stdio.c.o
 .text.stdio_out_chars_crlf
                0x1000533c       0xb0 CMakeFiles/week10_integration.dir/Users/metta/pico-sdk/src/rp2_common/pico_stdio/stdio.c.o
 .text.stdio_buffered_printer
                0x100053ec       0x64 CMakeFiles/week10_integration.dir/Users/metta/pico-sdk/src/rp2_common/pico_stdio/stdio.c.o
 .text.stdio_put_string
                0x10005450       0xfc CMakeFiles/week10_integration.dir/Users/metta/pico-sdk/src/rp2_common/pico_stdio/stdio.c.o
                0x10005450                stdio_put_string
 .text.stdio_set_driver_enabled
                0x1000554c       0x30 CMakeFiles/week10_integration.dir/Users/metta/pico-sdk/src/rp2_common/pico_stdio/stdio.c.o
                0x1000554c                stdio_set_driver_enabled
 .text.stdio_init_all
                0x1000557c        0x8 CMakeFiles/week10_integration.dir/Users/metta/pico-sdk/src/rp2_common/pico_stdio/stdio.c.o
                0x1000557c                stdio_init_all
 .text.__wrap_putchar
                0x10005584       0x94 CMakeFiles/week10_integration.dir/Users/metta/pico-sdk/src/rp2_common/pico_stdio/stdio.c.o
                0x10005584                stdio_putchar
                0x10005584                __wrap_putchar
 .text.__wrap_puts
                0x10005618       0x3c CMakeFiles/week10_integration.dir/Users/metta/pico-sdk/src/rp2_common/pico_stdio/stdio.c.o
                0x10005618                __wrap_puts
                0x10005618                stdio_puts
 .text.__wrap_vprintf
                0x10005654       0xcc CMakeFiles/week10_integration.dir/Users/metta/pico-sdk/src/rp2_common/pico_stdio/stdio.c.o
                0x10005654                __wrap_vprintf
                0x10005654                stdio_vprintf
 .text.__wrap_printf
                0x10005720       0x18 CMakeFiles/week10_integration.dir/Users/metta/pico-sdk/src/rp2_common/pico_stdio/stdio.c.o
                0x10005720                stdio_printf
                0x10005720                __wrap_printf
 .text.resetd_init
                0x10005738        0x4 CMakeFiles/week10_integration.dir/Users/metta/pico-sdk/src/rp2_common/pico_stdio_usb/reset_interface.c.o
 .text.resetd_reset
                0x1000573c        0xc CMakeFiles/week10_integration.dir/Users/metta/pico-sdk/src/rp2_common/pico_stdio_usb/reset_interface.c.o
 .text.resetd_open
                0x10005748       0x28 CMakeFiles/week10_integration.dir/Users/metta/pico-sdk/src/rp2_common/pico_stdio_usb/reset_interface.c.o
 .text.resetd_xfer_cb
                0x10005770        0x4 CMakeFiles/week10_integration.dir/Users/metta/pico-sdk/src/rp2_common/pico_stdio_usb/reset_interface.c.o
 .text.resetd_control_xfer_cb
                0x10005774       0x54 CMakeFiles/week10_integration.dir/Users/metta/pico-sdk/src/rp2_common/pico_stdio_usb/reset_interface.c.o
 .text.tud_descriptor_bos_cb
                0x100057c8        0x8 CMakeFiles/week10_integration.dir/Users/metta/pico-sdk/src/rp2_common/pico_stdio_usb/reset_interface.c.o
                0x100057c8                tud_descriptor_bos_cb
 .text.tud_vendor_control_xfer_cb
                0x100057d0       0x34 CMakeFiles/week10_integration.dir/Users/metta/pico-sdk/src/rp2_common/pico_stdio_usb/reset_interface.c.o
                0x100057d0                tud_vendor_control_xfer_cb
 .text.usbd_app_driver_get_cb
                0x10005804        0xc CMakeFiles/week10_integration.dir/Users/metta/pico-sdk/src/rp2_common/pico_stdio_usb/reset_interface.c.o
                0x10005804                usbd_app_driver_get_cb
 .text.tud_cdc_line_coding_cb
                0x10005810       0x2c CMakeFiles/week10_integration.dir/Users/metta/pico-sdk/src/rp2_common/pico_stdio_usb/reset_interface.c.o
                0x10005810                tud_cdc_line_coding_cb
 .text.stdio_usb_set_chars_available_callback
                0x1000583c       0x14 CMakeFiles/week10_integration.dir/Users/metta/pico-sdk/src/rp2_common/pico_stdio_usb/stdio_usb.c.o
                0x1000583c                stdio_usb_set_chars_available_callback
 .text.usb_irq  0x10005850       0x10 CMakeFiles/week10_integration.dir/Users/metta/pico-sdk/src/rp2_common/pico_stdio_usb/stdio_usb.c.o
 .text.timer_task
                0x10005860       0x64 CMakeFiles/week10_integration.dir/Users/metta/pico-sdk/src/rp2_common/pico_stdio_usb/stdio_usb.c.o
 .text.stdio_usb_in_chars
                0x100058c4       0x8c CMakeFiles/week10_integration.dir/Users/metta/pico-sdk/src/rp2_common/pico_stdio_usb/stdio_usb.c.o
                0x100058c4                stdio_usb_in_chars
 .text.stdio_usb_out_flush
                0x10005950       0x4c CMakeFiles/week10_integration.dir/Users/metta/pico-sdk/src/rp2_common/pico_stdio_usb/stdio_usb.c.o
 .text.stdio_usb_out_chars
                0x1000599c      0x100 CMakeFiles/week10_integration.dir/Users/metta/pico-sdk/src/rp2_common/pico_stdio_usb/stdio_usb.c.o
 .text.low_priority_worker_irq
                0x10005a9c       0xc8 CMakeFiles/week10_integration.dir/Users/metta/pico-sdk/src/rp2_common/pico_stdio_usb/stdio_usb.c.o
 .text.stdio_usb_init
                0x10005b64       0xe8 CMakeFiles/week10_integration.dir/Users/metta/pico-sdk/src/rp2_common/pico_stdio_usb/stdio_usb.c.o
                0x10005b64                stdio_usb_init
 .text.tud_descriptor_device_cb
                0x10005c4c        0x8 CMakeFiles/week10_integration.dir/Users/metta/pico-sdk/src/rp2_common/pico_stdio_usb/stdio_usb_descriptors.c.o
                0x10005c4c                tud_descriptor_device_cb
 .text.tud_descriptor_configuration_cb
                0x10005c54        0x8 CMakeFiles/week10_integration.dir/Users/metta/pico-sdk/src/rp2_common/pico_stdio_usb/stdio_usb_descriptors.c.o
                0x10005c54                tud_descriptor_configuration_cb
 .text.tud_descriptor_string_cb
                0x10005c5c       0x78 CMakeFiles/week10_integration.dir/Users/metta/pico-sdk/src/rp2_common/pico_stdio_usb/stdio_usb_descriptors.c.o
                0x10005c5c                tud_descriptor_string_cb
 .text.startup._retrieve_unique_id_on_boot
                0x10005cd4       0x10 CMakeFiles/week10_integration.dir/Users/metta/pico-sdk/src/rp2_common/pico_unique_id/unique_id.c.o
 .text.pico_get_unique_board_id_string
                0x10005ce4      0x1a8 CMakeFiles/week10_integration.dir/Users/metta/pico-sdk/src/rp2_common/pico_unique_id/unique_id.c.o
                0x10005ce4                pico_get_unique_board_id_string
 .text.flash_get_unique_id
                0x10005e8c       0x3c CMakeFiles/week10_integration.dir/Users/metta/pico-sdk/src/rp2_common/hardware_flash/flash.c.o
                0x10005e8c                flash_get_unique_id
 .text.dcd_init
                0x10005ec8       0x90 CMakeFiles/week10_integration.dir/Users/metta/pico-sdk/lib/tinyusb/src/portable/raspberrypi/rp2040/dcd_rp2040.c.o
                0x10005ec8                dcd_init
 .text.dcd_int_enable
                0x10005f58        0xc CMakeFiles/week10_integration.dir/Users/metta/pico-sdk/lib/tinyusb/src/portable/raspberrypi/rp2040/dcd_rp2040.c.o
                0x10005f58                dcd_int_enable
 .text.dcd_set_address
                0x10005f64       0x14 CMakeFiles/week10_integration.dir/Users/metta/pico-sdk/lib/tinyusb/src/portable/raspberrypi/rp2040/dcd_rp2040.c.o
                0x10005f64                dcd_set_address
 .text.dcd_sof_enable
                0x10005f78       0x1c CMakeFiles/week10_integration.dir/Users/metta/pico-sdk/lib/tinyusb/src/portable/raspberrypi/rp2040/dcd_rp2040.c.o
                0x10005f78                dcd_sof_enable
 .text.dcd_edpt0_status_complete
                0x10005f94       0x1c CMakeFiles/week10_integration.dir/Users/metta/pico-sdk/lib/tinyusb/src/portable/raspberrypi/rp2040/dcd_rp2040.c.o
                0x10005f94                dcd_edpt0_status_complete
 .text.dcd_edpt_open
                0x10005fb0      0x114 CMakeFiles/week10_integration.dir/Users/metta/pico-sdk/lib/tinyusb/src/portable/raspberrypi/rp2040/dcd_rp2040.c.o
                0x10005fb0                dcd_edpt_open
 .text.dcd_edpt_close_all
                0x100060c4        0x8 CMakeFiles/week10_integration.dir/Users/metta/pico-sdk/lib/tinyusb/src/portable/raspberrypi/rp2040/dcd_rp2040.c.o
                0x100060c4                dcd_edpt_close_all
 .text.dcd_edpt_xfer
                0x100060cc       0x24 CMakeFiles/week10_integration.dir/Users/metta/pico-sdk/lib/tinyusb/src/portable/raspberrypi/rp2040/dcd_rp2040.c.o
                0x100060cc                dcd_edpt_xfer
 .text.dcd_edpt_stall
                0x100060f0       0x3c CMakeFiles/week10_integration.dir/Users/metta/pico-sdk/lib/tinyusb/src/portable/raspberrypi/rp2040/dcd_rp2040.c.o
                0x100060f0                dcd_edpt_stall
 .text.dcd_edpt_clear_stall
                0x1000612c       0x30 CMakeFiles/week10_integration.dir/Users/metta/pico-sdk/lib/tinyusb/src/portable/raspberrypi/rp2040/dcd_rp2040.c.o
                0x1000612c                dcd_edpt_clear_stall
 .text.rp2040_usb_init
                0x1000615c       0x40 CMakeFiles/week10_integration.dir/Users/metta/pico-sdk/lib/tinyusb/src/portable/raspberrypi/rp2040/rp2040_usb.c.o
                0x1000615c                rp2040_usb_init
 .text.hw_endpoint_xfer_start
                0x1000619c       0x40 CMakeFiles/week10_integration.dir/Users/metta/pico-sdk/lib/tinyusb/src/portable/raspberrypi/rp2040/rp2040_usb.c.o
                0x1000619c                hw_endpoint_xfer_start
 .text.tud_event_hook_cb
                0x100061dc        0x4 CMakeFiles/week10_integration.dir/Users/metta/pico-sdk/lib/tinyusb/src/device/usbd.c.o
                0x100061dc                tud_event_hook_cb
 .text.tud_sof_cb
                0x100061e0        0x4 CMakeFiles/week10_integration.dir/Users/metta/pico-sdk/lib/tinyusb/src/device/usbd.c.o
                0x100061e0                tud_sof_cb
 .text.tud_descriptor_device_qualifier_cb
                0x100061e4        0x4 CMakeFiles/week10_integration.dir/Users/metta/pico-sdk/lib/tinyusb/src/device/usbd.c.o
                0x100061e4                tud_descriptor_device_qualifier_cb
 .text.tud_descriptor_other_speed_configuration_cb
                0x100061e8        0x4 CMakeFiles/week10_integration.dir/Users/metta/pico-sdk/lib/tinyusb/src/device/usbd.c.o
                0x100061e8                tud_descriptor_other_speed_configuration_cb
 .text.tud_mount_cb
                0x100061ec        0x4 CMakeFiles/week10_integration.dir/Users/metta/pico-sdk/lib/tinyusb/src/device/usbd.c.o
                0x100061ec                tud_mount_cb
 .text.tud_umount_cb
                0x100061f0        0x4 CMakeFiles/week10_integration.dir/Users/metta/pico-sdk/lib/tinyusb/src/device/usbd.c.o
                0x100061f0                tud_umount_cb
 .text.tud_suspend_cb
                0x100061f4        0x4 CMakeFiles/week10_integration.dir/Users/metta/pico-sdk/lib/tinyusb/src/device/usbd.c.o
                0x100061f4                tud_suspend_cb
 .text.tud_resume_cb
                0x100061f8        0x4 CMakeFiles/week10_integration.dir/Users/metta/pico-sdk/lib/tinyusb/src/device/usbd.c.o
                0x100061f8                tud_resume_cb
 .text.tud_mounted
                0x100061fc       0x10 CMakeFiles/week10_integration.dir/Users/metta/pico-sdk/lib/tinyusb/src/device/usbd.c.o
                0x100061fc                tud_mounted
 .text.tud_suspended
                0x1000620c       0x10 CMakeFiles/week10_integration.dir/Users/metta/pico-sdk/lib/tinyusb/src/device/usbd.c.o
                0x1000620c                tud_suspended
 .text.tud_rhport_init
                0x1000621c       0xf4 CMakeFiles/week10_integration.dir/Users/metta/pico-sdk/lib/tinyusb/src/device/usbd.c.o
                0x1000621c                tud_rhport_init
 .text.tud_task_ext
                0x10006310      0x800 CMakeFiles/week10_integration.dir/Users/metta/pico-sdk/lib/tinyusb/src/device/usbd.c.o
                0x10006310                tud_task_ext
 .text.usbd_open_edpt_pair
                0x10006b10       0x9c CMakeFiles/week10_integration.dir/Users/metta/pico-sdk/lib/tinyusb/src/device/usbd.c.o
                0x10006b10                usbd_open_edpt_pair
 .text.usbd_edpt_open
                0x10006bac       0x34 CMakeFiles/week10_integration.dir/Users/metta/pico-sdk/lib/tinyusb/src/device/usbd.c.o
                0x10006bac                usbd_edpt_open
 .text.usbd_edpt_claim
                0x10006be0       0x28 CMakeFiles/week10_integration.dir/Users/metta/pico-sdk/lib/tinyusb/src/device/usbd.c.o
                0x10006be0                usbd_edpt_claim
 .text.usbd_edpt_release
                0x10006c08       0x28 CMakeFiles/week10_integration.dir/Users/metta/pico-sdk/lib/tinyusb/src/device/usbd.c.o
                0x10006c08                usbd_edpt_release
 .text.usbd_edpt_xfer
                0x10006c30       0x4c CMakeFiles/week10_integration.dir/Users/metta/pico-sdk/lib/tinyusb/src/device/usbd.c.o
                0x10006c30                usbd_edpt_xfer
 .text.tud_control_status
                0x10006c7c       0x2c CMakeFiles/week10_integration.dir/Users/metta/pico-sdk/lib/tinyusb/src/device/usbd_control.c.o
                0x10006c7c                tud_control_status
 .text.tud_control_xfer
                0x10006ca8       0xa8 CMakeFiles/week10_integration.dir/Users/metta/pico-sdk/lib/tinyusb/src/device/usbd_control.c.o
                0x10006ca8                tud_control_xfer
 .text.usbd_control_reset
                0x10006d50       0x14 CMakeFiles/week10_integration.dir/Users/metta/pico-sdk/lib/tinyusb/src/device/usbd_control.c.o
                0x10006d50                usbd_control_reset
 .text.usbd_control_set_complete_callback
                0x10006d64        0xc CMakeFiles/week10_integration.dir/Users/metta/pico-sdk/lib/tinyusb/src/device/usbd_control.c.o
                0x10006d64                usbd_control_set_complete_callback
 .text.usbd_control_set_request
                0x10006d70       0x1c CMakeFiles/week10_integration.dir/Users/metta/pico-sdk/lib/tinyusb/src/device/usbd_control.c.o
                0x10006d70                usbd_control_set_request
 .text.usbd_control_xfer_cb
                0x10006d8c       0xec CMakeFiles/week10_integration.dir/Users/metta/pico-sdk/lib/tinyusb/src/device/usbd_control.c.o
                0x10006d8c                usbd_control_xfer_cb
 .text._prep_out_transaction.isra.0
                0x10006e78       0x6c CMakeFiles/week10_integration.dir/Users/metta/pico-sdk/lib/tinyusb/src/class/cdc/cdc_device.c.o
 .text.tud_cdc_n_connected
                0x10006ee4       0x2c CMakeFiles/week10_integration.dir/Users/metta/pico-sdk/lib/tinyusb/src/class/cdc/cdc_device.c.o
                0x10006ee4                tud_cdc_n_connected
 .text.tud_cdc_n_available
                0x10006f10       0x14 CMakeFiles/week10_integration.dir/Users/metta/pico-sdk/lib/tinyusb/src/class/cdc/cdc_device.c.o
                0x10006f10                tud_cdc_n_available
 .text.tud_cdc_n_read
                0x10006f24       0x88 CMakeFiles/week10_integration.dir/Users/metta/pico-sdk/lib/tinyusb/src/class/cdc/cdc_device.c.o
                0x10006f24                tud_cdc_n_read
 .text.tud_cdc_n_write_flush
                0x10006fac       0x74 CMakeFiles/week10_integration.dir/Users/metta/pico-sdk/lib/tinyusb/src/class/cdc/cdc_device.c.o
                0x10006fac                tud_cdc_n_write_flush
 .text.tud_cdc_n_write
                0x10007020       0x40 CMakeFiles/week10_integration.dir/Users/metta/pico-sdk/lib/tinyusb/src/class/cdc/cdc_device.c.o
                0x10007020                tud_cdc_n_write
 .text.tud_cdc_n_write_available
                0x10007060       0x14 CMakeFiles/week10_integration.dir/Users/metta/pico-sdk/lib/tinyusb/src/class/cdc/cdc_device.c.o
                0x10007060                tud_cdc_n_write_available
 .text.cdcd_init
                0x10007074       0x70 CMakeFiles/week10_integration.dir/Users/metta/pico-sdk/lib/tinyusb/src/class/cdc/cdc_device.c.o
                0x10007074                cdcd_init
 .text.cdcd_deinit
                0x100070e4       0x30 CMakeFiles/week10_integration.dir/Users/metta/pico-sdk/lib/tinyusb/src/class/cdc/cdc_device.c.o
                0x100070e4                cdcd_deinit
 .text.cdcd_reset
                0x10007114       0x4c CMakeFiles/week10_integration.dir/Users/metta/pico-sdk/lib/tinyusb/src/class/cdc/cdc_device.c.o
                0x10007114                cdcd_reset
 .text.cdcd_open
                0x10007160       0xa4 CMakeFiles/week10_integration.dir/Users/metta/pico-sdk/lib/tinyusb/src/class/cdc/cdc_device.c.o
                0x10007160                cdcd_open
 .text.cdcd_control_xfer_cb
                0x10007204       0xe8 CMakeFiles/week10_integration.dir/Users/metta/pico-sdk/lib/tinyusb/src/class/cdc/cdc_device.c.o
                0x10007204                cdcd_control_xfer_cb
 .text.cdcd_xfer_cb
                0x100072ec      0x100 CMakeFiles/week10_integration.dir/Users/metta/pico-sdk/lib/tinyusb/src/class/cdc/cdc_device.c.o
                0x100072ec                cdcd_xfer_cb
 .text.vendord_init
                0x100073ec       0x5c CMakeFiles/week10_integration.dir/Users/metta/pico-sdk/lib/tinyusb/src/class/vendor/vendor_device.c.o
                0x100073ec                vendord_init
 .text.vendord_deinit
                0x10007448       0x1c CMakeFiles/week10_integration.dir/Users/metta/pico-sdk/lib/tinyusb/src/class/vendor/vendor_device.c.o
                0x10007448                vendord_deinit
 .text.vendord_reset
                0x10007464       0x28 CMakeFiles/week10_integration.dir/Users/metta/pico-sdk/lib/tinyusb/src/class/vendor/vendor_device.c.o
                0x10007464                vendord_reset
 .text.vendord_open
                0x1000748c      0x120 CMakeFiles/week10_integration.dir/Users/metta/pico-sdk/lib/tinyusb/src/class/vendor/vendor_device.c.o
                0x1000748c                vendord_open
 .text.vendord_xfer_cb
                0x100075ac       0x9c CMakeFiles/week10_integration.dir/Users/metta/pico-sdk/lib/tinyusb/src/class/vendor/vendor_device.c.o
                0x100075ac                vendord_xfer_cb
 .text.tusb_rhport_init
                0x10007648       0x4c CMakeFiles/week10_integration.dir/Users/metta/pico-sdk/lib/tinyusb/src/tusb.c.o
                0x10007648                tusb_rhport_init
 .text.tu_edpt_claim
                0x10007694       0x50 CMakeFiles/week10_integration.dir/Users/metta/pico-sdk/lib/tinyusb/src/tusb.c.o
                0x10007694                tu_edpt_claim
 .text.tu_edpt_release
                0x100076e4       0x38 CMakeFiles/week10_integration.dir/Users/metta/pico-sdk/lib/tinyusb/src/tusb.c.o
                0x100076e4                tu_edpt_release
 .text.tu_edpt_validate
                0x1000771c       0x7c CMakeFiles/week10_integration.dir/Users/metta/pico-sdk/lib/tinyusb/src/tusb.c.o
                0x1000771c                tu_edpt_validate
 .text.tu_edpt_bind_driver
                0x10007798       0x34 CMakeFiles/week10_integration.dir/Users/metta/pico-sdk/lib/tinyusb/src/tusb.c.o
                0x10007798                tu_edpt_bind_driver
 .text.tu_edpt_stream_init
                0x100077cc       0x6c CMakeFiles/week10_integration.dir/Users/metta/pico-sdk/lib/tinyusb/src/tusb.c.o
                0x100077cc                tu_edpt_stream_init
 .text.tu_edpt_stream_deinit
                0x10007838        0x4 CMakeFiles/week10_integration.dir/Users/metta/pico-sdk/lib/tinyusb/src/tusb.c.o
                0x10007838                tu_edpt_stream_deinit
 .text.tu_edpt_stream_write_zlp_if_needed
                0x1000783c       0x68 CMakeFiles/week10_integration.dir/Users/metta/pico-sdk/lib/tinyusb/src/tusb.c.o
                0x1000783c                tu_edpt_stream_write_zlp_if_needed
 .text.tu_edpt_stream_write_xfer
                0x100078a4       0x68 CMakeFiles/week10_integration.dir/Users/metta/pico-sdk/lib/tinyusb/src/tusb.c.o
                0x100078a4                tu_edpt_stream_write_xfer
 .text.tu_edpt_stream_read_xfer
                0x1000790c       0xd8 CMakeFiles/week10_integration.dir/Users/metta/pico-sdk/lib/tinyusb/src/tusb.c.o
                0x1000790c                tu_edpt_stream_read_xfer
 .text.tu_fifo_config
                0x100079e4       0x6c CMakeFiles/week10_integration.dir/Users/metta/pico-sdk/lib/tinyusb/src/common/tusb_fifo.c.o
                0x100079e4                tu_fifo_config
 .text.tu_fifo_count
                0x10007a50       0x2c CMakeFiles/week10_integration.dir/Users/metta/pico-sdk/lib/tinyusb/src/common/tusb_fifo.c.o
                0x10007a50                tu_fifo_count
 .text.tu_fifo_empty
                0x10007a7c       0x10 CMakeFiles/week10_integration.dir/Users/metta/pico-sdk/lib/tinyusb/src/common/tusb_fifo.c.o
                0x10007a7c                tu_fifo_empty
 .text.tu_fifo_remaining
                0x10007a8c       0x2c CMakeFiles/week10_integration.dir/Users/metta/pico-sdk/lib/tinyusb/src/common/tusb_fifo.c.o
                0x10007a8c                tu_fifo_remaining
 .text.tu_fifo_read
                0x10007ab8       0x9c CMakeFiles/week10_integration.dir/Users/metta/pico-sdk/lib/tinyusb/src/common/tusb_fifo.c.o
                0x10007ab8                tu_fifo_read
 .text.tu_fifo_read_n
                0x10007b54       0xe8 CMakeFiles/week10_integration.dir/Users/metta/pico-sdk/lib/tinyusb/src/common/tusb_fifo.c.o
                0x10007b54                tu_fifo_read_n
 .text.tu_fifo_write
                0x10007c3c       0xa4 CMakeFiles/week10_integration.dir/Users/metta/pico-sdk/lib/tinyusb/src/common/tusb_fifo.c.o
                0x10007c3c                tu_fifo_write
 .text.tu_fifo_write_n
                0x10007ce0      0x168 CMakeFiles/week10_integration.dir/Users/metta/pico-sdk/lib/tinyusb/src/common/tusb_fifo.c.o
                0x10007ce0                tu_fifo_write_n
 .text.tu_fifo_clear
                0x10007e48       0x40 CMakeFiles/week10_integration.dir/Users/metta/pico-sdk/lib/tinyusb/src/common/tusb_fifo.c.o
                0x10007e48                tu_fifo_clear
 .text.tu_fifo_set_overwritable
                0x10007e88       0x48 CMakeFiles/week10_integration.dir/Users/metta/pico-sdk/lib/tinyusb/src/common/tusb_fifo.c.o
                0x10007e88                tu_fifo_set_overwritable
 .text.adc_init
                0x10007ed0       0x38 CMakeFiles/week10_integration.dir/Users/metta/pico-sdk/src/rp2_common/hardware_adc/adc.c.o
                0x10007ed0                adc_init
 .text.i2c_write_blocking_internal.constprop.0
                0x10007f08       0xf8 CMakeFiles/week10_integration.dir/Users/metta/pico-sdk/src/rp2_common/hardware_i2c/i2c.c.o
 .text.i2c_set_baudrate
                0x10008000       0xc0 CMakeFiles/week10_integration.dir/Users/metta/pico-sdk/src/rp2_common/hardware_i2c/i2c.c.o
                0x10008000                i2c_set_baudrate
 .text.i2c_init
                0x100080c0       0x50 CMakeFiles/week10_integration.dir/Users/metta/pico-sdk/src/rp2_common/hardware_i2c/i2c.c.o
                0x100080c0                i2c_init
 .text.i2c_write_blocking
                0x10008110       0x14 CMakeFiles/week10_integration.dir/Users/metta/pico-sdk/src/rp2_common/hardware_i2c/i2c.c.o
                0x10008110                i2c_write_blocking
 .text          0x10008124       0x88 /Applications/ArmGNUToolchain/14.3.rel1/arm-none-eabi/bin/../lib/gcc/arm-none-eabi/14.3.1/../../../../arm-none-eabi/lib/thumb/v6-m/nofp/libg.a(libc_a-strcmp.o)
                0x10008124                strcmp
 .text.strlen   0x100081ac       0x5c /Applications/ArmGNUToolchain/14.3.rel1/arm-none-eabi/bin/../lib/gcc/arm-none-eabi/14.3.1/../../../../arm-none-eabi/lib/thumb/v6-m/nofp/libg.a(libc_a-strlen-stub.o)
                0x100081ac                strlen
 *(.fini)
 .fini          0x10008208        0x4 /Applications/ArmGNUToolchain/14.3.rel1/arm-none-eabi/bin/../lib/gcc/arm-none-eabi/14.3.1/thumb/v6-m/nofp/crti.o
                0x10008208                _fini
 *fill*         0x1000820c        0x4 
 .fini.__stub   0x10008210       0xc0 linker stubs
 *crtbegin.o(.ctors)
 *crtbegin?.o(.ctors)
 *(EXCLUDE_FILE(*crtend.o *crtend?.o) .ctors)
 *(SORT_BY_NAME(.ctors.*))
 *(.ctors)
 *crtbegin.o(.dtors)
 *crtbegin?.o(.dtors)
 *(EXCLUDE_FILE(*crtend.o *crtend?.o) .dtors)
 *(SORT_BY_NAME(.dtors.*))
 *(.dtors)
                0x100082d0                        . = ALIGN (0x4)
                0x100082d0                        PROVIDE (__preinit_array_start = .)
 *(SORT_BY_NAME(.preinit_array.*))
 .preinit_array.00100
                0x100082d0        0x4 CMakeFiles/week10_integration.dir/Users/metta/pico-sdk/src/rp2_common/pico_runtime_init/runtime_init.c.o
                0x100082d0                __pre_init_runtime_init_early_resets
 .preinit_array.00101
                0x100082d4        0x4 CMakeFiles/week10_integration.dir/Users/metta/pico-sdk/src/rp2_common/pico_runtime_init/runtime_init.c.o
                0x100082d4                __pre_init_runtime_init_usb_power_down
 .preinit_array.00275
                0x100082d8        0x4 CMakeFiles/week10_integration.dir/Users/metta/pico-sdk/src/rp2_common/pico_bit_ops/bit_ops_aeabi.S.o
 .preinit_array.00300
                0x100082dc        0x4 CMakeFiles/week10_integration.dir/Users/metta/pico-sdk/src/rp2_common/pico_mem_ops/mem_ops_aeabi.S.o
 .preinit_array.00350
                0x100082e0        0x4 CMakeFiles/week10_integration.dir/Users/metta/pico-sdk/src/rp2_common/pico_double/double_aeabi_rp2040.S.o
 .preinit_array.00350
                0x100082e4        0x4 CMakeFiles/week10_integration.dir/Users/metta/pico-sdk/src/rp2_common/pico_float/float_aeabi_rp2040.S.o
 .preinit_array.00500
                0x100082e8        0x4 CMakeFiles/week10_integration.dir/Users/metta/pico-sdk/src/rp2_common/pico_runtime_init/runtime_init.c.o
                0x100082e8                __pre_init_runtime_init_clocks
 .preinit_array.00600
                0x100082ec        0x4 CMakeFiles/week10_integration.dir/Users/metta/pico-sdk/src/rp2_common/pico_runtime_init/runtime_init.c.o
                0x100082ec                __pre_init_runtime_init_post_clock_resets
 .preinit_array.00700
                0x100082f0        0x4 CMakeFiles/week10_integration.dir/Users/metta/pico-sdk/src/rp2_common/pico_runtime_init/runtime_init.c.o
                0x100082f0                __pre_init_runtime_init_rp2040_gpio_ie_disable
 .preinit_array.01000
                0x100082f4        0x4 CMakeFiles/week10_integration.dir/Users/metta/pico-sdk/src/rp2_common/pico_runtime_init/runtime_init.c.o
                0x100082f4                __pre_init_runtime_init_spin_locks_reset
 .preinit_array.01100
                0x100082f8        0x4 CMakeFiles/week10_integration.dir/Users/metta/pico-sdk/src/common/pico_sync/mutex.c.o
                0x100082f8                __pre_init_runtime_init_mutex
 .preinit_array.10080
                0x100082fc        0x4 CMakeFiles/week10_integration.dir/Users/metta/pico-sdk/src/rp2_common/pico_runtime_init/runtime_init.c.o
                0x100082fc                __pre_init_runtime_init_install_ram_vector_table
 .preinit_array.11000
                0x10008300        0x4 CMakeFiles/week10_integration.dir/Users/metta/pico-sdk/src/common/pico_time/time.c.o
                0x10008300                __pre_init_runtime_init_default_alarm_pool
 .preinit_array.YYYYY
                0x10008304        0x4 CMakeFiles/week10_integration.dir/Users/metta/pico-sdk/src/rp2_common/pico_runtime/runtime.c.o
                0x10008304                __pre_init_first_per_core_initializer
 .preinit_array.ZZZZZ.01200
                0x10008308        0x4 CMakeFiles/week10_integration.dir/Users/metta/pico-sdk/src/rp2_common/hardware_irq/irq.c.o
                0x10008308                __pre_init_runtime_init_per_core_irq_priorities
 *(.preinit_array)
                0x1000830c                        PROVIDE (__preinit_array_end = .)
                0x1000830c                        . = ALIGN (0x4)
                0x1000830c                        PROVIDE (__init_array_start = .)
 *(SORT_BY_NAME(.init_array.*))
 .init_array.01000
                0x1000830c        0x4 CMakeFiles/week10_integration.dir/Users/metta/pico-sdk/src/rp2_common/pico_unique_id/unique_id.c.o
 *(.init_array)
 .init_array    0x10008310        0x4 /Applications/ArmGNUToolchain/14.3.rel1/arm-none-eabi/bin/../lib/gcc/arm-none-eabi/14.3.1/thumb/v6-m/nofp/crtbegin.o
                0x10008314                        PROVIDE (__init_array_end = .)
                0x10008314                        . = ALIGN (0x4)
                [!provide]                        PROVIDE (__fini_array_start = .)
 *(SORT_BY_NAME(.fini_array.*))
 *(.fini_array)
                [!provide]                        PROVIDE (__fini_array_end = .)
 *(.eh_frame*)
 .eh_frame      0x10008314        0x0 /Applications/ArmGNUToolchain/14.3.rel1/arm-none-eabi/bin/../lib/gcc/arm-none-eabi/14.3.1/thumb/v6-m/nofp/crtbegin.o
                0x10008314                        . = ALIGN (0x4)

.glue_7         0x10008314        0x0
 .glue_7        0x10008314        0x0 linker stubs

.glue_7t        0x10008314        0x0
 .glue_7t       0x10008314        0x0 linker stubs

.vfp11_veneer   0x10008314        0x0
 .vfp11_veneer  0x10008314        0x0 linker stubs

.v4_bx          0x10008314        0x0
 .v4_bx         0x10008314        0x0 linker stubs

.iplt           0x10008314        0x0
 .iplt          0x10008314        0x0 /Applications/ArmGNUToolchain/14.3.rel1/arm-none-eabi/bin/../lib/gcc/arm-none-eabi/14.3.1/thumb/v6-m/nofp/crtbegin.o

.rodata         0x10008318      0x7cc
 *(EXCLUDE_FILE(*libm.a: *libc.a:*lib_a-mem*.o *libgcc.a:) .rodata*)
 .rodata.main.str1.4
                0x10008318      0x328 CMakeFiles/week10_integration.dir/main.c.o
                                0x182 (size before relaxing)
 .rodata.imu_init.str1.4
                0x10008640       0x18 CMakeFiles/week10_integration.dir/imu.c.o
 .rodata.panic.str1.4
                0x10008640       0x12 CMakeFiles/week10_integration.dir/Users/metta/pico-sdk/src/rp2_common/pico_platform_panic/panic.c.o
 .rodata.spin_lock_claim_unused.str1.4
                0x10008640       0x1b CMakeFiles/week10_integration.dir/Users/metta/pico-sdk/src/rp2_common/hardware_sync/sync.c.o
 .rodata.user_irq_claim_unused.str1.4
                0x10008640       0x1b CMakeFiles/week10_integration.dir/Users/metta/pico-sdk/src/rp2_common/hardware_irq/irq.c.o
 .rodata.timer_hardware_alarm_claim.str1.4
                0x10008640       0x22 CMakeFiles/week10_integration.dir/Users/metta/pico-sdk/src/rp2_common/hardware_timer/timer.c.o
 .rodata.hard_assertion_failure.str1.4
                0x10008640        0xc CMakeFiles/week10_integration.dir/Users/metta/pico-sdk/src/rp2_common/pico_runtime/runtime.c.o
 .rodata.missing_double_func_shim.str1.4
                0x10008640       0x18 CMakeFiles/week10_integration.dir/Users/metta/pico-sdk/src/rp2_common/pico_double/double_init_rom_rp2040.c.o
 .rodata.missing_float_func_shim.str1.4
                0x10008640        0x1 CMakeFiles/week10_integration.dir/Users/metta/pico-sdk/src/rp2_common/pico_float/float_init_rom_rp2040.c.o
 .rodata.str1.4
                0x10008640       0x48 CMakeFiles/week10_integration.dir/Users/metta/pico-sdk/src/rp2_common/pico_standard_binary_info/standard_binary_info.c.o
 .rodata.__bi_84
                0x10008640        0xc CMakeFiles/week10_integration.dir/Users/metta/pico-sdk/src/rp2_common/pico_standard_binary_info/standard_binary_info.c.o
 .rodata.__bi_78
                0x1000864c        0xc CMakeFiles/week10_integration.dir/Users/metta/pico-sdk/src/rp2_common/pico_standard_binary_info/standard_binary_info.c.o
 .rodata.__bi_54
                0x10008658        0xc CMakeFiles/week10_integration.dir/Users/metta/pico-sdk/src/rp2_common/pico_standard_binary_info/standard_binary_info.c.o
 .rodata.__bi_48
                0x10008664        0xc CMakeFiles/week10_integration.dir/Users/metta/pico-sdk/src/rp2_common/pico_standard_binary_info/standard_binary_info.c.o
 .rodata.__bi_42
                0x10008670        0xc CMakeFiles/week10_integration.dir/Users/metta/pico-sdk/src/rp2_common/pico_standard_binary_info/standard_binary_info.c.o
 .rodata.__bi_34
                0x1000867c        0xc CMakeFiles/week10_integration.dir/Users/metta/pico-sdk/src/rp2_common/pico_standard_binary_info/standard_binary_info.c.o
 .rodata.__bi_26
                0x10008688        0xc CMakeFiles/week10_integration.dir/Users/metta/pico-sdk/src/rp2_common/pico_standard_binary_info/standard_binary_info.c.o
 .rodata._ftoa.str1.4
                0x10008694       0x15 CMakeFiles/week10_integration.dir/Users/metta/pico-sdk/src/rp2_common/pico_printf/printf.c.o
 .rodata._vsnprintf
                0x10008694      0x19c CMakeFiles/week10_integration.dir/Users/metta/pico-sdk/src/rp2_common/pico_printf/printf.c.o
 .rodata.pow10.0
                0x10008830       0x50 CMakeFiles/week10_integration.dir/Users/metta/pico-sdk/src/rp2_common/pico_printf/printf.c.o
 .rodata.crlf_str.0
                0x10008880        0x2 CMakeFiles/week10_integration.dir/Users/metta/pico-sdk/src/rp2_common/pico_stdio/stdio.c.o
 *fill*         0x10008882        0x2 
 .rodata._resetd_driver
                0x10008884       0x20 CMakeFiles/week10_integration.dir/Users/metta/pico-sdk/src/rp2_common/pico_stdio_usb/reset_interface.c.o
 .rodata.desc_ms_os_20
                0x100088a4       0xa6 CMakeFiles/week10_integration.dir/Users/metta/pico-sdk/src/rp2_common/pico_stdio_usb/reset_interface.c.o
 *fill*         0x1000894a        0x2 
 .rodata.desc_bos
                0x1000894c       0x21 CMakeFiles/week10_integration.dir/Users/metta/pico-sdk/src/rp2_common/pico_stdio_usb/reset_interface.c.o
                0x1000894c                desc_bos
 .rodata.str1.4
                0x1000896d       0x13 CMakeFiles/week10_integration.dir/Users/metta/pico-sdk/src/rp2_common/pico_stdio_usb/stdio_usb.c.o
 *fill*         0x1000896d        0x3 
 .rodata.__bi_202.0
                0x10008970        0xc CMakeFiles/week10_integration.dir/Users/metta/pico-sdk/src/rp2_common/pico_stdio_usb/stdio_usb.c.o
 .rodata.str1.4
                0x1000897c       0x2a CMakeFiles/week10_integration.dir/Users/metta/pico-sdk/src/rp2_common/pico_stdio_usb/stdio_usb_descriptors.c.o
 .rodata.usbd_desc_str
                0x1000897c       0x18 CMakeFiles/week10_integration.dir/Users/metta/pico-sdk/src/rp2_common/pico_stdio_usb/stdio_usb_descriptors.c.o
 .rodata.usbd_desc_cfg
                0x10008994       0x54 CMakeFiles/week10_integration.dir/Users/metta/pico-sdk/src/rp2_common/pico_stdio_usb/stdio_usb_descriptors.c.o
 .rodata.usbd_desc_device
                0x100089e8       0x12 CMakeFiles/week10_integration.dir/Users/metta/pico-sdk/src/rp2_common/pico_stdio_usb/stdio_usb_descriptors.c.o
 .rodata.str1.4
                0x100089fa       0x14 CMakeFiles/week10_integration.dir/Users/metta/pico-sdk/lib/tinyusb/src/portable/raspberrypi/rp2040/dcd_rp2040.c.o
 .rodata.str1.4
                0x100089fa       0x48 CMakeFiles/week10_integration.dir/Users/metta/pico-sdk/lib/tinyusb/src/portable/raspberrypi/rp2040/rp2040_usb.c.o
 *fill*         0x100089fa        0x2 
 .rodata.tud_task_ext
                0x100089fc       0x8c CMakeFiles/week10_integration.dir/Users/metta/pico-sdk/lib/tinyusb/src/device/usbd.c.o
 .rodata        0x10008a88       0x1c CMakeFiles/week10_integration.dir/Users/metta/pico-sdk/lib/tinyusb/src/device/usbd.c.o
 .rodata._usbd_driver
                0x10008aa4       0x40 CMakeFiles/week10_integration.dir/Users/metta/pico-sdk/lib/tinyusb/src/device/usbd.c.o
                0x10008ae4                        . = ALIGN (0x4)
 *(SORT_BY_ALIGNMENT(SORT_BY_NAME(.flashdata*)))
                0x10008ae4                        . = ALIGN (0x4)

.ARM.extab
 *(.ARM.extab* .gnu.linkonce.armextab.*)
                0x10008ae4                        __exidx_start = .

.ARM.exidx
 *(.ARM.exidx* .gnu.linkonce.armexidx.*)
                0x10008ae4                        __exidx_end = .
                0x10008ae4                        . = ALIGN (0x4)
                0x10008ae4                        __binary_info_start = .

.binary_info    0x10008ae4       0x20
 *(.binary_info.keep.*)
 .binary_info.keep.__bi_ptr84
                0x10008ae4        0x4 CMakeFiles/week10_integration.dir/Users/metta/pico-sdk/src/rp2_common/pico_standard_binary_info/standard_binary_info.c.o
 .binary_info.keep.__bi_ptr78
                0x10008ae8        0x4 CMakeFiles/week10_integration.dir/Users/metta/pico-sdk/src/rp2_common/pico_standard_binary_info/standard_binary_info.c.o
 .binary_info.keep.__bi_ptr54
                0x10008aec        0x4 CMakeFiles/week10_integration.dir/Users/metta/pico-sdk/src/rp2_common/pico_standard_binary_info/standard_binary_info.c.o
 .binary_info.keep.__bi_ptr48
                0x10008af0        0x4 CMakeFiles/week10_integration.dir/Users/metta/pico-sdk/src/rp2_common/pico_standard_binary_info/standard_binary_info.c.o
 .binary_info.keep.__bi_ptr42
                0x10008af4        0x4 CMakeFiles/week10_integration.dir/Users/metta/pico-sdk/src/rp2_common/pico_standard_binary_info/standard_binary_info.c.o
 .binary_info.keep.__bi_ptr34
                0x10008af8        0x4 CMakeFiles/week10_integration.dir/Users/metta/pico-sdk/src/rp2_common/pico_standard_binary_info/standard_binary_info.c.o
 .binary_info.keep.__bi_ptr26
                0x10008afc        0x4 CMakeFiles/week10_integration.dir/Users/metta/pico-sdk/src/rp2_common/pico_standard_binary_info/standard_binary_info.c.o
 *(.binary_info.*)
 .binary_info.__bi_ptr202
                0x10008b00        0x4 CMakeFiles/week10_integration.dir/Users/metta/pico-sdk/src/rp2_common/pico_stdio_usb/stdio_usb.c.o
                0x10008b04                        __binary_info_end = .
                0x10008b04                        . = ALIGN (0x4)

.ram_vector_table
                0x20000000       0xc0
 *(.ram_vector_table)
 .ram_vector_table
                0x20000000       0xc0 CMakeFiles/week10_integration.dir/Users/metta/pico-sdk/src/rp2_common/pico_runtime_init/runtime_init.c.o
                0x20000000                ram_vector_table

.uninitialized_data
                0x200000c0        0x0
                0x200000c0                        . = ALIGN (0x4)
 *(.uninitialized_data*)

.data           0x200000c0      0xff8 load address 0x10008b04
                0x200000c0                        __data_start__ = .
 *(vtable)
 *(.time_critical*)
 .time_critical.mutex_try_enter
                0x200000c0       0x40 CMakeFiles/week10_integration.dir/Users/metta/pico-sdk/src/common/pico_sync/mutex.c.o
                0x200000c0                mutex_try_enter
 .time_critical.mutex_try_enter_block_until
                0x20000100       0x98 CMakeFiles/week10_integration.dir/Users/metta/pico-sdk/src/common/pico_sync/mutex.c.o
                0x20000100                mutex_try_enter_block_until
 .time_critical.mutex_enter_timeout_ms
                0x20000198       0x8c CMakeFiles/week10_integration.dir/Users/metta/pico-sdk/src/common/pico_sync/mutex.c.o
                0x20000198                mutex_enter_timeout_ms
 .time_critical.mutex_exit
                0x20000224       0x28 CMakeFiles/week10_integration.dir/Users/metta/pico-sdk/src/common/pico_sync/mutex.c.o
                0x20000224                mutex_exit
 .time_critical.flash_init_boot2_copyout
                0x2000024c       0x30 CMakeFiles/week10_integration.dir/Users/metta/pico-sdk/src/rp2_common/hardware_flash/flash.c.o
 .time_critical.flash_enable_xip_via_boot2
                0x2000027c        0xc CMakeFiles/week10_integration.dir/Users/metta/pico-sdk/src/rp2_common/hardware_flash/flash.c.o
 .time_critical.flash_save_hardware_state
                0x20000288       0x20 CMakeFiles/week10_integration.dir/Users/metta/pico-sdk/src/rp2_common/hardware_flash/flash.c.o
 .time_critical.flash_restore_hardware_state
                0x200002a8       0x20 CMakeFiles/week10_integration.dir/Users/metta/pico-sdk/src/rp2_common/hardware_flash/flash.c.o
 .time_critical.flash_cs_force
                0x200002c8       0x38 CMakeFiles/week10_integration.dir/Users/metta/pico-sdk/src/rp2_common/hardware_flash/flash.c.o
 .time_critical.flash_do_cmd
                0x20000300      0x13c CMakeFiles/week10_integration.dir/Users/metta/pico-sdk/src/rp2_common/hardware_flash/flash.c.o
                0x20000300                flash_do_cmd
 .time_critical.reset_non_control_endpoints
                0x2000043c       0x68 CMakeFiles/week10_integration.dir/Users/metta/pico-sdk/lib/tinyusb/src/portable/raspberrypi/rp2040/dcd_rp2040.c.o
 .time_critical.hw_handle_buff_status
                0x200004a4       0xa0 CMakeFiles/week10_integration.dir/Users/metta/pico-sdk/lib/tinyusb/src/portable/raspberrypi/rp2040/dcd_rp2040.c.o
 .time_critical.dcd_rp2040_irq
                0x20000544      0x548 CMakeFiles/week10_integration.dir/Users/metta/pico-sdk/lib/tinyusb/src/portable/raspberrypi/rp2040/dcd_rp2040.c.o
 .time_critical.prepare_ep_buffer
                0x20000a8c       0xc8 CMakeFiles/week10_integration.dir/Users/metta/pico-sdk/lib/tinyusb/src/portable/raspberrypi/rp2040/rp2040_usb.c.o
 .time_critical.sync_ep_buffer
                0x20000b54       0x9c CMakeFiles/week10_integration.dir/Users/metta/pico-sdk/lib/tinyusb/src/portable/raspberrypi/rp2040/rp2040_usb.c.o
 .time_critical._hw_endpoint_xfer_sync
                0x20000bf0       0x28 CMakeFiles/week10_integration.dir/Users/metta/pico-sdk/lib/tinyusb/src/portable/raspberrypi/rp2040/rp2040_usb.c.o
 .time_critical.e15_is_bulkin_ep
                0x20000c18       0x28 CMakeFiles/week10_integration.dir/Users/metta/pico-sdk/lib/tinyusb/src/portable/raspberrypi/rp2040/rp2040_usb.c.o
 .time_critical.e15_is_critical_frame_period
                0x20000c40       0x34 CMakeFiles/week10_integration.dir/Users/metta/pico-sdk/lib/tinyusb/src/portable/raspberrypi/rp2040/rp2040_usb.c.o
 .time_critical.hw_endpoint_reset_transfer
                0x20000c74        0xc CMakeFiles/week10_integration.dir/Users/metta/pico-sdk/lib/tinyusb/src/portable/raspberrypi/rp2040/rp2040_usb.c.o
                0x20000c74                hw_endpoint_reset_transfer
 .time_critical._hw_endpoint_buffer_control_update32
                0x20000c80       0x50 CMakeFiles/week10_integration.dir/Users/metta/pico-sdk/lib/tinyusb/src/portable/raspberrypi/rp2040/rp2040_usb.c.o
                0x20000c80                _hw_endpoint_buffer_control_update32
 .time_critical.hw_endpoint_start_next_buffer
                0x20000cd0       0x68 CMakeFiles/week10_integration.dir/Users/metta/pico-sdk/lib/tinyusb/src/portable/raspberrypi/rp2040/rp2040_usb.c.o
                0x20000cd0                hw_endpoint_start_next_buffer
 .time_critical.hw_endpoint_xfer_continue
                0x20000d38       0x40 CMakeFiles/week10_integration.dir/Users/metta/pico-sdk/lib/tinyusb/src/portable/raspberrypi/rp2040/rp2040_usb.c.o
                0x20000d38                hw_endpoint_xfer_continue
 .time_critical.tinyusb
                0x20000d78      0x1e4 CMakeFiles/week10_integration.dir/Users/metta/pico-sdk/lib/tinyusb/src/device/usbd.c.o
                0x20000d78                dcd_event_handler
 *(.text*)
 .text          0x20000f5c        0x4 /Applications/ArmGNUToolchain/14.3.rel1/arm-none-eabi/bin/../lib/gcc/arm-none-eabi/14.3.1/thumb/v6-m/nofp/libgcc.a(_dvmd_tls.o)
                0x20000f5c                __aeabi_ldiv0
                0x20000f5c                __aeabi_idiv0
 .text.__stub   0x20000f60       0x80 linker stubs
                0x20000fe0                        . = ALIGN (0x4)
 *(.rodata*)
                0x20000fe0                        . = ALIGN (0x4)
 *(.data*)
 .data.d0_prev  0x20000fe0        0x4 CMakeFiles/week10_integration.dir/main.c.o
 .data.enc_gpio
                0x20000fe4        0x8 CMakeFiles/week10_integration.dir/encoder.c.o
 .data.striped_spin_lock_num
                0x20000fec        0x1 CMakeFiles/week10_integration.dir/Users/metta/pico-sdk/src/rp2_common/hardware_sync/sync.c.o
 *fill*         0x20000fed        0x3 
 .data          0x20000ff0       0x48 CMakeFiles/week10_integration.dir/Users/metta/pico-sdk/src/rp2_common/hardware_irq/irq_handler_chain.S.o
                0x20000ff0                irq_handler_chain_slots
                0x20001020                irq_handler_chain_first_slot
                0x2000102a                irq_handler_chain_remove_tail
 .data.default_alarm_pool
                0x20001038       0x18 CMakeFiles/week10_integration.dir/Users/metta/pico-sdk/src/common/pico_time/time.c.o
 .data.aeabi_bits_funcs
                0x20001050       0x10 CMakeFiles/week10_integration.dir/Users/metta/pico-sdk/src/rp2_common/pico_bit_ops/bit_ops_aeabi.S.o
                0x20001050                aeabi_bits_funcs
                0x20001060                aeabi_bits_funcs_end
 .data.aeabi_mem_funcs
                0x20001060       0x10 CMakeFiles/week10_integration.dir/Users/metta/pico-sdk/src/rp2_common/pico_mem_ops/mem_ops_aeabi.S.o
                0x20001060                aeabi_mem_funcs
                0x20001070                aeabi_mem_funcs_end
 .data.stdio_usb
                0x20001070       0x18 CMakeFiles/week10_integration.dir/Users/metta/pico-sdk/src/rp2_common/pico_stdio_usb/stdio_usb.c.o
                0x20001070                stdio_usb
 .data._usbd_qdef
                0x20001088       0x1c CMakeFiles/week10_integration.dir/Users/metta/pico-sdk/lib/tinyusb/src/device/usbd.c.o
                0x20001088                _usbd_qdef
 .data._usbd_rhport
                0x200010a4        0x1 CMakeFiles/week10_integration.dir/Users/metta/pico-sdk/lib/tinyusb/src/device/usbd.c.o
 *fill*         0x200010a5        0x3 
 .data.i2c0_inst
                0x200010a8        0x8 CMakeFiles/week10_integration.dir/Users/metta/pico-sdk/src/rp2_common/hardware_i2c/i2c.c.o
                0x200010a8                i2c0_inst
                0x200010b0                        . = ALIGN (0x4)
 *(.after_data.*)
                0x200010b0                        . = ALIGN (0x4)
                0x200010b0                        PROVIDE (__mutex_array_start = .)
 *(SORT_BY_NAME(.mutex_array.*))
 *(.mutex_array)
 .mutex_array   0x200010b0        0x8 CMakeFiles/week10_integration.dir/Users/metta/pico-sdk/src/rp2_common/pico_stdio/stdio.c.o
                0x200010b8                        PROVIDE (__mutex_array_end = .)
                0x200010b8                        . = ALIGN (0x4)
 *(.jcr)
                0x200010b8                        . = ALIGN (0x4)

.tm_clone_table
                0x200010b8        0x0 load address 0x10009afc
 .tm_clone_table
                0x200010b8        0x0 /Applications/ArmGNUToolchain/14.3.rel1/arm-none-eabi/bin/../lib/gcc/arm-none-eabi/14.3.1/thumb/v6-m/nofp/crtbegin.o
 .tm_clone_table
                0x200010b8        0x0 /Applications/ArmGNUToolchain/14.3.rel1/arm-none-eabi/bin/../lib/gcc/arm-none-eabi/14.3.1/thumb/v6-m/nofp/crtend.o

.igot.plt       0x200010b8        0x0 load address 0x10009afc
 .igot.plt      0x200010b8        0x0 /Applications/ArmGNUToolchain/14.3.rel1/arm-none-eabi/bin/../lib/gcc/arm-none-eabi/14.3.1/thumb/v6-m/nofp/crtbegin.o

.tdata          0x200010b8        0x0 load address 0x10009afc
                0x200010b8                        . = ALIGN (0x4)
 *(.tdata .tdata.* .gnu.linkonce.td.*)
                0x200010b8                        __tdata_end = .
                0x200010b8                        PROVIDE (__data_end__ = .)
                0x10008b04                        __etext = LOADADDR (.data)

.tbss           0x200010b8        0x0 load address 0x10009afc
                0x200010b8                        . = ALIGN (0x4)
                0x200010b8                        __bss_start__ = .
                0x200010b8                        __tls_base = .
 *(.tbss .tbss.* .gnu.linkonce.tb.*)
 *(.tcommon)
                0x200010b8                        __tls_end = .

.bss            0x200010b8     0x107c load address 0x10009afc
                0x200010b8                        . = ALIGN (0x4)
                0x200010b8                        __tbss_end = .
 *(SORT_BY_ALIGNMENT(SORT_BY_NAME(.bss*)))
 .bss.black_start_us
                0x200010b8        0x8 CMakeFiles/week10_integration.dir/main.c.o
 .bss.black_width_us
                0x200010c0      0x100 CMakeFiles/week10_integration.dir/main.c.o
 .bss.d0_last_edge_us
                0x200011c0        0x8 CMakeFiles/week10_integration.dir/main.c.o
 .bss.default_alarm_pool_entries
                0x200011c8      0x180 CMakeFiles/week10_integration.dir/Users/metta/pico-sdk/src/common/pico_time/time.c.o
 .bss.enc_last_us
                0x20001348       0x10 CMakeFiles/week10_integration.dir/encoder.c.o
 .bss.last_avail_time.1
                0x20001358        0x8 CMakeFiles/week10_integration.dir/Users/metta/pico-sdk/src/rp2_common/pico_stdio_usb/stdio_usb.c.o
 .bss.pass_last_edge_us
                0x20001360        0x8 CMakeFiles/week10_integration.dir/main.c.o
 .bss.sd_table  0x20001368      0x100 CMakeFiles/week10_integration.dir/Users/metta/pico-sdk/src/rp2_common/pico_double/double_init_rom_rp2040.c.o
                0x20001368                sd_table
 .bss._app_driver
                0x20001468        0x4 CMakeFiles/week10_integration.dir/Users/metta/pico-sdk/lib/tinyusb/src/device/usbd.c.o
 .bss._cdcd_epbuf
                0x2000146c       0x80 CMakeFiles/week10_integration.dir/Users/metta/pico-sdk/lib/tinyusb/src/class/cdc/cdc_device.c.o
 .bss._cdcd_fifo_cfg
                0x200014ec        0x1 CMakeFiles/week10_integration.dir/Users/metta/pico-sdk/lib/tinyusb/src/class/cdc/cdc_device.c.o
 *fill*         0x200014ed        0x3 
 .bss._cdcd_itf
                0x200014f0       0xc8 CMakeFiles/week10_integration.dir/Users/metta/pico-sdk/lib/tinyusb/src/class/cdc/cdc_device.c.o
 .bss._ctrl_epbuf
                0x200015b8       0x40 CMakeFiles/week10_integration.dir/Users/metta/pico-sdk/lib/tinyusb/src/device/usbd_control.c.o
 .bss._ctrl_xfer
                0x200015f8       0x14 CMakeFiles/week10_integration.dir/Users/metta/pico-sdk/lib/tinyusb/src/device/usbd_control.c.o
 .bss._tusb_rhport_role
                0x2000160c        0x2 CMakeFiles/week10_integration.dir/Users/metta/pico-sdk/lib/tinyusb/src/tusb.c.o
                0x2000160c                _tusb_rhport_role
 *fill*         0x2000160e        0x2 
 .bss._ubsd_mutexdef
                0x20001610        0x8 CMakeFiles/week10_integration.dir/Users/metta/pico-sdk/lib/tinyusb/src/device/usbd.c.o
 .bss._usbd_dev
                0x20001618       0x54 CMakeFiles/week10_integration.dir/Users/metta/pico-sdk/lib/tinyusb/src/device/usbd.c.o
 .bss._usbd_mutex
                0x2000166c        0x4 CMakeFiles/week10_integration.dir/Users/metta/pico-sdk/lib/tinyusb/src/device/usbd.c.o
 .bss._usbd_q   0x20001670        0x4 CMakeFiles/week10_integration.dir/Users/metta/pico-sdk/lib/tinyusb/src/device/usbd.c.o
 .bss._usbd_qdef_buf
                0x20001674       0xc0 CMakeFiles/week10_integration.dir/Users/metta/pico-sdk/lib/tinyusb/src/device/usbd.c.o
                0x20001674                _usbd_qdef_buf
 .bss._vendord_epbuf
                0x20001734       0x80 CMakeFiles/week10_integration.dir/Users/metta/pico-sdk/lib/tinyusb/src/class/vendor/vendor_device.c.o
 .bss._vendord_itf
                0x200017b4      0x24c CMakeFiles/week10_integration.dir/Users/metta/pico-sdk/lib/tinyusb/src/class/vendor/vendor_device.c.o
 .bss.acc_black_us
                0x20001a00        0x4 CMakeFiles/week10_integration.dir/main.c.o
 .bss.acc_white_us
                0x20001a04        0x4 CMakeFiles/week10_integration.dir/main.c.o
 .bss.black_count
                0x20001a08        0x4 CMakeFiles/week10_integration.dir/main.c.o
 .bss.boot2_copyout
                0x20001a0c      0x100 CMakeFiles/week10_integration.dir/Users/metta/pico-sdk/src/rp2_common/hardware_flash/flash.c.o
 .bss.callbacks
                0x20001b0c        0x8 CMakeFiles/week10_integration.dir/Users/metta/pico-sdk/src/rp2_common/hardware_gpio/gpio.c.o
 .bss.chars_available_callback
                0x20001b14        0x4 CMakeFiles/week10_integration.dir/Users/metta/pico-sdk/src/rp2_common/pico_stdio_usb/stdio_usb.c.o
 .bss.chars_available_param
                0x20001b18        0x4 CMakeFiles/week10_integration.dir/Users/metta/pico-sdk/src/rp2_common/pico_stdio_usb/stdio_usb.c.o
 .bss.claimed   0x20001b1c        0x4 CMakeFiles/week10_integration.dir/Users/metta/pico-sdk/src/rp2_common/hardware_sync/sync.c.o
 .bss.claimed   0x20001b20        0x1 CMakeFiles/week10_integration.dir/Users/metta/pico-sdk/src/rp2_common/hardware_timer/timer.c.o
 *fill*         0x20001b21        0x3 
 .bss.configured_freq
                0x20001b24       0x28 CMakeFiles/week10_integration.dir/Users/metta/pico-sdk/src/rp2_common/hardware_clocks/clocks.c.o
 .bss.d0_age_ms
                0x20001b4c        0x4 CMakeFiles/week10_integration.dir/main.c.o
 .bss.desc_str.0
                0x20001b50       0x28 CMakeFiles/week10_integration.dir/Users/metta/pico-sdk/src/rp2_common/pico_stdio_usb/stdio_usb_descriptors.c.o
 .bss.drivers   0x20001b78        0x4 CMakeFiles/week10_integration.dir/Users/metta/pico-sdk/src/rp2_common/pico_stdio/stdio.c.o
 .bss.e15_last_sof
                0x20001b7c        0x4 CMakeFiles/week10_integration.dir/Users/metta/pico-sdk/lib/tinyusb/src/portable/raspberrypi/rp2040/rp2040_usb.c.o
                0x20001b7c                e15_last_sof
 .bss.enc_count
                0x20001b80        0x8 CMakeFiles/week10_integration.dir/encoder.c.o
 .bss.enc_period_us
                0x20001b88        0x8 CMakeFiles/week10_integration.dir/encoder.c.o
 .bss.filter    0x20001b90        0x4 CMakeFiles/week10_integration.dir/Users/metta/pico-sdk/src/rp2_common/pico_stdio/stdio.c.o
 .bss.hw_endpoints
                0x20001b94      0x400 CMakeFiles/week10_integration.dir/Users/metta/pico-sdk/lib/tinyusb/src/portable/raspberrypi/rp2040/dcd_rp2040.c.o
 .bss.ir_raw_ema
                0x20001f94        0x4 CMakeFiles/week10_integration.dir/main.c.o
 .bss.lazy_vsnprintf
                0x20001f98        0x4 CMakeFiles/week10_integration.dir/Users/metta/pico-sdk/src/rp2_common/pico_printf/printf.c.o
 .bss.left_cmd_pct
                0x20001f9c        0x4 CMakeFiles/week10_integration.dir/main.c.o
 .bss.lf_white_ms.0
                0x20001fa0        0x4 CMakeFiles/week10_integration.dir/main.c.o
 .bss.load_value
                0x20001fa4        0x4 CMakeFiles/week10_integration.dir/Users/metta/pico-sdk/src/rp2_common/hardware_watchdog/watchdog.c.o
 .bss.m1a       0x20001fa8        0x4 CMakeFiles/week10_integration.dir/motor.c.o
 .bss.m1b       0x20001fac        0x4 CMakeFiles/week10_integration.dir/motor.c.o
 .bss.m2a       0x20001fb0        0x4 CMakeFiles/week10_integration.dir/motor.c.o
 .bss.m2b       0x20001fb4        0x4 CMakeFiles/week10_integration.dir/motor.c.o
 .bss.next_buffer_ptr
                0x20001fb8        0x4 CMakeFiles/week10_integration.dir/Users/metta/pico-sdk/lib/tinyusb/src/portable/raspberrypi/rp2040/dcd_rp2040.c.o
 .bss.object.0  0x20001fbc       0x18 /Applications/ArmGNUToolchain/14.3.rel1/arm-none-eabi/bin/../lib/gcc/arm-none-eabi/14.3.1/thumb/v6-m/nofp/crtbegin.o
 .bss.one_shot_timer_crit_sec
                0x20001fd4        0x8 CMakeFiles/week10_integration.dir/Users/metta/pico-sdk/src/rp2_common/pico_stdio_usb/stdio_usb.c.o
 .bss.pools     0x20001fdc       0x10 CMakeFiles/week10_integration.dir/Users/metta/pico-sdk/src/common/pico_time/time.c.o
 .bss.prev_err_pd.1
                0x20001fec        0x4 CMakeFiles/week10_integration.dir/main.c.o
 .bss.raw_irq_mask
                0x20001ff0        0x8 CMakeFiles/week10_integration.dir/Users/metta/pico-sdk/src/rp2_common/hardware_gpio/gpio.c.o
 .bss.retrieved_id
                0x20001ff8        0x8 CMakeFiles/week10_integration.dir/Users/metta/pico-sdk/src/rp2_common/pico_unique_id/unique_id.c.o
 .bss.right_cmd_pct
                0x20002000        0x4 CMakeFiles/week10_integration.dir/main.c.o
 .bss.sf_clz_func
                0x20002004        0x4 CMakeFiles/week10_integration.dir/Users/metta/pico-sdk/src/rp2_common/pico_double/double_init_rom_rp2040.c.o
                0x20002004                sf_clz_func
 .bss.sf_table  0x20002008      0x100 CMakeFiles/week10_integration.dir/Users/metta/pico-sdk/src/rp2_common/pico_float/float_init_rom_rp2040.c.o
                0x20002008                sf_table
 .bss.sleep_notifier
                0x20002108        0x4 CMakeFiles/week10_integration.dir/Users/metta/pico-sdk/src/common/pico_time/time.c.o
 .bss.stdio_usb_mutex
                0x2000210c        0x8 CMakeFiles/week10_integration.dir/Users/metta/pico-sdk/src/rp2_common/pico_stdio_usb/stdio_usb.c.o
 .bss.u_filt    0x20002114        0x4 CMakeFiles/week10_integration.dir/main.c.o
 .bss.usbd_serial_str
                0x20002118       0x11 CMakeFiles/week10_integration.dir/Users/metta/pico-sdk/src/rp2_common/pico_stdio_usb/stdio_usb_descriptors.c.o
 .bss._app_driver_count
                0x20002129        0x1 CMakeFiles/week10_integration.dir/Users/metta/pico-sdk/lib/tinyusb/src/device/usbd.c.o
 .bss._sof_enable
                0x2000212a        0x1 CMakeFiles/week10_integration.dir/Users/metta/pico-sdk/lib/tinyusb/src/portable/raspberrypi/rp2040/dcd_rp2040.c.o
 .bss._usbd_queued_setup
                0x2000212b        0x1 CMakeFiles/week10_integration.dir/Users/metta/pico-sdk/lib/tinyusb/src/device/usbd.c.o
 .bss.adc_input
                0x2000212c        0x1 CMakeFiles/week10_integration.dir/line.c.o
 .bss.boot2_copyout_valid
                0x2000212d        0x1 CMakeFiles/week10_integration.dir/Users/metta/pico-sdk/src/rp2_common/hardware_flash/flash.c.o
 .bss.capturing
                0x2000212e        0x1 CMakeFiles/week10_integration.dir/main.c.o
 .bss.irq_handler_chain_free_slot_head
                0x2000212f        0x1 CMakeFiles/week10_integration.dir/Users/metta/pico-sdk/src/rp2_common/hardware_irq/irq.c.o
 .bss.itf_num   0x20002130        0x1 CMakeFiles/week10_integration.dir/Users/metta/pico-sdk/src/rp2_common/pico_stdio_usb/reset_interface.c.o
 .bss.low_priority_irq_num
                0x20002131        0x1 CMakeFiles/week10_integration.dir/Users/metta/pico-sdk/src/rp2_common/pico_stdio_usb/stdio_usb.c.o
 .bss.one_shot_timer_pending
                0x20002132        0x1 CMakeFiles/week10_integration.dir/Users/metta/pico-sdk/src/rp2_common/pico_stdio_usb/stdio_usb.c.o
 .bss.user_irq_claimed
                0x20002133        0x1 CMakeFiles/week10_integration.dir/Users/metta/pico-sdk/src/rp2_common/hardware_irq/irq.c.o
 *(COMMON)
                0x20002134                        . = ALIGN (0x4)
                0x20002134                        __bss_end__ = .

.heap           0x20002134      0x800 load address 0x10009afc
                0x20002134                        __end__ = .
                0x20002134                        end = __end__
 *(.heap*)
 .heap          0x20002134      0x800 CMakeFiles/week10_integration.dir/Users/metta/pico-sdk/src/rp2_common/pico_crt0/crt0.S.o
                0x20040000                        __HeapLimit = (ORIGIN (RAM) + LENGTH (RAM))

.scratch_x      0x20040000        0x0 load address 0x10009afc
                0x20040000                        __scratch_x_start__ = .
 *(.scratch_x.*)
                0x20040000                        . = ALIGN (0x4)
                0x20040000                        __scratch_x_end__ = .
                0x10009afc                        __scratch_x_source__ = LOADADDR (.scratch_x)

.scratch_y      0x20041000        0x0 load address 0x10009afc
                0x20041000                        __scratch_y_start__ = .
 *(.scratch_y.*)
                0x20041000                        . = ALIGN (0x4)
                0x20041000                        __scratch_y_end__ = .
                0x10009afc                        __scratch_y_source__ = LOADADDR (.scratch_y)

.stack1_dummy
 *(.stack1*)

.stack_dummy    0x20041000      0x800
 *(.stack*)
 .stack         0x20041000      0x800 CMakeFiles/week10_integration.dir/Users/metta/pico-sdk/src/rp2_common/pico_crt0/crt0.S.o

.rel.dyn        0x20041800        0x0
 .rel.iplt      0x20041800        0x0 /Applications/ArmGNUToolchain/14.3.rel1/arm-none-eabi/bin/../lib/gcc/arm-none-eabi/14.3.1/thumb/v6-m/nofp/crtbegin.o

.flash_end      0x10009afc        0x0
 *(.embedded_end_block*)
                0x10009afc                        PROVIDE (__flash_binary_end = .)
                0x20040000                        __StackLimit = (ORIGIN (RAM) + LENGTH (RAM))
                0x20041000                        __StackOneTop = (ORIGIN (SCRATCH_X) + LENGTH (SCRATCH_X))
                0x20042000                        __StackTop = (ORIGIN (SCRATCH_Y) + LENGTH (SCRATCH_Y))